cjpm : ld.lld: error: failed to write the output file: Permission denied
At line:1 char:165
+ ... \sa-code\core; cjpm test --no-color --filter "migration" 2>&1 | Out-F ...
+                    ~~~~~~~~~~~~~~~~~~~~~~~~~~~~~~~~~~~~~~~~~~~~~~
    + CategoryInfo          : NotSpecified: (ld.lld: error: ...rmission denied:String) [], RemoteException
    + FullyQualifiedErrorId : NativeCommandError
 
error: ""D:\\Program Files\\HuaWei\\Cangjie\\third_party\\llvm\\bin\\ld.lld.exe" "-o" "D:\\Project\\sa\\saai\\sa-code\\
core\\target\\release\\unittest_bin\\std.testrunner.exe" "--nxcompat" "--dynamicbase" "--high-entropy-va" "-m" "i386pep
" "-Bdynamic" "D:\\Program Files\\HuaWei\\Cangjie\\third_party\\mingw\\lib\\crt2.o" "D:\\Program Files\\HuaWei\\Cangjie
\\third_party\\mingw\\lib\\crtbegin.o" "-LD:\\Program Files\\HuaWei\\Cangjie\\third_party\\mingw\\lib\\" "-LD:\\Program
 Files\\HuaWei\\Cangjie\\lib\\windows_x86_64_cjnative" "-LD:\\Program Files\\HuaWei\\Cangjie\\runtime\\lib\\windows_x86
_64_cjnative" "-L/lib" "-L/x86_64-w64-mingw32/lib" "-LD:\\Program Files\\HuaWei\\Cangjie\\third_party\\mingw\\lib\\" "D
:\\Program Files\\HuaWei\\Cangjie\\lib\\windows_x86_64_cjnative\\section.o" "D:\\Program Files\\HuaWei\\Cangjie\\lib\\w
indows_x86_64_cjnative\\cjstart.o" "C:\\Users\\jingg\\AppData\\Local\\Temp\\cangjie-tmp-DLX1QCPAY988-6294849e\\std.test
runner.o" "--start-group" "-l:libcangjie-std-binary.a" "-l:libcangjie-std-collection.a" "-l:libcangjie-std-collection.c
oncurrent.a" "-l:libcangjie-std-convert.a" "-l:libcangjie-std-core.a" "-l:libcangjie-std-env.a" "-l:libcangjie-std-fs.a
" "-l:libcangjie-std-io.a" "-l:libcangjie-std-math.a" "-l:libcangjie-std-net.a" "-l:libcangjie-std-overflow.a" "-l:libc
angjie-std-process.a" "-l:libcangjie-std-random.a" "-l:libcangjie-std-regex.a" "-l:libcangjie-std-runtime.a" "-l:libcan
gjie-std-sort.a" "-l:libcangjie-std-sync.a" "-l:libcangjie-std-time.a" "-l:libcangjie-std-unicode.a" "-l:libcangjie-std
-unittest.a" "-l:libcangjie-std-unittest.common.a" "-l:libcangjie-std-unittest.diff.a" "-l:libcangjie-std-unittest.mock
.a" "-l:libcangjie-std-unittest.mock.internal.a" "-l:libcangjie-std-unittest.prop_test.a" "-l:libws2_32.a" "--end-group
" "-l:libcangjie-runtime.dll" "-lclang_rt-builtins" "-lboundscheck" "-lm" "-lmsvcrt" "-lmingw32" "-lmoldname" "-lmingwe
x" "-lmingw32" "-lmsvcrt" "-lpthread" "-ladvapi32" "-lshell32" "-luser32" "-lkernel32" "-lmingw32" "-lmoldname" "-lming
wex" "-lmsvcrt" "D:\\Program Files\\HuaWei\\Cangjie\\third_party\\mingw\\lib\\crtend.o" ": command failed with exit cod
e 1 (use -V to see invocation)
warning[0m: possibly confusing line terminator

  ==> D:\Project\sa\saai\sa-code\core\src\provider_enabled_test.cj:15:98:

   | 

15 |       return "{\"id\":\"${id}\",\"name\":\"显示名\",\"baseUrl\":\"https://api.example.com/v1\","

   |              ~                                                                                  ^ 

   |  ____________|

16 | |         + "\"protocol\":\"openai-completions\",\"credentialRef\":\"SA_KEY\","

   | |_________~ possibly confusing line terminator between '{\"id\":\"${id}\",\"name\":\"显示名\",\"baseUrl\":\"https://a
pi.example.com/v1\",' and '+'

   | 

   # note: this warning can be suppressed by setting the compiler option `-Woff parser`



warning[0m: possibly confusing line terminator

  ==> D:\Project\sa\saai\sa-code\core\src\provider_enabled_test.cj:16:78:

   | 

16 |           + "\"protocol\":\"openai-completions\",\"credentialRef\":\"SA_KEY\","

   |             ~                                                                  ^ 

   |  ___________|

17 | |         + "\"models\":[{\"id\":\"m-a\",\"name\":\"m-a\",\"contextWindow\":\"128k\",\"maxTokens\":\"4k\",\"image\
":false}]}"

   | |_________~ possibly confusing line terminator between '\"protocol\":\"openai-completions\",\"credentialRef\":\"SA
_KEY\",' and '+'

   | 

   # note: this warning can be suppressed by setting the compiler option `-Woff parser`



warning[0m: possibly confusing line terminator

  ==> D:\Project\sa\saai\sa-code\core\src\custom_model_registry_test.cj:16:96:

   | 

16 |       return "{\"id\":\"${id}\",\"name\":\"编程模型\",\"description\":\"\",\"enabled\":true,"

   |              ~                                                                               ^ 

   |  ____________|

17 | |         + "\"category\":\"coding\",\"requires\":[\"tools\",\"text-output\"],\"mode\":\"weighted\","

   | |_________~ possibly confusing line terminator between '{\"id\":\"${id}\",\"name\":\"编程模型\",\"description\":\"\",\
"enabled\":true,' and '+'

   | 

   # note: this warning can be suppressed by setting the compiler option `-Woff parser`



warning[0m: possibly confusing line terminator

  ==> D:\Project\sa\saai\sa-code\core\src\custom_model_registry_test.cj:17:100:

   | 

17 |           + "\"category\":\"coding\",\"requires\":[\"tools\",\"text-output\"],\"mode\":\"weighted\","

   |             ~                                                                                        ^ 

   |  ___________|

18 | |         + "\"bindings\":[${bindings}]}"

   | |_________~ possibly confusing line terminator between '\"category\":\"coding\",\"requires\":[\"tools\",\"text-out
put\"],\"mode\":\"weighted\",' and '+'

   | 

   # note: this warning can be suppressed by setting the compiler option `-Woff parser`



warning[0m: possibly confusing line terminator

  ==> D:\Project\sa\saai\sa-code\core\src\provider_capability_test.cj:18:98:

   | 

18 |       return "{\"id\":\"${id}\",\"name\":\"显示名\",\"baseUrl\":\"https://api.example.com/v1\","

   |              ~                                                                                  ^ 

   |  ____________|

19 | |         + "\"protocol\":\"openai-completions\",\"credentialRef\":\"SA_KEY\",\"models\":[{"

   | |_________~ possibly confusing line terminator between '{\"id\":\"${id}\",\"name\":\"显示名\",\"baseUrl\":\"https://a
pi.example.com/v1\",' and '+'

   | 

   # note: this warning can be suppressed by setting the compiler option `-Woff parser`



warning[0m: possibly confusing line terminator

  ==> D:\Project\sa\saai\sa-code\core\src\provider_capability_test.cj:19:91:

   | 

19 |           + "\"protocol\":\"openai-completions\",\"credentialRef\":\"SA_KEY\",\"models\":[{"

   |             ~                                                                               ^ 

   |  ___________|

20 | |         + "\"id\":\"${modelId}\",\"name\":\"${modelId}\",\"contextWindow\":\"128k\",\"maxTokens\":\"4k\","

   | |_________~ possibly confusing line terminator between '\"protocol\":\"openai-completions\",\"credentialRef\":\"SA
_KEY\",\"models\":[{' and '+'

   | 

   # note: this warning can be suppressed by setting the compiler option `-Woff parser`



warning[0m: possibly confusing line terminator

  ==> D:\Project\sa\saai\sa-code\core\src\provider_capability_test.cj:20:107:

   | 

20 |           + "\"id\":\"${modelId}\",\"name\":\"${modelId}\",\"contextWindow\":\"128k\",\"maxTokens\":\"4k\","

   |             ~                                                                                               ^ 

   |  ___________|

21 | |         + "\"image\":false,\"inputModalities\":[\"text\"],\"outputModalities\":[\"text\"],"

   | |_________~ possibly confusing line terminator between '\"id\":\"${modelId}\",\"name\":\"${modelId}\",\"contextWin
dow\":\"128k\",\"maxTokens\":\"4k\",' and '+'

   | 

   # note: this warning can be suppressed by setting the compiler option `-Woff parser`



warning[0m: possibly confusing line terminator

  ==> D:\Project\sa\saai\sa-code\core\src\provider_capability_test.cj:21:92:

   | 

21 |           + "\"image\":false,\"inputModalities\":[\"text\"],\"outputModalities\":[\"text\"],"

   |             ~                                                                                ^ 

   |  ___________|

22 | |         + "\"supports\":[\"tools\",\"stream\"],\"meterUnit\":\"token\",\"provenance\":\"provider-listed\","

   | |_________~ possibly confusing line terminator between '\"image\":false,\"inputModalities\":[\"text\"],\"outputMod
alities\":[\"text\"],' and '+'

   | 

   # note: this warning can be suppressed by setting the compiler option `-Woff parser`



warning[0m: possibly confusing line terminator

  ==> D:\Project\sa\saai\sa-code\core\src\custom_model_registry_test.cj:22:88:

   | 

22 |       return "{\"providerId\":\"${provider}\",\"modelId\":\"${model}\",\"enabled\":true,"

   |              ~                                                                           ^ 

   |  ____________|

23 | |         + "\"order\":${order},\"weight\":${weight},\"priceInMicro\":1000,\"priceOutMicro\":2000,\"priceCacheRead
Micro\":-1,\"priceCacheWriteMicro\":-1,\"priceVersion\":1,"

   | |_________~ possibly confusing line terminator between '{\"providerId\":\"${provider}\",\"modelId\":\"${model}\",\
"enabled\":true,' and '+'

   | 

   # note: this warning can be suppressed by setting the compiler option `-Woff parser`



warning[0m: possibly confusing line terminator

  ==> D:\Project\sa\saai\sa-code\core\src\provider_capability_test.cj:22:108:

   | 

22 |           + "\"supports\":[\"tools\",\"stream\"],\"meterUnit\":\"token\",\"provenance\":\"provider-listed\","

   |             ~                                                                                                ^ 

   |  ___________|

23 | |         + "\"availability\":\"available\"}]}"

   | |_________~ possibly confusing line terminator between '\"supports\":[\"tools\",\"stream\"],\"meterUnit\":\"token\
",\"provenance\":\"provider-listed\",' and '+'

   | 

   # note: this warning can be suppressed by setting the compiler option `-Woff parser`



warning[0m: possibly confusing line terminator

  ==> D:\Project\sa\saai\sa-code\core\src\custom_model_registry_test.cj:23:172:

   | 

23 |           + "\"order\":${order},\"weight\":${weight},\"priceInMicro\":1000,\"priceOutMicro\":2000,\"priceCacheRead
Micro\":-1,\"priceCacheWriteMicro\":-1,\"priceVersion\":1,"

   |             ~                                                                                                     
                                                           ^ 

   |  ___________|

24 | |         + "\"currency\":\"CNY\"}"

   | |_________~ possibly confusing line terminator between '\"order\":${order},\"weight\":${weight},\"priceInMicro\":1
000,\"priceOutMicro\":2000,\"priceCacheReadMicro\":-1,\"priceCacheWriteMicro\":-1,\"priceVersion\":1,' and '+'

   | 

   # note: this warning can be suppressed by setting the compiler option `-Woff parser`



warning[0m: possibly confusing line terminator

  ==> D:\Project\sa\saai\sa-code\core\src\upstream_pull_test.cj:24:97:

   | 

24 |       return "{\"id\":\"step\",\"name\":\"显示名\",\"baseUrl\":\"https://api.example.com/v1\","

   |              ~                                                                                 ^ 

   |  ____________|

25 | |         + "\"protocol\":\"openai-completions\",\"credentialRef\":\"SA_KEY\",\"models\":[${models}]}"

   | |_________~ possibly confusing line terminator between '{\"id\":\"step\",\"name\":\"显示名\",\"baseUrl\":\"https://ap
i.example.com/v1\",' and '+'

   | 

   # note: this warning can be suppressed by setting the compiler option `-Woff parser`



warning[0m: possibly confusing line terminator

  ==> D:\Project\sa\saai\sa-code\core\src\custom_binding_test.cj:25:93:

   | 

25 |       let m = bdSpec("m-a", ",\"inputModalities\":[\"text\"],\"outputModalities\":[\"text\"],"

   |                             ~                                                                 ^ 

   |  ___________________________|

26 | |         + "\"supports\":[\"tools\",\"stream\"],\"meterUnit\":\"token\",\"provenance\":\"human-confirmed\","

   | |_________~ possibly confusing line terminator between ',\"inputModalities\":[\"text\"],\"outputModalities\":[\"te
xt\"],' and '+'

   | 

   # note: this warning can be suppressed by setting the compiler option `-Woff parser`



warning[0m: possibly confusing line terminator

  ==> D:\Project\sa\saai\sa-code\core\src\custom_binding_test.cj:26:108:

   | 

26 |           + "\"supports\":[\"tools\",\"stream\"],\"meterUnit\":\"token\",\"provenance\":\"human-confirmed\","

   |             ~                                                                                                ^ 

   |  ___________|

27 | |         + "\"availability\":\"available\"")

   | |_________~ possibly confusing line terminator between '\"supports\":[\"tools\",\"stream\"],\"meterUnit\":\"token\
",\"provenance\":\"human-confirmed\",' and '+'

   | 

   # note: this warning can be suppressed by setting the compiler option `-Woff parser`



warning[0m: possibly confusing line terminator

  ==> D:\Project\sa\saai\sa-code\core\src\custom_binding_test.cj:27:44:

   | 

27 |           + "\"availability\":\"available\"")

   |                                             ~^ 

   |  ___________________________________________|

28 | |         + "," + bdSpec("m-img", ",\"inputModalities\":[\"text\"],\"outputModalities\":[\"image\"],"

   | |_________~ possibly confusing line terminator between ')' and '+'

   | 

   # note: this warning can be suppressed by setting the compiler option `-Woff parser`



warning[0m: possibly confusing line terminator

  ==> D:\Project\sa\saai\sa-code\core\src\custom_import_test.cj:27:91:

   | 

27 |       let m = spec("m-a", ",\"inputModalities\":[\"text\"],\"outputModalities\":[\"text\"],"

   |                           ~                                                                 ^ 

   |  _________________________|

28 | |         + "\"supports\":[\"tools\",\"stream\"],\"meterUnit\":\"token\",\"availability\":\"available\"")

   | |_________~ possibly confusing line terminator between ',\"inputModalities\":[\"text\"],\"outputModalities\":[\"te
xt\"],' and '+'

   | 

   # note: this warning can be suppressed by setting the compiler option `-Woff parser`



warning[0m: possibly confusing line terminator

  ==> D:\Project\sa\saai\sa-code\core\src\custom_binding_test.cj:28:100:

   | 

28 |           + "," + bdSpec("m-img", ",\"inputModalities\":[\"text\"],\"outputModalities\":[\"image\"],"

   |                                   ~                                                                  ^ 

   |  _________________________________|

29 | |         + "\"supports\":[\"image-output\"],\"meterUnit\":\"image\",\"provenance\":\"human-confirmed\","

   | |_________~ possibly confusing line terminator between ',\"inputModalities\":[\"text\"],\"outputModalities\":[\"im
age\"],' and '+'

   | 

   # note: this warning can be suppressed by setting the compiler option `-Woff parser`



warning[0m: possibly confusing line terminator

  ==> D:\Project\sa\saai\sa-code\core\src\custom_import_test.cj:28:104:

   | 

28 |           + "\"supports\":[\"tools\",\"stream\"],\"meterUnit\":\"token\",\"availability\":\"available\"")

   |                                                                                                         ~^ 

   |  _______________________________________________________________________________________________________|

29 | |         + "," + spec("m-c", ",\"inputModalities\":[\"text\"],\"outputModalities\":[\"text\"],"

   | |_________~ possibly confusing line terminator between ')' and '+'

   | 

   # note: this warning can be suppressed by setting the compiler option `-Woff parser`



warning[0m: possibly confusing line terminator

  ==> D:\Project\sa\saai\sa-code\core\src\custom_import_test.cj:29:95:

   | 

29 |           + "," + spec("m-c", ",\"inputModalities\":[\"text\"],\"outputModalities\":[\"text\"],"

   |                               ~                                                                 ^ 

   |  _____________________________|

30 | |         + "\"supports\":[\"tools\",\"stream\"],\"meterUnit\":\"token\",\"availability\":\"available\"")

   | |_________~ possibly confusing line terminator between ',\"inputModalities\":[\"text\"],\"outputModalities\":[\"te
xt\"],' and '+'

   | 

   # note: this warning can be suppressed by setting the compiler option `-Woff parser`



warning[0m: possibly confusing line terminator

  ==> D:\Project\sa\saai\sa-code\core\src\custom_binding_test.cj:29:104:

   | 

29 |           + "\"supports\":[\"image-output\"],\"meterUnit\":\"image\",\"provenance\":\"human-confirmed\","

   |             ~                                                                                            ^ 

   |  ___________|

30 | |         + "\"availability\":\"available\"")

   | |_________~ possibly confusing line terminator between '\"supports\":[\"image-output\"],\"meterUnit\":\"image\",\"
provenance\":\"human-confirmed\",' and '+'

   | 

   # note: this warning can be suppressed by setting the compiler option `-Woff parser`



warning[0m: possibly confusing line terminator

  ==> D:\Project\sa\saai\sa-code\core\src\custom_binding_test.cj:30:44:

   | 

30 |           + "\"availability\":\"available\"")

   |                                             ~^ 

   |  ___________________________________________|

31 | |         + "," + bdSpec("m-old", "")

   | |_________~ possibly confusing line terminator between ')' and '+'

   | 

   # note: this warning can be suppressed by setting the compiler option `-Woff parser`



warning[0m: possibly confusing line terminator

  ==> D:\Project\sa\saai\sa-code\core\src\custom_import_test.cj:30:104:

   | 

30 |           + "\"supports\":[\"tools\",\"stream\"],\"meterUnit\":\"token\",\"availability\":\"available\"")

   |                                                                                                         ~^ 

   |  _______________________________________________________________________________________________________|

31 | |         + "," + spec("m-img", ",\"inputModalities\":[\"text\"],\"outputModalities\":[\"image\"],"

   | |_________~ possibly confusing line terminator between ')' and '+'

   | 

   # note: this warning can be suppressed by setting the compiler option `-Woff parser`



warning[0m: possibly confusing line terminator

  ==> D:\Project\sa\saai\sa-code\core\src\custom_binding_test.cj:31:36:

   | 

31 |           + "," + bdSpec("m-old", "")

   |                                     ~^ 

   |  ___________________________________|

32 | |         + "," + bdSpec("m-unknown-avail", ",\"inputModalities\":[\"text\"],\"outputModalities\":[\"text\"],"

   | |_________~ possibly confusing line terminator between ')' and '+'

   | 

   # note: this warning can be suppressed by setting the compiler option `-Woff parser`



warning[0m: possibly confusing line terminator

  ==> D:\Project\sa\saai\sa-code\core\src\custom_import_test.cj:31:98:

   | 

31 |           + "," + spec("m-img", ",\"inputModalities\":[\"text\"],\"outputModalities\":[\"image\"],"

   |                                 ~                                                                  ^ 

   |  _______________________________|

32 | |         + "\"supports\":[\"image-output\"],\"meterUnit\":\"image\",\"availability\":\"available\"")

   | |_________~ possibly confusing line terminator between ',\"inputModalities\":[\"text\"],\"outputModalities\":[\"im
age\"],' and '+'

   | 

   # note: this warning can be suppressed by setting the compiler option `-Woff parser`



warning[0m: possibly confusing line terminator

  ==> D:\Project\sa\saai\sa-code\core\src\custom_binding_test.cj:32:109:

   | 

32 |           + "," + bdSpec("m-unknown-avail", ",\"inputModalities\":[\"text\"],\"outputModalities\":[\"text\"],"

   |                                             ~                                                                 ^ 

   |  ___________________________________________|

33 | |         + "\"supports\":[\"tools\",\"stream\"],\"meterUnit\":\"token\",\"provenance\":\"provider-listed\"")

   | |_________~ possibly confusing line terminator between ',\"inputModalities\":[\"text\"],\"outputModalities\":[\"te
xt\"],' and '+'

   | 

   # note: this warning can be suppressed by setting the compiler option `-Woff parser`



warning[0m: possibly confusing line terminator

  ==> D:\Project\sa\saai\sa-code\core\src\custom_import_test.cj:34:94:

   | 

34 |           "{\"id\":\"step\",\"name\":\"显示名\",\"baseUrl\":\"https://api.example.com/v1\","

   |           ~                                                                                 ^ 

   |  _________|

35 | |         + "\"protocol\":\"openai-completions\",\"credentialRef\":\"SA_KEY\",\"models\":[${m}]}", -1)

   | |_________~ possibly confusing line terminator between '{\"id\":\"step\",\"name\":\"显示名\",\"baseUrl\":\"https://ap
i.example.com/v1\",' and '+'

   | 

   # note: this warning can be suppressed by setting the compiler option `-Woff parser`



warning[0m: possibly confusing line terminator

  ==> D:\Project\sa\saai\sa-code\core\src\custom_binding_test.cj:35:94:

   | 

35 |           "{\"id\":\"step\",\"name\":\"显示名\",\"baseUrl\":\"https://api.example.com/v1\","

   |           ~                                                                                 ^ 

   |  _________|

36 | |         + "\"protocol\":\"openai-completions\",\"credentialRef\":\"SA_KEY\",\"models\":[${m}]}", -1)

   | |_________~ possibly confusing line terminator between '{\"id\":\"step\",\"name\":\"显示名\",\"baseUrl\":\"https://ap
i.example.com/v1\",' and '+'

   | 

   # note: this warning can be suppressed by setting the compiler option `-Woff parser`



warning[0m: possibly confusing line terminator

  ==> D:\Project\sa\saai\sa-code\core\src\custom_import_test.cj:39:96:

   | 

39 |       return "{\"id\":\"${id}\",\"name\":\"编程模型\",\"description\":\"\",\"enabled\":true,"

   |              ~                                                                               ^ 

   |  ____________|

40 | |         + "\"category\":\"coding\",\"requires\":[\"tools\",\"text-output\"],\"mode\":\"weighted\","

   | |_________~ possibly confusing line terminator between '{\"id\":\"${id}\",\"name\":\"编程模型\",\"description\":\"\",\
"enabled\":true,' and '+'

   | 

   # note: this warning can be suppressed by setting the compiler option `-Woff parser`



warning[0m: possibly confusing line terminator

  ==> D:\Project\sa\saai\sa-code\core\src\custom_import_test.cj:40:100:

   | 

40 |           + "\"category\":\"coding\",\"requires\":[\"tools\",\"text-output\"],\"mode\":\"weighted\","

   |             ~                                                                                        ^ 

   |  ___________|

41 | |         + "\"bindings\":[${bindings}]}"

   | |_________~ possibly confusing line terminator between '\"category\":\"coding\",\"requires\":[\"tools\",\"text-out
put\"],\"mode\":\"weighted\",' and '+'

   | 

   # note: this warning can be suppressed by setting the compiler option `-Woff parser`



warning[0m: possibly confusing line terminator

  ==> D:\Project\sa\saai\sa-code\core\src\custom_import_test.cj:45:88:

   | 

45 |       return "{\"providerId\":\"${provider}\",\"modelId\":\"${model}\",\"enabled\":true,"

   |              ~                                                                           ^ 

   |  ____________|

46 | |         + "\"order\":${order},\"weight\":${weight},\"priceInMicro\":1000,\"priceOutMicro\":2000,\"priceCacheRead
Micro\":-1,\"priceCacheWriteMicro\":-1,\"priceVersion\":1,"

   | |_________~ possibly confusing line terminator between '{\"providerId\":\"${provider}\",\"modelId\":\"${model}\",\
"enabled\":true,' and '+'

   | 

   # note: this warning can be suppressed by setting the compiler option `-Woff parser`



warning[0m: possibly confusing line terminator

  ==> D:\Project\sa\saai\sa-code\core\src\custom_import_test.cj:46:172:

   | 

46 |           + "\"order\":${order},\"weight\":${weight},\"priceInMicro\":1000,\"priceOutMicro\":2000,\"priceCacheRead
Micro\":-1,\"priceCacheWriteMicro\":-1,\"priceVersion\":1,"

   |             ~                                                                                                     
                                                           ^ 

   |  ___________|

47 | |         + "\"currency\":\"CNY\"}"

   | |_________~ possibly confusing line terminator between '\"order\":${order},\"weight\":${weight},\"priceInMicro\":1
000,\"priceOutMicro\":2000,\"priceCacheReadMicro\":-1,\"priceCacheWriteMicro\":-1,\"priceVersion\":1,' and '+'

   | 

   # note: this warning can be suppressed by setting the compiler option `-Woff parser`



warning[0m: possibly confusing line terminator

  ==> D:\Project\sa\saai\sa-code\core\src\plugin_manifest_test.cj:59:99:

   | 

59 |       let text = "{\"name\":\"@local/sacode-tool-echo\",\"version\":\"1.2.3\",\"title\":\"回声\","

   |                  ~                                                                                ^ 

   |  ________________|

60 | |         + "\"description\":\"原样返回\",\"descriptionZhCN\":\"原样返回入参\","

   | |_________~ possibly confusing line terminator between '{\"name\":\"@local/sacode-tool-echo\",\"version\":\"1.2.3\
",\"title\":\"回声\",' and '+'

   | 

   # note: this warning can be suppressed by setting the compiler option `-Woff parser`



warning[0m: possibly confusing line terminator

  ==> D:\Project\sa\saai\sa-code\core\src\plugin_manifest_test.cj:60:89:

   | 

60 |           + "\"description\":\"原样返回\",\"descriptionZhCN\":\"原样返回入参\","

   |             ~                                                                   ^ 

   |  ___________|

61 | |         + "\"kind\":\"tool\",\"entry\":\"lib/index.cjs\",\"optional\":true,\"enabled\":false,"

   | |_________~ possibly confusing line terminator between '\"description\":\"原样返回\",\"descriptionZhCN\":\"原样返回入参\",' 
and '+'

   | 

   # note: this warning can be suppressed by setting the compiler option `-Woff parser`



warning[0m: possibly confusing line terminator

  ==> D:\Project\sa\saai\sa-code\core\src\plugin_manifest_test.cj:61:95:

   | 

61 |           + "\"kind\":\"tool\",\"entry\":\"lib/index.cjs\",\"optional\":true,\"enabled\":false,"

   |             ~                                                                                   ^ 

   |  ___________|

62 | |         + "\"order\":7,\"dependencies\":[\"@local/sacode-tool-base\"],"

   | |_________~ possibly confusing line terminator between '\"kind\":\"tool\",\"entry\":\"lib/index.cjs\",\"optional\"
:true,\"enabled\":false,' and '+'

   | 

   # note: this warning can be suppressed by setting the compiler option `-Woff parser`



warning[0m: possibly confusing line terminator

  ==> D:\Project\sa\saai\sa-code\core\src\plugin_manifest_test.cj:62:72:

   | 

62 |           + "\"order\":7,\"dependencies\":[\"@local/sacode-tool-base\"],"

   |             ~                                                            ^ 

   |  ___________|

63 | |         + "\"sacode\":{\"runtime\":\">=0.2.0\"},"

   | |_________~ possibly confusing line terminator between '\"order\":7,\"dependencies\":[\"@local/sacode-tool-base\"]
,' and '+'

   | 

   # note: this warning can be suppressed by setting the compiler option `-Woff parser`



warning[0m: possibly confusing line terminator

  ==> D:\Project\sa\saai\sa-code\core\src\plugin_manifest_test.cj:63:50:

   | 

63 |           + "\"sacode\":{\"runtime\":\">=0.2.0\"},"

   |             ~                                      ^ 

   |  ___________|

64 | |         + "\"tools\":[{\"name\":\"echo\",\"description\":\"原样返回 text\","

   | |_________~ possibly confusing line terminator between '\"sacode\":{\"runtime\":\">=0.2.0\"},' and '+'

   | 

   # note: this warning can be suppressed by setting the compiler option `-Woff parser`



warning[0m: possibly confusing line terminator

  ==> D:\Project\sa\saai\sa-code\core\src\plugin_manifest_test.cj:64:81:

   | 

64 |           + "\"tools\":[{\"name\":\"echo\",\"description\":\"原样返回 text\","

   |             ~                                                                 ^ 

   |  ___________|

65 | |         + "\"params\":\"{\\\"type\\\":\\\"object\\\",\\\"properties\\\":{\\\"text\\\":{\\\"type\\\":\\\"string\\
\"}}}\","

   | |_________~ possibly confusing line terminator between '\"tools\":[{\"name\":\"echo\",\"description\":\"原样返回 text\
",' and '+'

   | 

   # note: this warning can be suppressed by setting the compiler option `-Woff parser`



warning[0m: possibly confusing line terminator

  ==> D:\Project\sa\saai\sa-code\core\src\plugin_manifest_test.cj:65:122:

   | 

65 |           + "\"params\":\"{\\\"type\\\":\\\"object\\\",\\\"properties\\\":{\\\"text\\\":{\\\"type\\\":\\\"string\\
\"}}}\","

   |             ~                                                                                                     
         ^ 

   |  ___________|

66 | |         + "\"needsApproval\":true}]}"

   | |_________~ possibly confusing line terminator between '\"params\":\"{\\\"type\\\":\\\"object\\\",\\\"properties\\
\":{\\\"text\\\":{\\\"type\\\":\\\"string\\\"}}}\",' and '+'

   | 

   # note: this warning can be suppressed by setting the compiler option `-Woff parser`



warning[0m: possibly confusing line terminator

  ==> D:\Project\sa\saai\sa-code\core\src\provider_capability_test.cj:74:94:

   | 

74 |           "{\"id\":\"step\",\"name\":\"显示名\",\"baseUrl\":\"https://api.example.com/v1\","

   |           ~                                                                                 ^ 

   |  _________|

75 | |         + "\"protocol\":\"openai-completions\",\"credentialRef\":\"SA_KEY\","

   | |_________~ possibly confusing line terminator between '{\"id\":\"step\",\"name\":\"显示名\",\"baseUrl\":\"https://ap
i.example.com/v1\",' and '+'

   | 

   # note: this warning can be suppressed by setting the compiler option `-Woff parser`



warning[0m: possibly confusing line terminator

  ==> D:\Project\sa\saai\sa-code\core\src\provider_capability_test.cj:75:78:

   | 

75 |           + "\"protocol\":\"openai-completions\",\"credentialRef\":\"SA_KEY\","

   |             ~                                                                  ^ 

   |  ___________|

76 | |         + "\"models\":[{\"id\":\"m-a\",\"name\":\"m-a\",\"contextWindow\":\"128k\",\"maxTokens\":\"4k\",\"image\
":false}]}", -1)

   | |_________~ possibly confusing line terminator between '\"protocol\":\"openai-completions\",\"credentialRef\":\"SA
_KEY\",' and '+'

   | 

   # note: this warning can be suppressed by setting the compiler option `-Woff parser`



warning[0m: possibly confusing line terminator

  ==> D:\Project\sa\saai\sa-code\core\src\custom_model_registry_test.cj:91:98:

   | 

91 |               "\"params\":\"{\\\"temperature\\\":0.7}\",\"modalityBudget\":\"{\\\"image\\\":50}\","

   |               ~                                                                                    ^ 

   |  _____________|

92 | |             + "\"dailyTokens\":200000,\"maxOutputTokens\":8192,\"probeMaxPerDay\":5,\"bindings\"")

   | |_____________~ possibly confusing line terminator between '\"params\":\"{\\\"temperature\\\":0.7}\",\"modalityBud
get\":\"{\\\"image\\\":50}\",' and '+'

   | 

   # note: this warning can be suppressed by setting the compiler option `-Woff parser`



warning[0m: possibly confusing line terminator

   ==> D:\Project\sa\saai\sa-code\core\src\custom_binding_test.cj:164:96:

    | 

164 |       return "{\"id\":\"${id}\",\"name\":\"编程模型\",\"description\":\"\",\"enabled\":true,"

    |              ~                                                                               ^ 

    |  ____________|

165 | |         + "\"category\":\"coding\",\"requires\":[\"tools\",\"text-output\"],\"mode\":\"weighted\","

    | |_________~ possibly confusing line terminator between '{\"id\":\"${id}\",\"name\":\"编程模型\",\"description\":\"\",
\"enabled\":true,' and '+'

    | 

    # note: this warning can be suppressed by setting the compiler option `-Woff parser`



warning[0m: possibly confusing line terminator

   ==> D:\Project\sa\saai\sa-code\core\src\custom_binding_test.cj:165:100:

    | 

165 |           + "\"category\":\"coding\",\"requires\":[\"tools\",\"text-output\"],\"mode\":\"weighted\","

    |             ~                                                                                        ^ 

    |  ___________|

166 | |         + "\"bindings\":[${bindings}]}"

    | |_________~ possibly confusing line terminator between '\"category\":\"coding\",\"requires\":[\"tools\",\"text-ou
tput\"],\"mode\":\"weighted\",' and '+'

    | 

    # note: this warning can be suppressed by setting the compiler option `-Woff parser`



warning[0m: possibly confusing line terminator

   ==> D:\Project\sa\saai\sa-code\core\src\model_router_test.cj:169:92:

    | 

169 |           "{\"id\":\"code\",\"name\":\"编程模型\",\"description\":\"\",\"enabled\":true,"

    |           ~                                                                              ^ 

    |  _________|

170 | |         + "\"category\":\"coding\",\"requires\":[\"tools\"],\"mode\":\"round-robin\","

    | |_________~ possibly confusing line terminator between '{\"id\":\"code\",\"name\":\"编程模型\",\"description\":\"\",\
"enabled\":true,' and '+'

    | 

    # note: this warning can be suppressed by setting the compiler option `-Woff parser`



warning[0m: possibly confusing line terminator

   ==> D:\Project\sa\saai\sa-code\core\src\model_router_test.cj:170:87:

    | 

170 |           + "\"category\":\"coding\",\"requires\":[\"tools\"],\"mode\":\"round-robin\","

    |             ~                                                                           ^ 

    |  ___________|

171 | |         + "\"bindings\":[{\"providerId\":\"step\",\"modelId\":\"m-a\",\"enabled\":true,\"order\":0,\"weight\":1
,"

    | |_________~ possibly confusing line terminator between '\"category\":\"coding\",\"requires\":[\"tools\"],\"mode\"
:\"round-robin\",' and '+'

    | 

    # note: this warning can be suppressed by setting the compiler option `-Woff parser`



warning[0m: possibly confusing line terminator

   ==> D:\Project\sa\saai\sa-code\core\src\custom_binding_test.cj:170:88:

    | 

170 |       return "{\"providerId\":\"${provider}\",\"modelId\":\"${model}\",\"enabled\":true,"

    |              ~                                                                           ^ 

    |  ____________|

171 | |         + "\"order\":${order},\"weight\":${weight},\"priceInMicro\":1000,\"priceOutMicro\":2000,\"priceCacheRea
dMicro\":-1,\"priceCacheWriteMicro\":-1,\"priceVersion\":1,"

    | |_________~ possibly confusing line terminator between '{\"providerId\":\"${provider}\",\"modelId\":\"${model}\",
\"enabled\":true,' and '+'

    | 

    # note: this warning can be suppressed by setting the compiler option `-Woff parser`



warning[0m: possibly confusing line terminator

   ==> D:\Project\sa\saai\sa-code\core\src\model_router_test.cj:171:114:

    | 

171 |           + "\"bindings\":[{\"providerId\":\"step\",\"modelId\":\"m-a\",\"enabled\":true,\"order\":0,\"weight\":1
,"

    |             ~                                                                                                    
  ^ 

    |  ___________|

172 | |         + "\"priceInMicro\":-1,\"priceOutMicro\":-1,\"priceCacheReadMicro\":-1,\"priceCacheWriteMicro\":-1,"

    | |_________~ possibly confusing line terminator between '\"bindings\":[{\"providerId\":\"step\",\"modelId\":\"m-a\
",\"enabled\":true,\"order\":0,\"weight\":1,' and '+'

    | 

    # note: this warning can be suppressed by setting the compiler option `-Woff parser`



warning[0m: possibly confusing line terminator

   ==> D:\Project\sa\saai\sa-code\core\src\custom_binding_test.cj:171:172:

    | 

171 |           + "\"order\":${order},\"weight\":${weight},\"priceInMicro\":1000,\"priceOutMicro\":2000,\"priceCacheRea
dMicro\":-1,\"priceCacheWriteMicro\":-1,\"priceVersion\":1,"

    |             ~                                                                                                    
                                                            ^ 

    |  ___________|

172 | |         + "\"currency\":\"CNY\"}"

    | |_________~ possibly confusing line terminator between '\"order\":${order},\"weight\":${weight},\"priceInMicro\":
1000,\"priceOutMicro\":2000,\"priceCacheReadMicro\":-1,\"priceCacheWriteMicro\":-1,\"priceVersion\":1,' and '+'

    | 

    # note: this warning can be suppressed by setting the compiler option `-Woff parser`



warning[0m: possibly confusing line terminator

   ==> D:\Project\sa\saai\sa-code\core\src\model_router_test.cj:172:109:

    | 

172 |           + "\"priceInMicro\":-1,\"priceOutMicro\":-1,\"priceCacheReadMicro\":-1,\"priceCacheWriteMicro\":-1,"

    |             ~                                                                                                 ^ 

    |  ___________|

173 | |         + "\"priceVersion\":0,\"currency\":\"\"}]}", -1)

    | |_________~ possibly confusing line terminator between '\"priceInMicro\":-1,\"priceOutMicro\":-1,\"priceCacheRead
Micro\":-1,\"priceCacheWriteMicro\":-1,' and '+'

    | 

    # note: this warning can be suppressed by setting the compiler option `-Woff parser`



warning[0m: possibly confusing line terminator

   ==> D:\Project\sa\saai\sa-code\core\src\migration_pack_test.cj:372:89:

    | 

372 |       let json = "{\"id\":\"\",\"name\":\"Test\",\"baseUrl\":\"https://api.example.com\","

    |                  ~                                                                        ^ 

    |  ________________|

373 | |         + "\"protocol\":\"openai-completions\",\"credentialRef\":\"KEY\",\"declared\":true,"

    | |_________~ possibly confusing line terminator between '{\"id\":\"\",\"name\":\"Test\",\"baseUrl\":\"https://api.
example.com\",' and '+'

    | 

    # note: this warning can be suppressed by setting the compiler option `-Woff parser`



warning[0m: possibly confusing line terminator

   ==> D:\Project\sa\saai\sa-code\core\src\migration_pack_test.cj:373:93:

    | 

373 |           + "\"protocol\":\"openai-completions\",\"credentialRef\":\"KEY\",\"declared\":true,"

    |             ~                                                                                 ^ 

    |  ___________|

374 | |         + "\"sortOrder\":0,\"enabled\":true,\"transport\":\"direct\",\"models\":[]}"

    | |_________~ possibly confusing line terminator between '\"protocol\":\"openai-completions\",\"credentialRef\":\"K
EY\",\"declared\":true,' and '+'

    | 

    # note: this warning can be suppressed by setting the compiler option `-Woff parser`



warning[0m: possibly confusing line terminator

    | 

    |   /* 57.36 */    let text = "{\"name\":\"@local/sacode-tool-echo\",\"version\":\"1.2.3\",\"title\":\"回声\","

    |                             ~                                                                                ^ 

    |  ___________________________|

    | | /* 57.37 */    + "\"description\":\"原样返回\",\"descriptionZhCN\":\"原样返回入参\","

    | |________________~ possibly confusing line terminator between '{\"name\":\"@local/sacode-tool-echo\",\"version\":
\"1.2.3\",\"title\":\"回声\",' and '+'

    | 

    # note: this warning can be suppressed by setting the compiler option `-Woff parser`

note[0m: the code after the macro is expanded as follows

    | 

    |   /* 57.1 */@Attribute[TEST_GENERATED] class TestCase_pluginManifestReadsDeclaredToolsAndOptionalFields <: TestCl
ass {

    |  _^

    | | /* 57.2 */    init() {

    | | /* 57.3 */    }

    | | /* 57.4 */    private func classConfiguration(): Configuration {

    | | /* 57.5 */        let configuration = Configuration()

    | | /* 57.6 */        configuration.set(KeyFromTopLevel.fromTopLevel, true)

    | | /* 57.7 */        

    | | /* 57.8 */        return configuration

    | | /* 57.9 */    }

    | | /* 57.10 */    public override func asTestSuite(): TestSuite {

    | | /* 57.11 */        

    | | /* 57.12 */        let suiteConfiguration = classConfiguration()

    | | /* 57.13 */        let suiteBuilder = TestSuite.builder("TestCase_pluginManifestReadsDeclaredToolsAndOptionalFi
elds").configure(suiteConfiguration)

    | | /* 57.14 */        

    | | /* 57.15 */        { => let caseConfig = Configuration()

    | | /* 57.16 */            caseConfig.set(KeyFromTopLevel.fromTopLevel, true)

    | | /* 57.17 */            

    | | /* 57.18 */            let pluginManifestReadsDeclaredToolsAndOptionalFieldsTestFunc = { => pluginManifestReads
DeclaredToolsAndOptionalFields();() }

    | | /* 57.19 */            suiteBuilder.add(

    | | /* 57.20 */            UnitTestCase.create(

    | | /* 57.21 */            "pluginManifestReadsDeclaredToolsAndOptionalFields",

    | | /* 57.22 */            configuration: caseConfig,

    | | /* 57.23 */            body: pluginManifestReadsDeclaredToolsAndOptionalFieldsTestFunc

    | | /* 57.24 */            )

    | | /* 57.25 */            )

    | | /* 57.26 */            

    | | /* 57.27 */        }()

    | | /* 57.28 */        

    | | /* 57.29 */        return suiteBuilder.build()

    | | /* 57.30 */    }

    | | /* 57.31 */    private func inheritedFromClassAnnotatedByTestTemplate < T >(): TestSuite where T <: TestClass {

    | | /* 57.32 */        throw Exception("Unreachable code")

    | | /* 57.33 */    }

    | | /* 57.34 */}

    | | /* 57.35 */func pluginManifestReadsDeclaredToolsAndOptionalFields() {

    | | /* 57.36 */    let text = "{\"name\":\"@local/sacode-tool-echo\",\"version\":\"1.2.3\",\"title\":\"回声\","

    | | /* 57.37 */    + "\"description\":\"原样返回\",\"descriptionZhCN\":\"原样返回入参\","

    | | /* 57.38 */    + "\"kind\":\"tool\",\"entry\":\"lib/index.cjs\",\"optional\":true,\"enabled\":false,"

    | | /* 57.39 */    + "\"order\":7,\"dependencies\":[\"@local/sacode-tool-base\"],"

    | | /* 57.40 */    + "\"sacode\":{\"runtime\":\">=0.2.0\"},"

    | | /* 57.41 */    + "\"tools\":[{\"name\":\"echo\",\"description\":\"原样返回 text\","

    | | /* 57.42 */    + "\"params\":\"{\\\"type\\\":\\\"object\\\",\\\"properties\\\":{\\\"text\\\":{\\\"type\\\":\\\"
string\\\"}}}\","

    | | /* 57.43 */    + "\"needsApproval\":true}]}"

    | | /* 57.44 */    let manifest = parsePluginManifest(text)

    | | /* 57.45 */    expectEqual("manifest.title", "\"回声\"", manifest.title, "回声", isDelta: false,)

    | | /* 57.46 */    expectEqual("manifest.descriptionZhCN", "\"原样返回入参\"", manifest.descriptionZhCN, "原样返回入参", isDelt
a: false,)

    | | /* 57.47 */    expectEqual("manifest.entry", "\"lib/index.cjs\"", manifest.entry, "lib/index.cjs", isDelta: fal
se,)

    | | /* 57.48 */    expectEqual("manifest.optional", "true", manifest.optional, true, isDelta: false,)

    | | /* 57.49 */    expectEqual("manifest.enabled", "false", manifest.enabled, false, isDelta: false,)

    | | /* 57.50 */    expectEqual("manifest.order", "Int64(7)", manifest.order, Int64(7), isDelta: false,)

    | | /* 57.51 */    expectEqual("manifest.dependencies.size", "Int64(1)", manifest.dependencies.size, Int64(1), isDe
lta: false,)

    | | /* 57.52 */    expectEqual("manifest.dependencies[0]", "\"@local/sacode-tool-base\"", manifest.dependencies[0],
 "@local/sacode-tool-base", isDelta: false,)

    | | /* 57.53 */    expectEqual("manifest.runtimeRange", "\">=0.2.0\"", manifest.runtimeRange, ">=0.2.0", isDelta: f
alse,)

    | | /* 57.54 */    expectEqual("manifest.tools.size", "Int64(1)", manifest.tools.size, Int64(1), isDelta: false,)

    | | /* 57.55 */    expectEqual("manifest.tools[0].name", "\"echo\"", manifest.tools[0].name, "echo", isDelta: false
,)

    | | /* 57.56 */    expectEqual("manifest.tools[0].needsApproval", "true", manifest.tools[0].needsApproval, true, is
Delta: false,)

    | | /* 57.57 */    

    | | /* 57.58 */    expectEqual("manifest.tools[0].params.contains(\"\\\"text\\\"\")", "true", manifest.tools[0].par
ams.contains("\"text\""), true, isDelta: false,)

    | | /* 57.59 */}

    | | /* 57.60 */

    | | /* 57.61 */

    | | /* 57.62 */interface TestPackageExtension_TestCase_pluginManifestReadsDeclaredToolsAndOptionalFields {

    | | /* 57.63 */    func registerTestCase_pluginManifestReadsDeclaredToolsAndOptionalFields(): Unit

    | | /* 57.64 */}

    | | /* 57.65 */extend TestPackage <: TestPackageExtension_TestCase_pluginManifestReadsDeclaredToolsAndOptionalField
s {

    | | /* 57.66 */    @Attribute[TEST_REGISTER]

    | | /* 57.67 */    public func registerTestCase_pluginManifestReadsDeclaredToolsAndOptionalFields() {

    | | /* 57.68 */        registerSuite({ => TestCase_pluginManifestReadsDeclaredToolsAndOptionalFields().asTestSuite(
) })

    | | /* 57.69 */    }

    | | /* 57.70 */}

    | | /* 57.71 */

    | |___________^

    | 

note[0m: the warning occurs after the macro is expanded

  ==> D:\Project\sa\saai\sa-code\core\src\plugin_manifest_test.cj:57:1:

   | 

57 |   @Test

   |  _^

58 | | func pluginManifestReadsDeclaredToolsAndOptionalFields() {

   | | ...

82 | | }

   | |_^

   | 



warning[0m: possibly confusing line terminator

    | 

    |   /* 57.37 */    + "\"description\":\"原样返回\",\"descriptionZhCN\":\"原样返回入参\","

    |                    ~                                                                   ^ 

    |  __________________|

    | | /* 57.38 */    + "\"kind\":\"tool\",\"entry\":\"lib/index.cjs\",\"optional\":true,\"enabled\":false,"

    | |________________~ possibly confusing line terminator between '\"description\":\"原样返回\",\"descriptionZhCN\":\"原样返
回入参\",' and '+'

    | 

    # note: this warning can be suppressed by setting the compiler option `-Woff parser`

note[0m: the warning occurs after the macro is expanded

  ==> D:\Project\sa\saai\sa-code\core\src\plugin_manifest_test.cj:57:1:

   | 

57 |   @Test

   |  _^

58 | | func pluginManifestReadsDeclaredToolsAndOptionalFields() {

   | | ...

82 | | }

   | |_^

   | 



warning[0m: possibly confusing line terminator

    | 

    |   /* 57.38 */    + "\"kind\":\"tool\",\"entry\":\"lib/index.cjs\",\"optional\":true,\"enabled\":false,"

    |                    ~                                                                                   ^ 

    |  __________________|

    | | /* 57.39 */    + "\"order\":7,\"dependencies\":[\"@local/sacode-tool-base\"],"

    | |________________~ possibly confusing line terminator between '\"kind\":\"tool\",\"entry\":\"lib/index.cjs\",\"op
tional\":true,\"enabled\":false,' and '+'

    | 

    # note: this warning can be suppressed by setting the compiler option `-Woff parser`

note[0m: the warning occurs after the macro is expanded

  ==> D:\Project\sa\saai\sa-code\core\src\plugin_manifest_test.cj:57:1:

   | 

57 |   @Test

   |  _^

58 | | func pluginManifestReadsDeclaredToolsAndOptionalFields() {

   | | ...

82 | | }

   | |_^

   | 



warning[0m: possibly confusing line terminator

    | 

    |   /* 57.39 */    + "\"order\":7,\"dependencies\":[\"@local/sacode-tool-base\"],"

    |                    ~                                                            ^ 

    |  __________________|

    | | /* 57.40 */    + "\"sacode\":{\"runtime\":\">=0.2.0\"},"

    | |________________~ possibly confusing line terminator between '\"order\":7,\"dependencies\":[\"@local/sacode-tool
-base\"],' and '+'

    | 

    # note: this warning can be suppressed by setting the compiler option `-Woff parser`

note[0m: the warning occurs after the macro is expanded

  ==> D:\Project\sa\saai\sa-code\core\src\plugin_manifest_test.cj:57:1:

   | 

57 |   @Test

   |  _^

58 | | func pluginManifestReadsDeclaredToolsAndOptionalFields() {

   | | ...

82 | | }

   | |_^

   | 



warning[0m: possibly confusing line terminator

    | 

    |   /* 57.40 */    + "\"sacode\":{\"runtime\":\">=0.2.0\"},"

    |                    ~                                      ^ 

    |  __________________|

    | | /* 57.41 */    + "\"tools\":[{\"name\":\"echo\",\"description\":\"原样返回 text\","

    | |________________~ possibly confusing line terminator between '\"sacode\":{\"runtime\":\">=0.2.0\"},' and '+'

    | 

    # note: this warning can be suppressed by setting the compiler option `-Woff parser`

note[0m: the warning occurs after the macro is expanded

  ==> D:\Project\sa\saai\sa-code\core\src\plugin_manifest_test.cj:57:1:

   | 

57 |   @Test

   |  _^

58 | | func pluginManifestReadsDeclaredToolsAndOptionalFields() {

   | | ...

82 | | }

   | |_^

   | 



warning[0m: possibly confusing line terminator

    | 

    |   /* 57.41 */    + "\"tools\":[{\"name\":\"echo\",\"description\":\"原样返回 text\","

    |                    ~                                                                 ^ 

    |  __________________|

    | | /* 57.42 */    + "\"params\":\"{\\\"type\\\":\\\"object\\\",\\\"properties\\\":{\\\"text\\\":{\\\"type\\\":\\\"
string\\\"}}}\","

    | |________________~ possibly confusing line terminator between '\"tools\":[{\"name\":\"echo\",\"description\":\"原样
返回 text\",' and '+'

    | 

    # note: this warning can be suppressed by setting the compiler option `-Woff parser`

note[0m: the warning occurs after the macro is expanded

  ==> D:\Project\sa\saai\sa-code\core\src\plugin_manifest_test.cj:57:1:

   | 

57 |   @Test

   |  _^

58 | | func pluginManifestReadsDeclaredToolsAndOptionalFields() {

   | | ...

82 | | }

   | |_^

   | 



warning[0m: possibly confusing line terminator

    | 

    |   /* 57.42 */    + "\"params\":\"{\\\"type\\\":\\\"object\\\",\\\"properties\\\":{\\\"text\\\":{\\\"type\\\":\\\"
string\\\"}}}\","

    |                    ~                                                                                             
                 ^ 

    |  __________________|

    | | /* 57.43 */    + "\"needsApproval\":true}]}"

    | |________________~ possibly confusing line terminator between '\"params\":\"{\\\"type\\\":\\\"object\\\",\\\"prop
erties\\\":{\\\"text\\\":{\\\"type\\\":\\\"string\\\"}}}\",' and '+'

    | 

    # note: this warning can be suppressed by setting the compiler option `-Woff parser`

note[0m: the warning occurs after the macro is expanded

  ==> D:\Project\sa\saai\sa-code\core\src\plugin_manifest_test.cj:57:1:

   | 

57 |   @Test

   |  _^

58 | | func pluginManifestReadsDeclaredToolsAndOptionalFields() {

   | | ...

82 | | }

   | |_^

   | 



warning[0m: possibly confusing line terminator

    | 

    |   /* 69.39 */    "{\"id\":\"step\",\"name\":\"显示名\",\"baseUrl\":\"https://api.example.com/v1\","

    |                  ~                                                                                 ^ 

    |  ________________|

    | | /* 69.40 */    + "\"protocol\":\"openai-completions\",\"credentialRef\":\"SA_KEY\","

    | |________________~ possibly confusing line terminator between '{\"id\":\"step\",\"name\":\"显示名\",\"baseUrl\":\"ht
tps://api.example.com/v1\",' and '+'

    | 

    # note: this warning can be suppressed by setting the compiler option `-Woff parser`

note[0m: the code after the macro is expanded as follows

    | 

    |   /* 69.1 */@Attribute[TEST_GENERATED] class TestCase_legacyRecordWithoutCapabilitiesStillReplays <: TestClass {

    |  _^

    | | /* 69.2 */    init() {

    | | /* 69.3 */    }

    | | /* 69.4 */    private func classConfiguration(): Configuration {

    | | /* 69.5 */        let configuration = Configuration()

    | | /* 69.6 */        configuration.set(KeyFromTopLevel.fromTopLevel, true)

    | | /* 69.7 */        

    | | /* 69.8 */        return configuration

    | | /* 69.9 */    }

    | | /* 69.10 */    public override func asTestSuite(): TestSuite {

    | | /* 69.11 */        

    | | /* 69.12 */        let suiteConfiguration = classConfiguration()

    | | /* 69.13 */        let suiteBuilder = TestSuite.builder("TestCase_legacyRecordWithoutCapabilitiesStillReplays")
.configure(suiteConfiguration)

    | | /* 69.14 */        

    | | /* 69.15 */        { => let caseConfig = Configuration()

    | | /* 69.16 */            caseConfig.set(KeyFromTopLevel.fromTopLevel, true)

    | | /* 69.17 */            

    | | /* 69.18 */            let legacyRecordWithoutCapabilitiesStillReplaysTestFunc = { => legacyRecordWithoutCapabi
litiesStillReplays();() }

    | | /* 69.19 */            suiteBuilder.add(

    | | /* 69.20 */            UnitTestCase.create(

    | | /* 69.21 */            "legacyRecordWithoutCapabilitiesStillReplays",

    | | /* 69.22 */            configuration: caseConfig,

    | | /* 69.23 */            body: legacyRecordWithoutCapabilitiesStillReplaysTestFunc

    | | /* 69.24 */            )

    | | /* 69.25 */            )

    | | /* 69.26 */            

    | | /* 69.27 */        }()

    | | /* 69.28 */        

    | | /* 69.29 */        return suiteBuilder.build()

    | | /* 69.30 */    }

    | | /* 69.31 */    private func inheritedFromClassAnnotatedByTestTemplate < T >(): TestSuite where T <: TestClass {

    | | /* 69.32 */        throw Exception("Unreachable code")

    | | /* 69.33 */    }

    | | /* 69.34 */}

    | | /* 69.35 */func legacyRecordWithoutCapabilitiesStillReplays() {

    | | /* 69.36 */    capCleanup()

    | | /* 69.37 */    

    | | /* 69.38 */    ProviderRegistry(capFile).update(

    | | /* 69.39 */    "{\"id\":\"step\",\"name\":\"显示名\",\"baseUrl\":\"https://api.example.com/v1\","

    | | /* 69.40 */    + "\"protocol\":\"openai-completions\",\"credentialRef\":\"SA_KEY\","

    | | /* 69.41 */    + "\"models\":[{\"id\":\"m-a\",\"name\":\"m-a\",\"contextWindow\":\"128k\",\"maxTokens\":\"4k\",
\"image\":false}]}", - 1)

    | | /* 69.42 */    let spec = ProviderRegistry(capFile).describe().providers[0].models[0]

    | | /* 69.43 */    expectEqual("spec.meterUnit", "\"unknown\"", spec.meterUnit, "unknown", isDelta: false,)

    | | /* 69.44 */    expectEqual("spec.provenance", "\"unknown\"", spec.provenance, "unknown", isDelta: false,)

    | | /* 69.45 */    expectEqual("spec.availability", "\"unknown\"", spec.availability, "unknown", isDelta: false,)

    | | /* 69.46 */    expectEqual("spec.inputModalities.size", "Int64(0)", spec.inputModalities.size, Int64(0), isDelt
a: false,)

    | | /* 69.47 */    capCleanup()

    | | /* 69.48 */}

    | | /* 69.49 */

    | | /* 69.50 */

    | | /* 69.51 */interface TestPackageExtension_TestCase_legacyRecordWithoutCapabilitiesStillReplays {

    | | /* 69.52 */    func registerTestCase_legacyRecordWithoutCapabilitiesStillReplays(): Unit

    | | /* 69.53 */}

    | | /* 69.54 */extend TestPackage <: TestPackageExtension_TestCase_legacyRecordWithoutCapabilitiesStillReplays {

    | | /* 69.55 */    @Attribute[TEST_REGISTER]

    | | /* 69.56 */    public func registerTestCase_legacyRecordWithoutCapabilitiesStillReplays() {

    | | /* 69.57 */        registerSuite({ => TestCase_legacyRecordWithoutCapabilitiesStillReplays().asTestSuite() })

    | | /* 69.58 */    }

    | | /* 69.59 */}

    | | /* 69.60 */

    | |___________^

    | 

note[0m: the warning occurs after the macro is expanded

  ==> D:\Project\sa\saai\sa-code\core\src\provider_capability_test.cj:69:1:

   | 

69 |   @Test

   |  _^

70 | | func legacyRecordWithoutCapabilitiesStillReplays() {

   | | ...

83 | | }

   | |_^

   | 



warning[0m: possibly confusing line terminator

    | 

    |   /* 69.40 */    + "\"protocol\":\"openai-completions\",\"credentialRef\":\"SA_KEY\","

    |                    ~                                                                  ^ 

    |  __________________|

    | | /* 69.41 */    + "\"models\":[{\"id\":\"m-a\",\"name\":\"m-a\",\"contextWindow\":\"128k\",\"maxTokens\":\"4k\",
\"image\":false}]}", - 1)

    | |________________~ possibly confusing line terminator between '\"protocol\":\"openai-completions\",\"credentialRe
f\":\"SA_KEY\",' and '+'

    | 

    # note: this warning can be suppressed by setting the compiler option `-Woff parser`

note[0m: the warning occurs after the macro is expanded

  ==> D:\Project\sa\saai\sa-code\core\src\provider_capability_test.cj:69:1:

   | 

69 |   @Test

   |  _^

70 | | func legacyRecordWithoutCapabilitiesStillReplays() {

   | | ...

83 | | }

   | |_^

   | 



warning[0m: possibly confusing line terminator

    | 

    |   /* 86.39 */    "\"params\":\"{\\\"temperature\\\":0.7}\",\"modalityBudget\":\"{\\\"image\\\":50}\","

    |                  ~                                                                                    ^ 

    |  ________________|

    | | /* 86.40 */    + "\"dailyTokens\":200000,\"maxOutputTokens\":8192,\"probeMaxPerDay\":5,\"bindings\"")

    | |________________~ possibly confusing line terminator between '\"params\":\"{\\\"temperature\\\":0.7}\",\"modalit
yBudget\":\"{\\\"image\\\":50}\",' and '+'

    | 

    # note: this warning can be suppressed by setting the compiler option `-Woff parser`

note[0m: the code after the macro is expanded as follows

    | 

    |   /* 86.1 */@Attribute[TEST_GENERATED] class TestCase_paramsBudgetAndProbePolicySurviveReplay <: TestClass {

    |  _^

    | | /* 86.2 */    init() {

    | | /* 86.3 */    }

    | | /* 86.4 */    private func classConfiguration(): Configuration {

    | | /* 86.5 */        let configuration = Configuration()

    | | /* 86.6 */        configuration.set(KeyFromTopLevel.fromTopLevel, true)

    | | /* 86.7 */        

    | | /* 86.8 */        return configuration

    | | /* 86.9 */    }

    | | /* 86.10 */    public override func asTestSuite(): TestSuite {

    | | /* 86.11 */        

    | | /* 86.12 */        let suiteConfiguration = classConfiguration()

    | | /* 86.13 */        let suiteBuilder = TestSuite.builder("TestCase_paramsBudgetAndProbePolicySurviveReplay").con
figure(suiteConfiguration)

    | | /* 86.14 */        

    | | /* 86.15 */        { => let caseConfig = Configuration()

    | | /* 86.16 */            caseConfig.set(KeyFromTopLevel.fromTopLevel, true)

    | | /* 86.17 */            

    | | /* 86.18 */            let paramsBudgetAndProbePolicySurviveReplayTestFunc = { => paramsBudgetAndProbePolicySur
viveReplay();() }

    | | /* 86.19 */            suiteBuilder.add(

    | | /* 86.20 */            UnitTestCase.create(

    | | /* 86.21 */            "paramsBudgetAndProbePolicySurviveReplay",

    | | /* 86.22 */            configuration: caseConfig,

    | | /* 86.23 */            body: paramsBudgetAndProbePolicySurviveReplayTestFunc

    | | /* 86.24 */            )

    | | /* 86.25 */            )

    | | /* 86.26 */            

    | | /* 86.27 */        }()

    | | /* 86.28 */        

    | | /* 86.29 */        return suiteBuilder.build()

    | | /* 86.30 */    }

    | | /* 86.31 */    private func inheritedFromClassAnnotatedByTestTemplate < T >(): TestSuite where T <: TestClass {

    | | /* 86.32 */        throw Exception("Unreachable code")

    | | /* 86.33 */    }

    | | /* 86.34 */}

    | | /* 86.35 */func paramsBudgetAndProbePolicySurviveReplay() {

    | | /* 86.36 */    cmCleanup()

    | | /* 86.37 */    let draft = cmDraft("code", cmBinding("step", "m-a", 0, 1))

    | | /* 86.38 */    .replace("\"bindings\"",

    | | /* 86.39 */    "\"params\":\"{\\\"temperature\\\":0.7}\",\"modalityBudget\":\"{\\\"image\\\":50}\","

    | | /* 86.40 */    + "\"dailyTokens\":200000,\"maxOutputTokens\":8192,\"probeMaxPerDay\":5,\"bindings\"")

    | | /* 86.41 */    CustomModelRegistry(cmFile).upsert(draft, - 1)

    | | /* 86.42 */    let rec = CustomModelRegistry(cmFile).describe().models[0]

    | | /* 86.43 */    

    | | /* 86.44 */    expectEqual("rec.params", "\"{\\\"temperature\\\":0.7}\"", rec.params, "{\"temperature\":0.7}", 
isDelta: false,)

    | | /* 86.45 */    expectEqual("rec.modalityBudget", "\"{\\\"image\\\":50}\"", rec.modalityBudget, "{\"image\":50}"
, isDelta: false,)

    | | /* 86.46 */    expectEqual("rec.dailyTokens", "Int64(200000)", rec.dailyTokens, Int64(200000), isDelta: false,)

    | | /* 86.47 */    expectEqual("rec.maxOutputTokens", "Int64(8192)", rec.maxOutputTokens, Int64(8192), isDelta: fal
se,)

    | | /* 86.48 */    expectEqual("rec.probeMaxPerDay", "Int64(5)", rec.probeMaxPerDay, Int64(5), isDelta: false,)

    | | /* 86.49 */    cmCleanup()

    | | /* 86.50 */}

    | | /* 86.51 */

    | | /* 86.52 */

    | | /* 86.53 */interface TestPackageExtension_TestCase_paramsBudgetAndProbePolicySurviveReplay {

    | | /* 86.54 */    func registerTestCase_paramsBudgetAndProbePolicySurviveReplay(): Unit

    | | /* 86.55 */}

    | | /* 86.56 */extend TestPackage <: TestPackageExtension_TestCase_paramsBudgetAndProbePolicySurviveReplay {

    | | /* 86.57 */    @Attribute[TEST_REGISTER]

    | | /* 86.58 */    public func registerTestCase_paramsBudgetAndProbePolicySurviveReplay() {

    | | /* 86.59 */        registerSuite({ => TestCase_paramsBudgetAndProbePolicySurviveReplay().asTestSuite() })

    | | /* 86.60 */    }

    | | /* 86.61 */}

    | | /* 86.62 */

    | |___________^

    | 

note[0m: the warning occurs after the macro is expanded

   ==> D:\Project\sa\saai\sa-code\core\src\custom_model_registry_test.cj:86:1:

    | 

86  |   @Test

    |  _^

87  | | func paramsBudgetAndProbePolicySurviveReplay() {

    | | ...

102 | | }

    | |_^

    | 



warning[0m: possibly confusing line terminator

    | 

    |   /* 161.42 */    "{\"id\":\"code\",\"name\":\"编程模型\",\"description\":\"\",\"enabled\":true,"

    |                   ~                                                                              ^ 

    |  _________________|

    | | /* 161.43 */    + "\"category\":\"coding\",\"requires\":[\"tools\"],\"mode\":\"round-robin\","

    | |_________________~ possibly confusing line terminator between '{\"id\":\"code\",\"name\":\"编程模型\",\"description\
":\"\",\"enabled\":true,' and '+'

    | 

    # note: this warning can be suppressed by setting the compiler option `-Woff parser`

note[0m: the code after the macro is expanded as follows

    | 

    |   /* 161.1 */@Attribute[TEST_GENERATED] class TestCase_selectingNeverWritesToAnyDocument <: TestClass {

    |  _^

    | | /* 161.2 */    init() {

    | | /* 161.3 */    }

    | | /* 161.4 */    private func classConfiguration(): Configuration {

    | | /* 161.5 */        let configuration = Configuration()

    | | /* 161.6 */        configuration.set(KeyFromTopLevel.fromTopLevel, true)

    | | /* 161.7 */        

    | | /* 161.8 */        return configuration

    | | /* 161.9 */    }

    | | /* 161.10 */    public override func asTestSuite(): TestSuite {

    | | /* 161.11 */        

    | | /* 161.12 */        let suiteConfiguration = classConfiguration()

    | | /* 161.13 */        let suiteBuilder = TestSuite.builder("TestCase_selectingNeverWritesToAnyDocument").configur
e(suiteConfiguration)

    | | /* 161.14 */        

    | | /* 161.15 */        { => let caseConfig = Configuration()

    | | /* 161.16 */            caseConfig.set(KeyFromTopLevel.fromTopLevel, true)

    | | /* 161.17 */            

    | | /* 161.18 */            let selectingNeverWritesToAnyDocumentTestFunc = { => selectingNeverWritesToAnyDocument(
);() }

    | | /* 161.19 */            suiteBuilder.add(

    | | /* 161.20 */            UnitTestCase.create(

    | | /* 161.21 */            "selectingNeverWritesToAnyDocument",

    | | /* 161.22 */            configuration: caseConfig,

    | | /* 161.23 */            body: selectingNeverWritesToAnyDocumentTestFunc

    | | /* 161.24 */            )

    | | /* 161.25 */            )

    | | /* 161.26 */            

    | | /* 161.27 */        }()

    | | /* 161.28 */        

    | | /* 161.29 */        return suiteBuilder.build()

    | | /* 161.30 */    }

    | | /* 161.31 */    private func inheritedFromClassAnnotatedByTestTemplate < T >(): TestSuite where T <: TestClass 
{

    | | /* 161.32 */        throw Exception("Unreachable code")

    | | /* 161.33 */    }

    | | /* 161.34 */}

    | | /* 161.35 */func selectingNeverWritesToAnyDocument() {

    | | /* 161.36 */    let customsFile = "core-test-router-customs-nowrite.log"

    | | /* 161.37 */    let healthFile = "core-test-router-health-nowrite.log"

    | | /* 161.38 */    for(f in[customsFile, healthFile, "${customsFile}.lease", "${healthFile}.lease"]) {

    | | /* 161.39 */        if(exists(f)) { try { removeIfExists(f, recursive: false) } catch(e: Exception) { } }

    | | /* 161.40 */    }

    | | /* 161.41 */    CustomModelRegistry(customsFile).upsert(

    | | /* 161.42 */    "{\"id\":\"code\",\"name\":\"编程模型\",\"description\":\"\",\"enabled\":true,"

    | | /* 161.43 */    + "\"category\":\"coding\",\"requires\":[\"tools\"],\"mode\":\"round-robin\","

    | | /* 161.44 */    + "\"bindings\":[{\"providerId\":\"step\",\"modelId\":\"m-a\",\"enabled\":true,\"order\":0,\"we
ight\":1,"

    | | /* 161.45 */    + "\"priceInMicro\":-1,\"priceOutMicro\":-1,\"priceCacheReadMicro\":-1,\"priceCacheWriteMicro\"
:-1,"

    | | /* 161.46 */    + "\"priceVersion\":0,\"currency\":\"\"}]}", - 1)

    | | /* 161.47 */    RouteHealth(healthFile).recordFailure(RouteScope("step/m-a", "upstream"),

    | | /* 161.48 */    failureOf("http-status", true, status: 500), "effective", 1000)

    | | /* 161.49 */    let beforeCustoms = File.readFrom(customsFile)

    | | /* 161.50 */    let beforeHealth = File.readFrom(healthFile)

    | | /* 161.51 */    let customView = CustomModelRegistry(customsFile).describe()

    | | /* 161.52 */    let healthView = RouteHealth(healthFile).view()

    | | /* 161.53 */    let providers = mrProviderView([mrProvider("step", "SA_CODE_STEP_API_KEY", true,[mrSpec("m-a",[
"tools"], "available")])])

    | | /* 161.54 */    let creds = mrCreds(["SA_CODE_STEP_API_KEY"])

    | | /* 161.55 */    let cursor = Cursor()

    | | /* 161.56 */    var i = Int64(0)

    | | /* 161.57 */    while(i < 100) {

    | | /* 161.58 */        let out = route(RouteRequest("code",["tools"]), customView, providers, healthView, creds, m
rNoBudget(), cursor, 1000 + i)

    | | /* 161.59 */        expectEqual("out.decision.isSome()", "true", out.decision.isSome(), true, isDelta: false,)

    | | /* 161.60 */        i += 1

    | | /* 161.61 */    }

    | | /* 161.62 */    let afterCustoms = File.readFrom(customsFile)

    | | /* 161.63 */    let afterHealth = File.readFrom(healthFile)

    | | /* 161.64 */    expectEqual("beforeCustoms.size", "afterCustoms.size", beforeCustoms.size, afterCustoms.size, i
sDelta: false,)

    | | /* 161.65 */    expectEqual("beforeHealth.size", "afterHealth.size", beforeHealth.size, afterHealth.size, isDel
ta: false,)

    | | /* 161.66 */    i = 0

    | | /* 161.67 */    while(i < Int64(beforeCustoms.size)) {

    | | /* 161.68 */        expectEqual("beforeCustoms[i]", "afterCustoms[i]", beforeCustoms[i], afterCustoms[i], isDel
ta: false,)

    | | /* 161.69 */        i += 1

    | | /* 161.70 */    }

    | | /* 161.71 */    i = 0

    | | /* 161.72 */    while(i < Int64(beforeHealth.size)) {

    | | /* 161.73 */        expectEqual("beforeHealth[i]", "afterHealth[i]", beforeHealth[i], afterHealth[i], isDelta: 
false,)

    | | /* 161.74 */        i += 1

    | | /* 161.75 */    }

    | | /* 161.76 */    for(f in[customsFile, healthFile, "${customsFile}.lease", "${healthFile}.lease"]) {

    | | /* 161.77 */        if(exists(f)) { try { removeIfExists(f, recursive: false) } catch(e: Exception) { } }

    | | /* 161.78 */    }

    | | /* 161.79 */}

    | | /* 161.80 */

    | | /* 161.81 */

    | | /* 161.82 */interface TestPackageExtension_TestCase_selectingNeverWritesToAnyDocument {

    | | /* 161.83 */    func registerTestCase_selectingNeverWritesToAnyDocument(): Unit

    | | /* 161.84 */}

    | | /* 161.85 */extend TestPackage <: TestPackageExtension_TestCase_selectingNeverWritesToAnyDocument {

    | | /* 161.86 */    @Attribute[TEST_REGISTER]

    | | /* 161.87 */    public func registerTestCase_selectingNeverWritesToAnyDocument() {

    | | /* 161.88 */        registerSuite({ => TestCase_selectingNeverWritesToAnyDocument().asTestSuite() })

    | | /* 161.89 */    }

    | | /* 161.90 */}

    | | /* 161.91 */

    | |____________^

    | 

note[0m: the warning occurs after the macro is expanded

   ==> D:\Project\sa\saai\sa-code\core\src\model_router_test.cj:161:1:

    | 

161 |   @Test

    |  _^

162 | | func selectingNeverWritesToAnyDocument() {

    | | ...

206 | | }

    | |_^

    | 



warning[0m: possibly confusing line terminator

    | 

    |   /* 161.43 */    + "\"category\":\"coding\",\"requires\":[\"tools\"],\"mode\":\"round-robin\","

    |                     ~                                                                           ^ 

    |  ___________________|

    | | /* 161.44 */    + "\"bindings\":[{\"providerId\":\"step\",\"modelId\":\"m-a\",\"enabled\":true,\"order\":0,\"we
ight\":1,"

    | |_________________~ possibly confusing line terminator between '\"category\":\"coding\",\"requires\":[\"tools\"],
\"mode\":\"round-robin\",' and '+'

    | 

    # note: this warning can be suppressed by setting the compiler option `-Woff parser`

note[0m: the warning occurs after the macro is expanded

   ==> D:\Project\sa\saai\sa-code\core\src\model_router_test.cj:161:1:

    | 

161 |   @Test

    |  _^

162 | | func selectingNeverWritesToAnyDocument() {

    | | ...

206 | | }

    | |_^

    | 



warning[0m: possibly confusing line terminator

    | 

    |   /* 161.44 */    + "\"bindings\":[{\"providerId\":\"step\",\"modelId\":\"m-a\",\"enabled\":true,\"order\":0,\"we
ight\":1,"

    |                     ~                                                                                            
          ^ 

    |  ___________________|

    | | /* 161.45 */    + "\"priceInMicro\":-1,\"priceOutMicro\":-1,\"priceCacheReadMicro\":-1,\"priceCacheWriteMicro\"
:-1,"

    | |_________________~ possibly confusing line terminator between '\"bindings\":[{\"providerId\":\"step\",\"modelId\
":\"m-a\",\"enabled\":true,\"order\":0,\"weight\":1,' and '+'

    | 

    # note: this warning can be suppressed by setting the compiler option `-Woff parser`

note[0m: the warning occurs after the macro is expanded

   ==> D:\Project\sa\saai\sa-code\core\src\model_router_test.cj:161:1:

    | 

161 |   @Test

    |  _^

162 | | func selectingNeverWritesToAnyDocument() {

    | | ...

206 | | }

    | |_^

    | 



warning[0m: possibly confusing line terminator

    | 

    |   /* 161.45 */    + "\"priceInMicro\":-1,\"priceOutMicro\":-1,\"priceCacheReadMicro\":-1,\"priceCacheWriteMicro\"
:-1,"

    |                     ~                                                                                            
     ^ 

    |  ___________________|

    | | /* 161.46 */    + "\"priceVersion\":0,\"currency\":\"\"}]}", - 1)

    | |_________________~ possibly confusing line terminator between '\"priceInMicro\":-1,\"priceOutMicro\":-1,\"priceC
acheReadMicro\":-1,\"priceCacheWriteMicro\":-1,' and '+'

    | 

    # note: this warning can be suppressed by setting the compiler option `-Woff parser`

note[0m: the warning occurs after the macro is expanded

   ==> D:\Project\sa\saai\sa-code\core\src\model_router_test.cj:161:1:

    | 

161 |   @Test

    |  _^

162 | | func selectingNeverWritesToAnyDocument() {

    | | ...

206 | | }

    | |_^

    | 



warning[0m: possibly confusing line terminator

    | 

    |   /* 119.39 */        expectEqual("manifestCode(\"{\\\"name\\\":\\\"@local/x\\\",\\\"version\\\":\\\"0.1.0\\\",\\
\"entry\\\":\\\"index.cjs\\\",\" + \"\\\"tools\\\":[{\\\"name\\\":\\\"\${builtin}\\\",\\\"description\\\":\\\"d\\\"}]}\
")", "\"plugin-tool-shadowing\"", manifestCode("{\"name\":\"@local/x\",\"version\":\"0.1.0\",\"entry\":\"index.cjs\","

    |                                                                                                                  
                                                                                                                       
                                               ~                                                                      ^
 

    |  ________________________________________________________________________________________________________________
_______________________________________________________________________________________________________________________
_______________________________________________|

    | | /* 119.40 */        + "\"tools\":[{\"name\":\"${builtin}\",\"description\":\"d\"}]}"), "plugin-tool-shadowing",
 isDelta: false,)

    | |_____________________~ possibly confusing line terminator between '{\"name\":\"@local/x\",\"version\":\"0.1.0\",
\"entry\":\"index.cjs\",' and '+'

    | 

    # note: this warning can be suppressed by setting the compiler option `-Woff parser`

note[0m: the code after the macro is expanded as follows

    | 

    |   /* 119.1 */@Attribute[TEST_GENERATED] class TestCase_pluginManifestRejectsToolShadowingCoreName <: TestClass {

    |  _^

    | | /* 119.2 */    init() {

    | | /* 119.3 */    }

    | | /* 119.4 */    private func classConfiguration(): Configuration {

    | | /* 119.5 */        let configuration = Configuration()

    | | /* 119.6 */        configuration.set(KeyFromTopLevel.fromTopLevel, true)

    | | /* 119.7 */        

    | | /* 119.8 */        return configuration

    | | /* 119.9 */    }

    | | /* 119.10 */    public override func asTestSuite(): TestSuite {

    | | /* 119.11 */        

    | | /* 119.12 */        let suiteConfiguration = classConfiguration()

    | | /* 119.13 */        let suiteBuilder = TestSuite.builder("TestCase_pluginManifestRejectsToolShadowingCoreName")
.configure(suiteConfiguration)

    | | /* 119.14 */        

    | | /* 119.15 */        { => let caseConfig = Configuration()

    | | /* 119.16 */            caseConfig.set(KeyFromTopLevel.fromTopLevel, true)

    | | /* 119.17 */            

    | | /* 119.18 */            let pluginManifestRejectsToolShadowingCoreNameTestFunc = { => pluginManifestRejectsTool
ShadowingCoreName();() }

    | | /* 119.19 */            suiteBuilder.add(

    | | /* 119.20 */            UnitTestCase.create(

    | | /* 119.21 */            "pluginManifestRejectsToolShadowingCoreName",

    | | /* 119.22 */            configuration: caseConfig,

    | | /* 119.23 */            body: pluginManifestRejectsToolShadowingCoreNameTestFunc

    | | /* 119.24 */            )

    | | /* 119.25 */            )

    | | /* 119.26 */            

    | | /* 119.27 */        }()

    | | /* 119.28 */        

    | | /* 119.29 */        return suiteBuilder.build()

    | | /* 119.30 */    }

    | | /* 119.31 */    private func inheritedFromClassAnnotatedByTestTemplate < T >(): TestSuite where T <: TestClass 
{

    | | /* 119.32 */        throw Exception("Unreachable code")

    | | /* 119.33 */    }

    | | /* 119.34 */}

    | | /* 119.35 */func pluginManifestRejectsToolShadowingCoreName() {

    | | /* 119.36 */    

    | | /* 119.37 */    

    | | /* 119.38 */    for(builtin in["todo_write", "read", "write"]) {

    | | /* 119.39 */        expectEqual("manifestCode(\"{\\\"name\\\":\\\"@local/x\\\",\\\"version\\\":\\\"0.1.0\\\",\\
\"entry\\\":\\\"index.cjs\\\",\" + \"\\\"tools\\\":[{\\\"name\\\":\\\"\${builtin}\\\",\\\"description\\\":\\\"d\\\"}]}\
")", "\"plugin-tool-shadowing\"", manifestCode("{\"name\":\"@local/x\",\"version\":\"0.1.0\",\"entry\":\"index.cjs\","

    | | /* 119.40 */        + "\"tools\":[{\"name\":\"${builtin}\",\"description\":\"d\"}]}"), "plugin-tool-shadowing",
 isDelta: false,)

    | | /* 119.41 */    }

    | | /* 119.42 */    

    | | /* 119.43 */    expectEqual("manifestCode(\"{\\\"name\\\":\\\"@local/x\\\",\\\"version\\\":\\\"0.1.0\\\",\\\"en
try\\\":\\\"index.cjs\\\",\" + \"\\\"tools\\\":[{\\\"name\\\":\\\"echo\\\",\\\"description\\\":\\\"d\\\"}]}\")", "\"\""
, manifestCode("{\"name\":\"@local/x\",\"version\":\"0.1.0\",\"entry\":\"index.cjs\","

    | | /* 119.44 */    + "\"tools\":[{\"name\":\"echo\",\"description\":\"d\"}]}"), "", isDelta: false,)

    | | /* 119.45 */}

    | | /* 119.46 */

    | | /* 119.47 */

    | | /* 119.48 */interface TestPackageExtension_TestCase_pluginManifestRejectsToolShadowingCoreName {

    | | /* 119.49 */    func registerTestCase_pluginManifestRejectsToolShadowingCoreName(): Unit

    | | /* 119.50 */}

    | | /* 119.51 */extend TestPackage <: TestPackageExtension_TestCase_pluginManifestRejectsToolShadowingCoreName {

    | | /* 119.52 */    @Attribute[TEST_REGISTER]

    | | /* 119.53 */    public func registerTestCase_pluginManifestRejectsToolShadowingCoreName() {

    | | /* 119.54 */        registerSuite({ => TestCase_pluginManifestRejectsToolShadowingCoreName().asTestSuite() })

    | | /* 119.55 */    }

    | | /* 119.56 */}

    | | /* 119.57 */

    | |____________^

    | 

note[0m: the warning occurs after the macro is expanded

   ==> D:\Project\sa\saai\sa-code\core\src\plugin_manifest_test.cj:119:1:

    | 

119 |   @Test

    |  _^

120 | | func pluginManifestRejectsToolShadowingCoreName() {

    | | ...

130 | | }

    | |_^

    | 



warning[0m: possibly confusing line terminator

    | 

    |   /* 119.43 */    expectEqual("manifestCode(\"{\\\"name\\\":\\\"@local/x\\\",\\\"version\\\":\\\"0.1.0\\\",\\\"en
try\\\":\\\"index.cjs\\\",\" + \"\\\"tools\\\":[{\\\"name\\\":\\\"echo\\\",\\\"description\\\":\\\"d\\\"}]}\")", "\"\""
, manifestCode("{\"name\":\"@local/x\",\"version\":\"0.1.0\",\"entry\":\"index.cjs\","

    |                                                                                                                  
                                                                                                                       
               ~                                                                      ^ 

    |  ________________________________________________________________________________________________________________
_______________________________________________________________________________________________________________________
_______________|

    | | /* 119.44 */    + "\"tools\":[{\"name\":\"echo\",\"description\":\"d\"}]}"), "", isDelta: false,)

    | |_________________~ possibly confusing line terminator between '{\"name\":\"@local/x\",\"version\":\"0.1.0\",\"en
try\":\"index.cjs\",' and '+'

    | 

    # note: this warning can be suppressed by setting the compiler option `-Woff parser`

note[0m: the warning occurs after the macro is expanded

   ==> D:\Project\sa\saai\sa-code\core\src\plugin_manifest_test.cj:119:1:

    | 

119 |   @Test

    |  _^

120 | | func pluginManifestRejectsToolShadowingCoreName() {

    | | ...

130 | | }

    | |_^

    | 



warning[0m: possibly confusing line terminator

    | 

    |   /* 132.38 */        expectEqual("manifestCode(\"{\\\"name\\\":\\\"@local/x\\\",\\\"version\\\":\\\"0.1.0\\\",\\
\"entry\\\":\\\"index.cjs\\\",\" + \"\\\"\${forbidden}\\\":\\\"sk-live-should-never-land-here\\\"}\")", "\"plugin-rejec
ted\"", manifestCode("{\"name\":\"@local/x\",\"version\":\"0.1.0\",\"entry\":\"index.cjs\","

    |                                                                                                                  
                                                                                                                       
                     ~                                                                      ^ 

    |  ________________________________________________________________________________________________________________
_______________________________________________________________________________________________________________________
_____________________|

    | | /* 132.39 */        + "\"${forbidden}\":\"sk-live-should-never-land-here\"}"), "plugin-rejected", isDelta: fals
e,)

    | |_____________________~ possibly confusing line terminator between '{\"name\":\"@local/x\",\"version\":\"0.1.0\",
\"entry\":\"index.cjs\",' and '+'

    | 

    # note: this warning can be suppressed by setting the compiler option `-Woff parser`

note[0m: the code after the macro is expanded as follows

    | 

    |   /* 132.1 */@Attribute[TEST_GENERATED] class TestCase_pluginManifestRejectsSecretBearingField <: TestClass {

    |  _^

    | | /* 132.2 */    init() {

    | | /* 132.3 */    }

    | | /* 132.4 */    private func classConfiguration(): Configuration {

    | | /* 132.5 */        let configuration = Configuration()

    | | /* 132.6 */        configuration.set(KeyFromTopLevel.fromTopLevel, true)

    | | /* 132.7 */        

    | | /* 132.8 */        return configuration

    | | /* 132.9 */    }

    | | /* 132.10 */    public override func asTestSuite(): TestSuite {

    | | /* 132.11 */        

    | | /* 132.12 */        let suiteConfiguration = classConfiguration()

    | | /* 132.13 */        let suiteBuilder = TestSuite.builder("TestCase_pluginManifestRejectsSecretBearingField").co
nfigure(suiteConfiguration)

    | | /* 132.14 */        

    | | /* 132.15 */        { => let caseConfig = Configuration()

    | | /* 132.16 */            caseConfig.set(KeyFromTopLevel.fromTopLevel, true)

    | | /* 132.17 */            

    | | /* 132.18 */            let pluginManifestRejectsSecretBearingFieldTestFunc = { => pluginManifestRejectsSecretB
earingField();() }

    | | /* 132.19 */            suiteBuilder.add(

    | | /* 132.20 */            UnitTestCase.create(

    | | /* 132.21 */            "pluginManifestRejectsSecretBearingField",

    | | /* 132.22 */            configuration: caseConfig,

    | | /* 132.23 */            body: pluginManifestRejectsSecretBearingFieldTestFunc

    | | /* 132.24 */            )

    | | /* 132.25 */            )

    | | /* 132.26 */            

    | | /* 132.27 */        }()

    | | /* 132.28 */        

    | | /* 132.29 */        return suiteBuilder.build()

    | | /* 132.30 */    }

    | | /* 132.31 */    private func inheritedFromClassAnnotatedByTestTemplate < T >(): TestSuite where T <: TestClass 
{

    | | /* 132.32 */        throw Exception("Unreachable code")

    | | /* 132.33 */    }

    | | /* 132.34 */}

    | | /* 132.35 */func pluginManifestRejectsSecretBearingField() {

    | | /* 132.36 */    

    | | /* 132.37 */    for(forbidden in["apiKey", "api_key", "token", "secret", "password", "authorization"]) {

    | | /* 132.38 */        expectEqual("manifestCode(\"{\\\"name\\\":\\\"@local/x\\\",\\\"version\\\":\\\"0.1.0\\\",\\
\"entry\\\":\\\"index.cjs\\\",\" + \"\\\"\${forbidden}\\\":\\\"sk-live-should-never-land-here\\\"}\")", "\"plugin-rejec
ted\"", manifestCode("{\"name\":\"@local/x\",\"version\":\"0.1.0\",\"entry\":\"index.cjs\","

    | | /* 132.39 */        + "\"${forbidden}\":\"sk-live-should-never-land-here\"}"), "plugin-rejected", isDelta: fals
e,)

    | | /* 132.40 */    }

    | | /* 132.41 */    

    | | /* 132.42 */    expectEqual("manifestCode(\"{\\\"name\\\":\\\"@local/x\\\",\\\"version\\\":\\\"0.1.0\\\",\\\"en
try\\\":\\\"index.cjs\\\",\\\"apiKey\\\":null}\")", "\"\"", manifestCode("{\"name\":\"@local/x\",\"version\":\"0.1.0\",
\"entry\":\"index.cjs\",\"apiKey\":null}"), "", isDelta: false,)

    | | /* 132.43 */}

    | | /* 132.44 */

    | | /* 132.45 */

    | | /* 132.46 */interface TestPackageExtension_TestCase_pluginManifestRejectsSecretBearingField {

    | | /* 132.47 */    func registerTestCase_pluginManifestRejectsSecretBearingField(): Unit

    | | /* 132.48 */}

    | | /* 132.49 */extend TestPackage <: TestPackageExtension_TestCase_pluginManifestRejectsSecretBearingField {

    | | /* 132.50 */    @Attribute[TEST_REGISTER]

    | | /* 132.51 */    public func registerTestCase_pluginManifestRejectsSecretBearingField() {

    | | /* 132.52 */        registerSuite({ => TestCase_pluginManifestRejectsSecretBearingField().asTestSuite() })

    | | /* 132.53 */    }

    | | /* 132.54 */}

    | | /* 132.55 */

    | |____________^

    | 

note[0m: the warning occurs after the macro is expanded

   ==> D:\Project\sa\saai\sa-code\core\src\plugin_manifest_test.cj:132:1:

    | 

132 |   @Test

    |  _^

133 | | func pluginManifestRejectsSecretBearingField() {

    | | ...

141 | | }

    | |_^

    | 



warning[0m: possibly confusing line terminator

    | 

    |   /* 143.37 */    expectEqual("manifestCode(\"{\\\"name\\\":\\\"@local/x\\\",\\\"version\\\":\\\"0.1.0\\\",\\\"en
try\\\":\\\"index.cjs\\\",\" + \"\\\"tools\\\":[{\\\"name\\\":\\\"echo\\\",\\\"description\\\":\\\"d\\\",\\\"params\\\"
:\\\"path content\\\"}]}\")", "\"plugin-rejected\"", manifestCode("{\"name\":\"@local/x\",\"version\":\"0.1.0\",\"entry
\":\"index.cjs\","

    |                                                                                                                  
                                                                                                                       
                                                                  ~                                                    
                  ^ 

    |  ________________________________________________________________________________________________________________
_______________________________________________________________________________________________________________________
__________________________________________________________________|

    | | /* 143.38 */    + "\"tools\":[{\"name\":\"echo\",\"description\":\"d\",\"params\":\"path content\"}]}"), "plugi
n-rejected", isDelta: false,)

    | |_________________~ possibly confusing line terminator between '{\"name\":\"@local/x\",\"version\":\"0.1.0\",\"en
try\":\"index.cjs\",' and '+'

    | 

    # note: this warning can be suppressed by setting the compiler option `-Woff parser`

note[0m: the code after the macro is expanded as follows

    | 

    |   /* 143.1 */@Attribute[TEST_GENERATED] class TestCase_pluginManifestRejectsNonObjectToolParams <: TestClass {

    |  _^

    | | /* 143.2 */    init() {

    | | /* 143.3 */    }

    | | /* 143.4 */    private func classConfiguration(): Configuration {

    | | /* 143.5 */        let configuration = Configuration()

    | | /* 143.6 */        configuration.set(KeyFromTopLevel.fromTopLevel, true)

    | | /* 143.7 */        

    | | /* 143.8 */        return configuration

    | | /* 143.9 */    }

    | | /* 143.10 */    public override func asTestSuite(): TestSuite {

    | | /* 143.11 */        

    | | /* 143.12 */        let suiteConfiguration = classConfiguration()

    | | /* 143.13 */        let suiteBuilder = TestSuite.builder("TestCase_pluginManifestRejectsNonObjectToolParams").c
onfigure(suiteConfiguration)

    | | /* 143.14 */        

    | | /* 143.15 */        { => let caseConfig = Configuration()

    | | /* 143.16 */            caseConfig.set(KeyFromTopLevel.fromTopLevel, true)

    | | /* 143.17 */            

    | | /* 143.18 */            let pluginManifestRejectsNonObjectToolParamsTestFunc = { => pluginManifestRejectsNonObj
ectToolParams();() }

    | | /* 143.19 */            suiteBuilder.add(

    | | /* 143.20 */            UnitTestCase.create(

    | | /* 143.21 */            "pluginManifestRejectsNonObjectToolParams",

    | | /* 143.22 */            configuration: caseConfig,

    | | /* 143.23 */            body: pluginManifestRejectsNonObjectToolParamsTestFunc

    | | /* 143.24 */            )

    | | /* 143.25 */            )

    | | /* 143.26 */            

    | | /* 143.27 */        }()

    | | /* 143.28 */        

    | | /* 143.29 */        return suiteBuilder.build()

    | | /* 143.30 */    }

    | | /* 143.31 */    private func inheritedFromClassAnnotatedByTestTemplate < T >(): TestSuite where T <: TestClass 
{

    | | /* 143.32 */        throw Exception("Unreachable code")

    | | /* 143.33 */    }

    | | /* 143.34 */}

    | | /* 143.35 */func pluginManifestRejectsNonObjectToolParams() {

    | | /* 143.36 */    

    | | /* 143.37 */    expectEqual("manifestCode(\"{\\\"name\\\":\\\"@local/x\\\",\\\"version\\\":\\\"0.1.0\\\",\\\"en
try\\\":\\\"index.cjs\\\",\" + \"\\\"tools\\\":[{\\\"name\\\":\\\"echo\\\",\\\"description\\\":\\\"d\\\",\\\"params\\\"
:\\\"path content\\\"}]}\")", "\"plugin-rejected\"", manifestCode("{\"name\":\"@local/x\",\"version\":\"0.1.0\",\"entry
\":\"index.cjs\","

    | | /* 143.38 */    + "\"tools\":[{\"name\":\"echo\",\"description\":\"d\",\"params\":\"path content\"}]}"), "plugi
n-rejected", isDelta: false,)

    | | /* 143.39 */    expectEqual("manifestCode(\"{\\\"name\\\":\\\"@local/x\\\",\\\"version\\\":\\\"0.1.0\\\",\\\"en
try\\\":\\\"index.cjs\\\",\" + \"\\\"tools\\\":[{\\\"name\\\":\\\"echo\\\",\\\"description\\\":\\\"d\\\",\\\"params\\\"
:\\\"[1,2]\\\"}]}\")", "\"plugin-rejected\"", manifestCode("{\"name\":\"@local/x\",\"version\":\"0.1.0\",\"entry\":\"in
dex.cjs\","

    | | /* 143.40 */    + "\"tools\":[{\"name\":\"echo\",\"description\":\"d\",\"params\":\"[1,2]\"}]}"), "plugin-rejec
ted", isDelta: false,)

    | | /* 143.41 */}

    | | /* 143.42 */

    | | /* 143.43 */

    | | /* 143.44 */interface TestPackageExtension_TestCase_pluginManifestRejectsNonObjectToolParams {

    | | /* 143.45 */    func registerTestCase_pluginManifestRejectsNonObjectToolParams(): Unit

    | | /* 143.46 */}

    | | /* 143.47 */extend TestPackage <: TestPackageExtension_TestCase_pluginManifestRejectsNonObjectToolParams {

    | | /* 143.48 */    @Attribute[TEST_REGISTER]

    | | /* 143.49 */    public func registerTestCase_pluginManifestRejectsNonObjectToolParams() {

    | | /* 143.50 */        registerSuite({ => TestCase_pluginManifestRejectsNonObjectToolParams().asTestSuite() })

    | | /* 143.51 */    }

    | | /* 143.52 */}

    | | /* 143.53 */

    | |____________^

    | 

note[0m: the warning occurs after the macro is expanded

   ==> D:\Project\sa\saai\sa-code\core\src\plugin_manifest_test.cj:143:1:

    | 

143 |   @Test

    |  _^

144 | | func pluginManifestRejectsNonObjectToolParams() {

    | | ...

150 | | }

    | |_^

    | 



warning[0m: possibly confusing line terminator

    | 

    |   /* 143.39 */    expectEqual("manifestCode(\"{\\\"name\\\":\\\"@local/x\\\",\\\"version\\\":\\\"0.1.0\\\",\\\"en
try\\\":\\\"index.cjs\\\",\" + \"\\\"tools\\\":[{\\\"name\\\":\\\"echo\\\",\\\"description\\\":\\\"d\\\",\\\"params\\\"
:\\\"[1,2]\\\"}]}\")", "\"plugin-rejected\"", manifestCode("{\"name\":\"@local/x\",\"version\":\"0.1.0\",\"entry\":\"in
dex.cjs\","

    |                                                                                                                  
                                                                                                                       
                                                           ~                                                           
           ^ 

    |  ________________________________________________________________________________________________________________
_______________________________________________________________________________________________________________________
___________________________________________________________|

    | | /* 143.40 */    + "\"tools\":[{\"name\":\"echo\",\"description\":\"d\",\"params\":\"[1,2]\"}]}"), "plugin-rejec
ted", isDelta: false,)

    | |_________________~ possibly confusing line terminator between '{\"name\":\"@local/x\",\"version\":\"0.1.0\",\"en
try\":\"index.cjs\",' and '+'

    | 

    # note: this warning can be suppressed by setting the compiler option `-Woff parser`

note[0m: the warning occurs after the macro is expanded

   ==> D:\Project\sa\saai\sa-code\core\src\plugin_manifest_test.cj:143:1:

    | 

143 |   @Test

    |  _^

144 | | func pluginManifestRejectsNonObjectToolParams() {

    | | ...

150 | | }

    | |_^

    | 



warning[0m: possibly confusing line terminator

    | 

    |   /* 152.39 */        expectEqual("manifestCode(\"{\\\"name\\\":\\\"@local/x\\\",\\\"version\\\":\\\"0.1.0\\\",\\
\"entry\\\":\\\"index.cjs\\\",\" + \"\\\"sacode\\\":{\\\"runtime\\\":\\\"\${bad}\\\"}}\")", "\"plugin-rejected\"", mani
festCode("{\"name\":\"@local/x\",\"version\":\"0.1.0\",\"entry\":\"index.cjs\","

    |                                                                                                                  
                                                                                                                       
         ~                                                                      ^ 

    |  ________________________________________________________________________________________________________________
_______________________________________________________________________________________________________________________
_________|

    | | /* 152.40 */        + "\"sacode\":{\"runtime\":\"${bad}\"}}"), "plugin-rejected", isDelta: false,)

    | |_____________________~ possibly confusing line terminator between '{\"name\":\"@local/x\",\"version\":\"0.1.0\",
\"entry\":\"index.cjs\",' and '+'

    | 

    # note: this warning can be suppressed by setting the compiler option `-Woff parser`

note[0m: the code after the macro is expanded as follows

    | 

    |   /* 152.1 */@Attribute[TEST_GENERATED] class TestCase_pluginManifestRejectsUnsupportedRuntimeRange <: TestClass 
{

    |  _^

    | | /* 152.2 */    init() {

    | | /* 152.3 */    }

    | | /* 152.4 */    private func classConfiguration(): Configuration {

    | | /* 152.5 */        let configuration = Configuration()

    | | /* 152.6 */        configuration.set(KeyFromTopLevel.fromTopLevel, true)

    | | /* 152.7 */        

    | | /* 152.8 */        return configuration

    | | /* 152.9 */    }

    | | /* 152.10 */    public override func asTestSuite(): TestSuite {

    | | /* 152.11 */        

    | | /* 152.12 */        let suiteConfiguration = classConfiguration()

    | | /* 152.13 */        let suiteBuilder = TestSuite.builder("TestCase_pluginManifestRejectsUnsupportedRuntimeRange
").configure(suiteConfiguration)

    | | /* 152.14 */        

    | | /* 152.15 */        { => let caseConfig = Configuration()

    | | /* 152.16 */            caseConfig.set(KeyFromTopLevel.fromTopLevel, true)

    | | /* 152.17 */            

    | | /* 152.18 */            let pluginManifestRejectsUnsupportedRuntimeRangeTestFunc = { => pluginManifestRejectsUn
supportedRuntimeRange();() }

    | | /* 152.19 */            suiteBuilder.add(

    | | /* 152.20 */            UnitTestCase.create(

    | | /* 152.21 */            "pluginManifestRejectsUnsupportedRuntimeRange",

    | | /* 152.22 */            configuration: caseConfig,

    | | /* 152.23 */            body: pluginManifestRejectsUnsupportedRuntimeRangeTestFunc

    | | /* 152.24 */            )

    | | /* 152.25 */            )

    | | /* 152.26 */            

    | | /* 152.27 */        }()

    | | /* 152.28 */        

    | | /* 152.29 */        return suiteBuilder.build()

    | | /* 152.30 */    }

    | | /* 152.31 */    private func inheritedFromClassAnnotatedByTestTemplate < T >(): TestSuite where T <: TestClass 
{

    | | /* 152.32 */        throw Exception("Unreachable code")

    | | /* 152.33 */    }

    | | /* 152.34 */}

    | | /* 152.35 */func pluginManifestRejectsUnsupportedRuntimeRange() {

    | | /* 152.36 */    

    | | /* 152.37 */    

    | | /* 152.38 */    for(bad in["^0.1.0", "~0.1.0", "*", "0.1.0", ">=1.0", ">=x.y.z", ">=0.1.0-beta"]) {

    | | /* 152.39 */        expectEqual("manifestCode(\"{\\\"name\\\":\\\"@local/x\\\",\\\"version\\\":\\\"0.1.0\\\",\\
\"entry\\\":\\\"index.cjs\\\",\" + \"\\\"sacode\\\":{\\\"runtime\\\":\\\"\${bad}\\\"}}\")", "\"plugin-rejected\"", mani
festCode("{\"name\":\"@local/x\",\"version\":\"0.1.0\",\"entry\":\"index.cjs\","

    | | /* 152.40 */        + "\"sacode\":{\"runtime\":\"${bad}\"}}"), "plugin-rejected", isDelta: false,)

    | | /* 152.41 */    }

    | | /* 152.42 */}

    | | /* 152.43 */

    | | /* 152.44 */

    | | /* 152.45 */interface TestPackageExtension_TestCase_pluginManifestRejectsUnsupportedRuntimeRange {

    | | /* 152.46 */    func registerTestCase_pluginManifestRejectsUnsupportedRuntimeRange(): Unit

    | | /* 152.47 */}

    | | /* 152.48 */extend TestPackage <: TestPackageExtension_TestCase_pluginManifestRejectsUnsupportedRuntimeRange {

    | | /* 152.49 */    @Attribute[TEST_REGISTER]

    | | /* 152.50 */    public func registerTestCase_pluginManifestRejectsUnsupportedRuntimeRange() {

    | | /* 152.51 */        registerSuite({ => TestCase_pluginManifestRejectsUnsupportedRuntimeRange().asTestSuite() })

    | | /* 152.52 */    }

    | | /* 152.53 */}

    | | /* 152.54 */

    | |____________^

    | 

note[0m: the warning occurs after the macro is expanded

   ==> D:\Project\sa\saai\sa-code\core\src\plugin_manifest_test.cj:152:1:

    | 

152 |   @Test

    |  _^

153 | | func pluginManifestRejectsUnsupportedRuntimeRange() {

    | | ...

160 | | }

    | |_^

    | 



warning[0m: possibly confusing line terminator

    | 

    |   /* 162.37 */    expectEqual("manifestCode(\"{\\\"name\\\":\\\"@local/x\\\",\\\"version\\\":\\\"0.1.0\\\",\\\"en
try\\\":\\\"index.cjs\\\",\" + \"\\\"dependencies\\\":[\\\"@local/a\\\",\\\"@local/a\\\"]}\")", "\"plugin-rejected\"", 
manifestCode("{\"name\":\"@local/x\",\"version\":\"0.1.0\",\"entry\":\"index.cjs\","

    |                                                                                                                  
                                                                                                                       
             ~                                                                      ^ 

    |  ________________________________________________________________________________________________________________
_______________________________________________________________________________________________________________________
_____________|

    | | /* 162.38 */    + "\"dependencies\":[\"@local/a\",\"@local/a\"]}"), "plugin-rejected", isDelta: false,)

    | |_________________~ possibly confusing line terminator between '{\"name\":\"@local/x\",\"version\":\"0.1.0\",\"en
try\":\"index.cjs\",' and '+'

    | 

    # note: this warning can be suppressed by setting the compiler option `-Woff parser`

note[0m: the code after the macro is expanded as follows

    | 

    |   /* 162.1 */@Attribute[TEST_GENERATED] class TestCase_pluginManifestRejectsDuplicateDependency <: TestClass {

    |  _^

    | | /* 162.2 */    init() {

    | | /* 162.3 */    }

    | | /* 162.4 */    private func classConfiguration(): Configuration {

    | | /* 162.5 */        let configuration = Configuration()

    | | /* 162.6 */        configuration.set(KeyFromTopLevel.fromTopLevel, true)

    | | /* 162.7 */        

    | | /* 162.8 */        return configuration

    | | /* 162.9 */    }

    | | /* 162.10 */    public override func asTestSuite(): TestSuite {

    | | /* 162.11 */        

    | | /* 162.12 */        let suiteConfiguration = classConfiguration()

    | | /* 162.13 */        let suiteBuilder = TestSuite.builder("TestCase_pluginManifestRejectsDuplicateDependency").c
onfigure(suiteConfiguration)

    | | /* 162.14 */        

    | | /* 162.15 */        { => let caseConfig = Configuration()

    | | /* 162.16 */            caseConfig.set(KeyFromTopLevel.fromTopLevel, true)

    | | /* 162.17 */            

    | | /* 162.18 */            let pluginManifestRejectsDuplicateDependencyTestFunc = { => pluginManifestRejectsDuplic
ateDependency();() }

    | | /* 162.19 */            suiteBuilder.add(

    | | /* 162.20 */            UnitTestCase.create(

    | | /* 162.21 */            "pluginManifestRejectsDuplicateDependency",

    | | /* 162.22 */            configuration: caseConfig,

    | | /* 162.23 */            body: pluginManifestRejectsDuplicateDependencyTestFunc

    | | /* 162.24 */            )

    | | /* 162.25 */            )

    | | /* 162.26 */            

    | | /* 162.27 */        }()

    | | /* 162.28 */        

    | | /* 162.29 */        return suiteBuilder.build()

    | | /* 162.30 */    }

    | | /* 162.31 */    private func inheritedFromClassAnnotatedByTestTemplate < T >(): TestSuite where T <: TestClass 
{

    | | /* 162.32 */        throw Exception("Unreachable code")

    | | /* 162.33 */    }

    | | /* 162.34 */}

    | | /* 162.35 */func pluginManifestRejectsDuplicateDependency() {

    | | /* 162.36 */    

    | | /* 162.37 */    expectEqual("manifestCode(\"{\\\"name\\\":\\\"@local/x\\\",\\\"version\\\":\\\"0.1.0\\\",\\\"en
try\\\":\\\"index.cjs\\\",\" + \"\\\"dependencies\\\":[\\\"@local/a\\\",\\\"@local/a\\\"]}\")", "\"plugin-rejected\"", 
manifestCode("{\"name\":\"@local/x\",\"version\":\"0.1.0\",\"entry\":\"index.cjs\","

    | | /* 162.38 */    + "\"dependencies\":[\"@local/a\",\"@local/a\"]}"), "plugin-rejected", isDelta: false,)

    | | /* 162.39 */    

    | | /* 162.40 */    expectEqual("manifestCode(\"{\\\"name\\\":\\\"@local/x\\\",\\\"version\\\":\\\"0.1.0\\\",\\\"en
try\\\":\\\"index.cjs\\\",\" + \"\\\"dependencies\\\":[\\\"\\\"]}\")", "\"plugin-rejected\"", manifestCode("{\"name\":\
"@local/x\",\"version\":\"0.1.0\",\"entry\":\"index.cjs\","

    | | /* 162.41 */    + "\"dependencies\":[\"\"]}"), "plugin-rejected", isDelta: false,)

    | | /* 162.42 */}

    | | /* 162.43 */

    | | /* 162.44 */

    | | /* 162.45 */interface TestPackageExtension_TestCase_pluginManifestRejectsDuplicateDependency {

    | | /* 162.46 */    func registerTestCase_pluginManifestRejectsDuplicateDependency(): Unit

    | | /* 162.47 */}

    | | /* 162.48 */extend TestPackage <: TestPackageExtension_TestCase_pluginManifestRejectsDuplicateDependency {

    | | /* 162.49 */    @Attribute[TEST_REGISTER]

    | | /* 162.50 */    public func registerTestCase_pluginManifestRejectsDuplicateDependency() {

    | | /* 162.51 */        registerSuite({ => TestCase_pluginManifestRejectsDuplicateDependency().asTestSuite() })

    | | /* 162.52 */    }

    | | /* 162.53 */}

    | | /* 162.54 */

    | |____________^

    | 

note[0m: the warning occurs after the macro is expanded

   ==> D:\Project\sa\saai\sa-code\core\src\plugin_manifest_test.cj:162:1:

    | 

162 |   @Test

    |  _^

163 | | func pluginManifestRejectsDuplicateDependency() {

    | | ...

170 | | }

    | |_^

    | 



warning[0m: possibly confusing line terminator

    | 

    |   /* 162.40 */    expectEqual("manifestCode(\"{\\\"name\\\":\\\"@local/x\\\",\\\"version\\\":\\\"0.1.0\\\",\\\"en
try\\\":\\\"index.cjs\\\",\" + \"\\\"dependencies\\\":[\\\"\\\"]}\")", "\"plugin-rejected\"", manifestCode("{\"name\":\
"@local/x\",\"version\":\"0.1.0\",\"entry\":\"index.cjs\","

    |                                                                                                                  
                                                                                                           ~           
                                                           ^ 

    |  ________________________________________________________________________________________________________________
___________________________________________________________________________________________________________|

    | | /* 162.41 */    + "\"dependencies\":[\"\"]}"), "plugin-rejected", isDelta: false,)

    | |_________________~ possibly confusing line terminator between '{\"name\":\"@local/x\",\"version\":\"0.1.0\",\"en
try\":\"index.cjs\",' and '+'

    | 

    # note: this warning can be suppressed by setting the compiler option `-Woff parser`

note[0m: the warning occurs after the macro is expanded

   ==> D:\Project\sa\saai\sa-code\core\src\plugin_manifest_test.cj:162:1:

    | 

162 |   @Test

    |  _^

163 | | func pluginManifestRejectsDuplicateDependency() {

    | | ...

170 | | }

    | |_^

    | 



warning[0m: possibly confusing line terminator

    | 

    |   /* 208.41 */    expectEqual("manifestCode(\"{\\\"name\\\":\\\"@local/x\\\",\\\"version\\\":\\\"0.1.0\\\",\\\"en
try\\\":\\\"index.cjs\\\",\" + \"\\\"tools\\\":[{\\\"name\\\":\\\"echo\\\",\\\"description\\\":\\\"d\\\"},{\\\"name\\\"
:\\\"echo\\\",\\\"description\\\":\\\"d\\\"}]}\")", "\"plugin-rejected\"", manifestCode("{\"name\":\"@local/x\",\"versi
on\":\"0.1.0\",\"entry\":\"index.cjs\","

    |                                                                                                                  
                                                                                                                       
                                                                                        ~                              
                                        ^ 

    |  ________________________________________________________________________________________________________________
_______________________________________________________________________________________________________________________
________________________________________________________________________________________|

    | | /* 208.42 */    + "\"tools\":[{\"name\":\"echo\",\"description\":\"d\"},{\"name\":\"echo\",\"description\":\"d\
"}]}"), "plugin-rejected", isDelta: false,)

    | |_________________~ possibly confusing line terminator between '{\"name\":\"@local/x\",\"version\":\"0.1.0\",\"en
try\":\"index.cjs\",' and '+'

    | 

    # note: this warning can be suppressed by setting the compiler option `-Woff parser`

note[0m: the code after the macro is expanded as follows

    | 

    |   /* 208.1 */@Attribute[TEST_GENERATED] class TestCase_pluginManifestRejectsUnknownKindAndBadName <: TestClass {

    |  _^

    | | /* 208.2 */    init() {

    | | /* 208.3 */    }

    | | /* 208.4 */    private func classConfiguration(): Configuration {

    | | /* 208.5 */        let configuration = Configuration()

    | | /* 208.6 */        configuration.set(KeyFromTopLevel.fromTopLevel, true)

    | | /* 208.7 */        

    | | /* 208.8 */        return configuration

    | | /* 208.9 */    }

    | | /* 208.10 */    public override func asTestSuite(): TestSuite {

    | | /* 208.11 */        

    | | /* 208.12 */        let suiteConfiguration = classConfiguration()

    | | /* 208.13 */        let suiteBuilder = TestSuite.builder("TestCase_pluginManifestRejectsUnknownKindAndBadName")
.configure(suiteConfiguration)

    | | /* 208.14 */        

    | | /* 208.15 */        { => let caseConfig = Configuration()

    | | /* 208.16 */            caseConfig.set(KeyFromTopLevel.fromTopLevel, true)

    | | /* 208.17 */            

    | | /* 208.18 */            let pluginManifestRejectsUnknownKindAndBadNameTestFunc = { => pluginManifestRejectsUnkn
ownKindAndBadName();() }

    | | /* 208.19 */            suiteBuilder.add(

    | | /* 208.20 */            UnitTestCase.create(

    | | /* 208.21 */            "pluginManifestRejectsUnknownKindAndBadName",

    | | /* 208.22 */            configuration: caseConfig,

    | | /* 208.23 */            body: pluginManifestRejectsUnknownKindAndBadNameTestFunc

    | | /* 208.24 */            )

    | | /* 208.25 */            )

    | | /* 208.26 */            

    | | /* 208.27 */        }()

    | | /* 208.28 */        

    | | /* 208.29 */        return suiteBuilder.build()

    | | /* 208.30 */    }

    | | /* 208.31 */    private func inheritedFromClassAnnotatedByTestTemplate < T >(): TestSuite where T <: TestClass 
{

    | | /* 208.32 */        throw Exception("Unreachable code")

    | | /* 208.33 */    }

    | | /* 208.34 */}

    | | /* 208.35 */func pluginManifestRejectsUnknownKindAndBadName() {

    | | /* 208.36 */    

    | | /* 208.37 */    expectEqual("manifestCode(\"{\\\"name\\\":\\\"@local/x\\\",\\\"version\\\":\\\"0.1.0\\\",\\\"en
try\\\":\\\"index.cjs\\\",\\\"kind\\\":\\\"magic\\\"}\")", "\"plugin-rejected\"", manifestCode("{\"name\":\"@local/x\",
\"version\":\"0.1.0\",\"entry\":\"index.cjs\",\"kind\":\"magic\"}"), "plugin-rejected", isDelta: false,)

    | | /* 208.38 */    

    | | /* 208.39 */    expectEqual("manifestCode(\"{\\\"name\\\":\\\".hidden\\\",\\\"version\\\":\\\"0.1.0\\\",\\\"ent
ry\\\":\\\"index.cjs\\\"}\")", "\"plugin-rejected\"", manifestCode("{\"name\":\".hidden\",\"version\":\"0.1.0\",\"entry
\":\"index.cjs\"}"), "plugin-rejected", isDelta: false,)

    | | /* 208.40 */    

    | | /* 208.41 */    expectEqual("manifestCode(\"{\\\"name\\\":\\\"@local/x\\\",\\\"version\\\":\\\"0.1.0\\\",\\\"en
try\\\":\\\"index.cjs\\\",\" + \"\\\"tools\\\":[{\\\"name\\\":\\\"echo\\\",\\\"description\\\":\\\"d\\\"},{\\\"name\\\"
:\\\"echo\\\",\\\"description\\\":\\\"d\\\"}]}\")", "\"plugin-rejected\"", manifestCode("{\"name\":\"@local/x\",\"versi
on\":\"0.1.0\",\"entry\":\"index.cjs\","

    | | /* 208.42 */    + "\"tools\":[{\"name\":\"echo\",\"description\":\"d\"},{\"name\":\"echo\",\"description\":\"d\
"}]}"), "plugin-rejected", isDelta: false,)

    | | /* 208.43 */}

    | | /* 208.44 */

    | | /* 208.45 */

    | | /* 208.46 */interface TestPackageExtension_TestCase_pluginManifestRejectsUnknownKindAndBadName {

    | | /* 208.47 */    func registerTestCase_pluginManifestRejectsUnknownKindAndBadName(): Unit

    | | /* 208.48 */}

    | | /* 208.49 */extend TestPackage <: TestPackageExtension_TestCase_pluginManifestRejectsUnknownKindAndBadName {

    | | /* 208.50 */    @Attribute[TEST_REGISTER]

    | | /* 208.51 */    public func registerTestCase_pluginManifestRejectsUnknownKindAndBadName() {

    | | /* 208.52 */        registerSuite({ => TestCase_pluginManifestRejectsUnknownKindAndBadName().asTestSuite() })

    | | /* 208.53 */    }

    | | /* 208.54 */}

    | | /* 208.55 */

    | |____________^

    | 

note[0m: the warning occurs after the macro is expanded

   ==> D:\Project\sa\saai\sa-code\core\src\plugin_manifest_test.cj:208:1:

    | 

208 |   @Test

    |  _^

209 | | func pluginManifestRejectsUnknownKindAndBadName() {

    | | ...

217 | | }

    | |_^

    | 



warning[0m: possibly confusing line terminator

     | 

     |   /* 369.37 */    let json = "{\"id\":\"\",\"name\":\"Test\",\"baseUrl\":\"https://api.example.com\","

     |                              ~                                                                        ^ 

     |  ____________________________|

     | | /* 369.38 */    + "\"protocol\":\"openai-completions\",\"credentialRef\":\"KEY\",\"declared\":true,"

     | |_________________~ possibly confusing line terminator between '{\"id\":\"\",\"name\":\"Test\",\"baseUrl\":\"htt
ps://api.example.com\",' and '+'

     | 

     # note: this warning can be suppressed by setting the compiler option `-Woff parser`

note[0m: the code after the macro is expanded as follows

     | 

     |   /* 369.1 */@Attribute[TEST_GENERATED] class TestCase_migrationRejectsEmptyRequiredFields <: TestClass {

     |  _^

     | | /* 369.2 */    init() {

     | | /* 369.3 */    }

     | | /* 369.4 */    private func classConfiguration(): Configuration {

     | | /* 369.5 */        let configuration = Configuration()

     | | /* 369.6 */        configuration.set(KeyFromTopLevel.fromTopLevel, true)

     | | /* 369.7 */        

     | | /* 369.8 */        return configuration

     | | /* 369.9 */    }

     | | /* 369.10 */    public override func asTestSuite(): TestSuite {

     | | /* 369.11 */        

     | | /* 369.12 */        let suiteConfiguration = classConfiguration()

     | | /* 369.13 */        let suiteBuilder = TestSuite.builder("TestCase_migrationRejectsEmptyRequiredFields").confi
gure(suiteConfiguration)

     | | /* 369.14 */        

     | | /* 369.15 */        { => let caseConfig = Configuration()

     | | /* 369.16 */            caseConfig.set(KeyFromTopLevel.fromTopLevel, true)

     | | /* 369.17 */            

     | | /* 369.18 */            let migrationRejectsEmptyRequiredFieldsTestFunc = { => migrationRejectsEmptyRequiredFi
elds();() }

     | | /* 369.19 */            suiteBuilder.add(

     | | /* 369.20 */            UnitTestCase.create(

     | | /* 369.21 */            "migrationRejectsEmptyRequiredFields",

     | | /* 369.22 */            configuration: caseConfig,

     | | /* 369.23 */            body: migrationRejectsEmptyRequiredFieldsTestFunc

     | | /* 369.24 */            )

     | | /* 369.25 */            )

     | | /* 369.26 */            

     | | /* 369.27 */        }()

     | | /* 369.28 */        

     | | /* 369.29 */        return suiteBuilder.build()

     | | /* 369.30 */    }

     | | /* 369.31 */    private func inheritedFromClassAnnotatedByTestTemplate < T >(): TestSuite where T <: TestClass
 {

     | | /* 369.32 */        throw Exception("Unreachable code")

     | | /* 369.33 */    }

     | | /* 369.34 */}

     | | /* 369.35 */func migrationRejectsEmptyRequiredFields() {

     | | /* 369.36 */    

     | | /* 369.37 */    let json = "{\"id\":\"\",\"name\":\"Test\",\"baseUrl\":\"https://api.example.com\","

     | | /* 369.38 */    + "\"protocol\":\"openai-completions\",\"credentialRef\":\"KEY\",\"declared\":true,"

     | | /* 369.39 */    + "\"sortOrder\":0,\"enabled\":true,\"transport\":\"direct\",\"models\":[]}"

     | | /* 369.40 */    let parsed = MigrationProviderEntry.fromJson(JsonValue.fromStr(json).asObject())

     | | /* 369.41 */    expectEqual("parsed.isSome()", "false", parsed.isSome(), false, isDelta: false,)

     | | /* 369.42 */}

     | | /* 369.43 */

     | | /* 369.44 */

     | | /* 369.45 */interface TestPackageExtension_TestCase_migrationRejectsEmptyRequiredFields {

     | | /* 369.46 */    func registerTestCase_migrationRejectsEmptyRequiredFields(): Unit

     | | /* 369.47 */}

     | | /* 369.48 */extend TestPackage <: TestPackageExtension_TestCase_migrationRejectsEmptyRequiredFields {

     | | /* 369.49 */    @Attribute[TEST_REGISTER]

     | | /* 369.50 */    public func registerTestCase_migrationRejectsEmptyRequiredFields() {

     | | /* 369.51 */        registerSuite({ => TestCase_migrationRejectsEmptyRequiredFields().asTestSuite() })

     | | /* 369.52 */    }

     | | /* 369.53 */}

     | | /* 369.54 */

     | |____________^

     | 

note[0m: the warning occurs after the macro is expanded

   ==> D:\Project\sa\saai\sa-code\core\src\migration_pack_test.cj:369:1:

    | 

369 |   @Test

    |  _^

370 | | func migrationRejectsEmptyRequiredFields() {

    | | ...

377 | | }

    | |_^

    | 



warning[0m: possibly confusing line terminator

     | 

     |   /* 369.38 */    + "\"protocol\":\"openai-completions\",\"credentialRef\":\"KEY\",\"declared\":true,"

     |                     ~                                                                                 ^ 

     |  ___________________|

     | | /* 369.39 */    + "\"sortOrder\":0,\"enabled\":true,\"transport\":\"direct\",\"models\":[]}"

     | |_________________~ possibly confusing line terminator between '\"protocol\":\"openai-completions\",\"credential
Ref\":\"KEY\",\"declared\":true,' and '+'

     | 

     # note: this warning can be suppressed by setting the compiler option `-Woff parser`

note[0m: the warning occurs after the macro is expanded

   ==> D:\Project\sa\saai\sa-code\core\src\migration_pack_test.cj:369:1:

    | 

369 |   @Test

    |  _^

370 | | func migrationRejectsEmptyRequiredFields() {

    | | ...

377 | | }

    | |_^

    | 



warning[0m: unused import 'std.collection.*'

 ==> D:\Project\sa\saai\sa-code\core\src\accel_relay_test.cj:3:1:

  | 

3 | import std.collection.*

  | ^^^^^^^^^^^^^^^^^^^^^^^ unused import

  | 

  # note: this warning can be suppressed by setting the compiler option `-Woff unused`



warning[0m: unused import 'std.io.*'

 ==> D:\Project\sa\saai\sa-code\core\src\cancel_test.cj:6:1:

  | 

6 | import std.io.*

  | ^^^^^^^^^^^^^^^ unused import

  | 

  # note: this warning can be suppressed by setting the compiler option `-Woff unused`



warning[0m: unused import 'std.collection.*'

 ==> D:\Project\sa\saai\sa-code\core\src\credential_test.cj:4:1:

  | 

4 | import std.collection.*

  | ^^^^^^^^^^^^^^^^^^^^^^^ unused import

  | 

  # note: this warning can be suppressed by setting the compiler option `-Woff unused`



warning[0m: unused import 'std.fs.*'

 ==> D:\Project\sa\saai\sa-code\core\src\jobs_test.cj:2:1:

  | 

2 | import std.fs.*

  | ^^^^^^^^^^^^^^^ unused import

  | 

  # note: this warning can be suppressed by setting the compiler option `-Woff unused`



warning[0m: unused import 'std.collection.*'

 ==> D:\Project\sa\saai\sa-code\core\src\migration_pack_test.cj:3:1:

  | 

3 | import std.collection.*

  | ^^^^^^^^^^^^^^^^^^^^^^^ unused import

  | 

  # note: this warning can be suppressed by setting the compiler option `-Woff unused`



warning[0m: unused import 'std.io.*'

 ==> D:\Project\sa\saai\sa-code\core\src\model_agent_test.cj:3:1:

  | 

3 | import std.io.*

  | ^^^^^^^^^^^^^^^ unused import

  | 

  # note: this warning can be suppressed by setting the compiler option `-Woff unused`



warning[0m: unused import 'std.collection.*'

 ==> D:\Project\sa\saai\sa-code\core\src\plugin_store_test.cj:3:1:

  | 

3 | import std.collection.*

  | ^^^^^^^^^^^^^^^^^^^^^^^ unused import

  | 

  # note: this warning can be suppressed by setting the compiler option `-Woff unused`



warning[0m: unused import 'std.time.*'

 ==> D:\Project\sa\saai\sa-code\core\src\prompt_enhance_test.cj:5:1:

  | 

5 | import std.time.*

  | ^^^^^^^^^^^^^^^^^ unused import

  | 

  # note: this warning can be suppressed by setting the compiler option `-Woff unused`



warning[0m: unused import 'std.collection.*'

 ==> D:\Project\sa\saai\sa-code\core\src\provider_capability_test.cj:3:1:

  | 

3 | import std.collection.*

  | ^^^^^^^^^^^^^^^^^^^^^^^ unused import

  | 

  # note: this warning can be suppressed by setting the compiler option `-Woff unused`



warning[0m: unused import 'std.fs.*'

 ==> D:\Project\sa\saai\sa-code\core\src\sandbox_test.cj:2:1:

  | 

2 | import std.fs.*

  | ^^^^^^^^^^^^^^^ unused import

  | 

  # note: this warning can be suppressed by setting the compiler option `-Woff unused`



warning[0m: unused import 'std.sync.*'

 ==> D:\Project\sa\saai\sa-code\core\src\session_test.cj:6:1:

  | 

6 | import std.sync.*

  | ^^^^^^^^^^^^^^^^^ unused import

  | 

  # note: this warning can be suppressed by setting the compiler option `-Woff unused`



warning[0m: unused import 'std.collection.*'

 ==> D:\Project\sa\saai\sa-code\core\src\sha256_test.cj:2:1:

  | 

2 | import std.collection.*

  | ^^^^^^^^^^^^^^^^^^^^^^^ unused import

  | 

  # note: this warning can be suppressed by setting the compiler option `-Woff unused`



warning[0m: unused import 'std.convert.*'

  ==> D:\Project\sa\saai\sa-code\core\src\sse_test.cj:12:1:

   | 

12 | import std.convert.*

   | ^^^^^^^^^^^^^^^^^^^^ unused import

   | 

   # note: this warning can be suppressed by setting the compiler option `-Woff unused`



warning[0m: unused import 'std.fs.*'

 ==> D:\Project\sa\saai\sa-code\core\src\webhook_test.cj:2:1:

  | 

2 | import std.fs.*

  | ^^^^^^^^^^^^^^^ unused import

  | 

  # note: this warning can be suppressed by setting the compiler option `-Woff unused`



warning[0m: unused variable:'record'

  ==> D:\Project\sa\saai\sa-code\core\src\telemetry_test.cj:22:26:

   | 

22 |     public func onRecord(record: String): Unit {

   |                          ^^^^^^ unused variable

   | 

   # note: this warning can be suppressed by setting the compiler option `-Woff unused`



warning[0m: unused variable:'log'

  ==> D:\Project\sa\saai\sa-code\core\src\pipeline_test.cj:41:10:

   | 

41 |     let (log, reg, rt) = newRuntime("pre")

   |          ^ unused variable

   | 

   # note: this warning can be suppressed by setting the compiler option `-Woff unused`

note[0m: the warning occurs after the macro is expanded

  ==> D:\Project\sa\saai\sa-code\core\src\pipeline_test.cj:39:1:

   | 

39 |   @Test

   |  _^

40 | | func preExecuteNormalizesArgsBeforeRun() {

   | | ...

52 | | }

   | |_^

   | 

note[0m: the code after the macro is expanded as follows

   | 

   |   /* 39.1 */@Attribute[TEST_GENERATED] class TestCase_preExecuteNormalizesArgsBeforeRun <: TestClass {

   |  _^

   | | /* 39.2 */    init() {

   | | /* 39.3 */    }

   | | /* 39.4 */    private func classConfiguration(): Configuration {

   | | /* 39.5 */        let configuration = Configuration()

   | | /* 39.6 */        configuration.set(KeyFromTopLevel.fromTopLevel, true)

   | | /* 39.7 */        

   | | /* 39.8 */        return configuration

   | | /* 39.9 */    }

   | | /* 39.10 */    public override func asTestSuite(): TestSuite {

   | | /* 39.11 */        

   | | /* 39.12 */        let suiteConfiguration = classConfiguration()

   | | /* 39.13 */        let suiteBuilder = TestSuite.builder("TestCase_preExecuteNormalizesArgsBeforeRun").configure(
suiteConfiguration)

   | | /* 39.14 */        

   | | /* 39.15 */        { => let caseConfig = Configuration()

   | | /* 39.16 */            caseConfig.set(KeyFromTopLevel.fromTopLevel, true)

   | | /* 39.17 */            

   | | /* 39.18 */            let preExecuteNormalizesArgsBeforeRunTestFunc = { => preExecuteNormalizesArgsBeforeRun();
() }

   | | /* 39.19 */            suiteBuilder.add(

   | | /* 39.20 */            UnitTestCase.create(

   | | /* 39.21 */            "preExecuteNormalizesArgsBeforeRun",

   | | /* 39.22 */            configuration: caseConfig,

   | | /* 39.23 */            body: preExecuteNormalizesArgsBeforeRunTestFunc

   | | /* 39.24 */            )

   | | /* 39.25 */            )

   | | /* 39.26 */            

   | | /* 39.27 */        }()

   | | /* 39.28 */        

   | | /* 39.29 */        return suiteBuilder.build()

   | | /* 39.30 */    }

   | | /* 39.31 */    private func inheritedFromClassAnnotatedByTestTemplate < T >(): TestSuite where T <: TestClass {

   | | /* 39.32 */        throw Exception("Unreachable code")

   | | /* 39.33 */    }

   | | /* 39.34 */}

   | | /* 39.35 */func preExecuteNormalizesArgsBeforeRun() {

   | | /* 39.36 */    let(log, reg, rt) = newRuntime("pre")

   | | /* 39.37 */    let r = rt.execute("write", "   pipe-pre.txt    hello   world  ", "allowed-once", true)

   | | /* 39.38 */    expectEqual("r.allowed", "true", r.allowed, true, isDelta: false,)

   | | /* 39.39 */    expectEqual("rt.lastDetail.preRewrote", "true", rt.lastDetail.preRewrote, true, isDelta: false,)

   | | /* 39.40 */    expectEqual("rt.lastDetail.argsAfterPre", "\"pipe-pre.txt hello   world\"", rt.lastDetail.argsAft
erPre, "pipe-pre.txt hello   world", isDelta: false,)

   | | /* 39.41 */    expectEqual("rt.lastDetail.stage", "\"ran\"", rt.lastDetail.stage, "ran", isDelta: false,)

   | | /* 39.42 */    

   | | /* 39.43 */    let got = String.fromUtf8(File.readFrom("pipe-pre.txt"))

   | | /* 39.44 */    expectEqual("got", "\"hello   world\"", got, "hello   world", isDelta: false,)

   | | /* 39.45 */    expectEqual("rt.lastDetail.verified", "true", rt.lastDetail.verified, true, isDelta: false,)

   | | /* 39.46 */    cleanUp("pre", "pipe-pre.txt")

   | | /* 39.47 */}

   | | /* 39.48 */

   | | /* 39.49 */

   | | /* 39.50 */interface TestPackageExtension_TestCase_preExecuteNormalizesArgsBeforeRun {

   | | /* 39.51 */    func registerTestCase_preExecuteNormalizesArgsBeforeRun(): Unit

   | | /* 39.52 */}

   | | /* 39.53 */extend TestPackage <: TestPackageExtension_TestCase_preExecuteNormalizesArgsBeforeRun {

   | | /* 39.54 */    @Attribute[TEST_REGISTER]

   | | /* 39.55 */    public func registerTestCase_preExecuteNormalizesArgsBeforeRun() {

   | | /* 39.56 */        registerSuite({ => TestCase_preExecuteNormalizesArgsBeforeRun().asTestSuite() })

   | | /* 39.57 */    }

   | | /* 39.58 */}

   | | /* 39.59 */

   | |___________^

   | 

note[0m: which is expanded as follows

   | 

   | /* 39.36 */    let(log, reg, rt) = newRuntime("pre")

   |                    ^^^ 

   | 



warning[0m: unused variable:'reg'

  ==> D:\Project\sa\saai\sa-code\core\src\pipeline_test.cj:41:15:

   | 

41 |     let (log, reg, rt) = newRuntime("pre")

   |               ^ unused variable

   | 

   # note: this warning can be suppressed by setting the compiler option `-Woff unused`

note[0m: the warning occurs after the macro is expanded

  ==> D:\Project\sa\saai\sa-code\core\src\pipeline_test.cj:39:1:

   | 

39 |   @Test

   |  _^

40 | | func preExecuteNormalizesArgsBeforeRun() {

   | | ...

52 | | }

   | |_^

   | 

note[0m: which is expanded as follows

   | 

   | /* 39.36 */    let(log, reg, rt) = newRuntime("pre")

   |                         ^^^ 

   | 



warning[0m: unused variable:'svc'

  ==> D:\Project\sa\saai\sa-code\core\src\goal_scheduler_test.cj:41:21:

   | 

41 |     let (root, log, svc) = activeGoal()

   |                     ^ unused variable

   | 

   # note: this warning can be suppressed by setting the compiler option `-Woff unused`

note[0m: the warning occurs after the macro is expanded

  ==> D:\Project\sa\saai\sa-code\core\src\goal_scheduler_test.cj:39:1:

   | 

39 |   @Test

   |  _^

40 | | func schedulerRoundAccountsElapsedAndRounds() {

   | | ...

52 | | }

   | |_^

   | 

note[0m: the code after the macro is expanded as follows

   | 

   |   /* 39.1 */@Attribute[TEST_GENERATED] class TestCase_schedulerRoundAccountsElapsedAndRounds <: TestClass {

   |  _^

   | | /* 39.2 */    init() {

   | | /* 39.3 */    }

   | | /* 39.4 */    private func classConfiguration(): Configuration {

   | | /* 39.5 */        let configuration = Configuration()

   | | /* 39.6 */        configuration.set(KeyFromTopLevel.fromTopLevel, true)

   | | /* 39.7 */        

   | | /* 39.8 */        return configuration

   | | /* 39.9 */    }

   | | /* 39.10 */    public override func asTestSuite(): TestSuite {

   | | /* 39.11 */        

   | | /* 39.12 */        let suiteConfiguration = classConfiguration()

   | | /* 39.13 */        let suiteBuilder = TestSuite.builder("TestCase_schedulerRoundAccountsElapsedAndRounds").confi
gure(suiteConfiguration)

   | | /* 39.14 */        

   | | /* 39.15 */        { => let caseConfig = Configuration()

   | | /* 39.16 */            caseConfig.set(KeyFromTopLevel.fromTopLevel, true)

   | | /* 39.17 */            

   | | /* 39.18 */            let schedulerRoundAccountsElapsedAndRoundsTestFunc = { => schedulerRoundAccountsElapsedAn
dRounds();() }

   | | /* 39.19 */            suiteBuilder.add(

   | | /* 39.20 */            UnitTestCase.create(

   | | /* 39.21 */            "schedulerRoundAccountsElapsedAndRounds",

   | | /* 39.22 */            configuration: caseConfig,

   | | /* 39.23 */            body: schedulerRoundAccountsElapsedAndRoundsTestFunc

   | | /* 39.24 */            )

   | | /* 39.25 */            )

   | | /* 39.26 */            

   | | /* 39.27 */        }()

   | | /* 39.28 */        

   | | /* 39.29 */        return suiteBuilder.build()

   | | /* 39.30 */    }

   | | /* 39.31 */    private func inheritedFromClassAnnotatedByTestTemplate < T >(): TestSuite where T <: TestClass {

   | | /* 39.32 */        throw Exception("Unreachable code")

   | | /* 39.33 */    }

   | | /* 39.34 */}

   | | /* 39.35 */func schedulerRoundAccountsElapsedAndRounds() {

   | | /* 39.36 */    let(root, log, svc) = activeGoal()

   | | /* 39.37 */    let fc = FakeClock()

   | | /* 39.38 */    let s = GoalScheduler(log, { => fc.now() })

   | | /* 39.39 */    s.beginRound()

   | | /* 39.40 */    fc.advance(3)

   | | /* 39.41 */    s.endRound(true)

   | | /* 39.42 */    expectEqual("s.roundsDone()", "Int64(1)", s.roundsDone(), Int64(1), isDelta: false,)

   | | /* 39.43 */    expectEqual("s.elapsedSeconds()", "Int64(3)", s.elapsedSeconds(), Int64(3), isDelta: false,)

   | | /* 39.44 */    

   | | /* 39.45 */    expectEqual("log.deriveMessages().size", "Int64(0)", log.deriveMessages().size, Int64(0), isDelta
: false,)

   | | /* 39.46 */    removeIfExists(root, recursive: true)

   | | /* 39.47 */}

   | | /* 39.48 */

   | | /* 39.49 */

   | | /* 39.50 */interface TestPackageExtension_TestCase_schedulerRoundAccountsElapsedAndRounds {

   | | /* 39.51 */    func registerTestCase_schedulerRoundAccountsElapsedAndRounds(): Unit

   | | /* 39.52 */}

   | | /* 39.53 */extend TestPackage <: TestPackageExtension_TestCase_schedulerRoundAccountsElapsedAndRounds {

   | | /* 39.54 */    @Attribute[TEST_REGISTER]

   | | /* 39.55 */    public func registerTestCase_schedulerRoundAccountsElapsedAndRounds() {

   | | /* 39.56 */        registerSuite({ => TestCase_schedulerRoundAccountsElapsedAndRounds().asTestSuite() })

   | | /* 39.57 */    }

   | | /* 39.58 */}

   | | /* 39.59 */

   | |___________^

   | 

note[0m: which is expanded as follows

   | 

   | /* 39.36 */    let(root, log, svc) = activeGoal()

   |                               ^^^ 

   | 



warning[0m: unused variable:'secure'

  ==> D:\Project\sa\saai\sa-code\core\src\transport_failure_test.cj:52:28:

   | 

52 |     withSseNetwork({ base, secure =>

   |                            ^ unused variable

   | 

   # note: this warning can be suppressed by setting the compiler option `-Woff unused`

note[0m: the warning occurs after the macro is expanded

  ==> D:\Project\sa\saai\sa-code\core\src\transport_failure_test.cj:50:1:

   | 

50 |   @Test

   |  _^

51 | | func quotaFailureCarriesRetryAfterFromTheRealHeader() {

   | | ...

73 | | }

   | |_^

   | 

note[0m: the code after the macro is expanded as follows

    | 

    |   /* 50.1 */@Attribute[TEST_GENERATED] class TestCase_quotaFailureCarriesRetryAfterFromTheRealHeader <: TestClass
 {

    |  _^

    | | /* 50.2 */    init() {

    | | /* 50.3 */    }

    | | /* 50.4 */    private func classConfiguration(): Configuration {

    | | /* 50.5 */        let configuration = Configuration()

    | | /* 50.6 */        configuration.set(KeyFromTopLevel.fromTopLevel, true)

    | | /* 50.7 */        

    | | /* 50.8 */        return configuration

    | | /* 50.9 */    }

    | | /* 50.10 */    public override func asTestSuite(): TestSuite {

    | | /* 50.11 */        

    | | /* 50.12 */        let suiteConfiguration = classConfiguration()

    | | /* 50.13 */        let suiteBuilder = TestSuite.builder("TestCase_quotaFailureCarriesRetryAfterFromTheRealHeade
r").configure(suiteConfiguration)

    | | /* 50.14 */        

    | | /* 50.15 */        { => let caseConfig = Configuration()

    | | /* 50.16 */            caseConfig.set(KeyFromTopLevel.fromTopLevel, true)

    | | /* 50.17 */            

    | | /* 50.18 */            let quotaFailureCarriesRetryAfterFromTheRealHeaderTestFunc = { => quotaFailureCarriesRet
ryAfterFromTheRealHeader();() }

    | | /* 50.19 */            suiteBuilder.add(

    | | /* 50.20 */            UnitTestCase.create(

    | | /* 50.21 */            "quotaFailureCarriesRetryAfterFromTheRealHeader",

    | | /* 50.22 */            configuration: caseConfig,

    | | /* 50.23 */            body: quotaFailureCarriesRetryAfterFromTheRealHeaderTestFunc

    | | /* 50.24 */            )

    | | /* 50.25 */            )

    | | /* 50.26 */            

    | | /* 50.27 */        }()

    | | /* 50.28 */        

    | | /* 50.29 */        return suiteBuilder.build()

    | | /* 50.30 */    }

    | | /* 50.31 */    private func inheritedFromClassAnnotatedByTestTemplate < T >(): TestSuite where T <: TestClass {

    | | /* 50.32 */        throw Exception("Unreachable code")

    | | /* 50.33 */    }

    | | /* 50.34 */}

    | | /* 50.35 */func quotaFailureCarriesRetryAfterFromTheRealHeader() {

    | | /* 50.36 */    withSseNetwork({ base, secure =>

    | | /* 50.37 */        let quota = RealSseProvider.open("${base}/quota", "fixture-only", "{}", TurnToken())

    | | /* 50.38 */        expectEqual("quota.provider.isNone()", "true", quota.provider.isNone(), true, isDelta: false
,)

    | | /* 50.39 */        let f = quota.failure.getOrThrow()

    | | /* 50.40 */        expectEqual("f.status", "Int64(429)", f.status, Int64(429), isDelta: false,)

    | | /* 50.41 */        expectEqual("f.retryAfterSeconds", "Int64(42)", f.retryAfterSeconds, Int64(42), isDelta: fal
se,)

    | | /* 50.42 */        

    | | /* 50.43 */        expectEqual("f.reachedUpstream", "true", f.reachedUpstream, true, isDelta: false,)

    | | /* 50.44 */        

    | | /* 50.45 */        let plain = RealSseProvider.open("${base}/500", "fixture-only", "{}", TurnToken())

    | | /* 50.46 */        expectEqual("plain.provider.isNone()", "true", plain.provider.isNone(), true, isDelta: false
,)

    | | /* 50.47 */        expectEqual("plain.failure.getOrThrow().retryAfterSeconds", "Int64(- 1)", plain.failure.getO
rThrow().retryAfterSeconds, Int64(- 1), isDelta: false,)

    | | /* 50.48 */        

    | | /* 50.49 */        var message = ""

    | | /* 50.50 */        try {

    | | /* 50.51 */            RealSseProvider("${base}/500", "fixture-only", "{}", TurnToken())

    | | /* 50.52 */        } catch(e: Exception) {

    | | /* 50.53 */            message = e.message

    | | /* 50.54 */        }

    | | /* 50.55 */        expectEqual("message", "\"http-status:500\"", message, "http-status:500", isDelta: false,)

    | | /* 50.56 */    })

    | | /* 50.57 */}

    | | /* 50.58 */

    | | /* 50.59 */

    | | /* 50.60 */interface TestPackageExtension_TestCase_quotaFailureCarriesRetryAfterFromTheRealHeader {

    | | /* 50.61 */    func registerTestCase_quotaFailureCarriesRetryAfterFromTheRealHeader(): Unit

    | | /* 50.62 */}

    | | /* 50.63 */extend TestPackage <: TestPackageExtension_TestCase_quotaFailureCarriesRetryAfterFromTheRealHeader {

    | | /* 50.64 */    @Attribute[TEST_REGISTER]

    | | /* 50.65 */    public func registerTestCase_quotaFailureCarriesRetryAfterFromTheRealHeader() {

    | | /* 50.66 */        registerSuite({ => TestCase_quotaFailureCarriesRetryAfterFromTheRealHeader().asTestSuite() }
)

    | | /* 50.67 */    }

    | | /* 50.68 */}

    | | /* 50.69 */

    | |___________^

    | 

note[0m: which is expanded as follows

    | 

    | /* 50.36 */    withSseNetwork({ base, secure =>

    |                                       ^^^^^^ 

    | 



warning[0m: unused variable:'reg'

  ==> D:\Project\sa\saai\sa-code\core\src\pipeline_test.cj:56:15:

   | 

56 |     let (log, reg, rt) = newRuntime("guard")

   |               ^ unused variable

   | 

   # note: this warning can be suppressed by setting the compiler option `-Woff unused`

note[0m: the warning occurs after the macro is expanded

  ==> D:\Project\sa\saai\sa-code\core\src\pipeline_test.cj:54:1:

   | 

54 |   @Test

   |  _^

55 | | func guardDenialStopsBeforeAnyMutation() {

   | | ...

69 | | }

   | |_^

   | 

note[0m: the code after the macro is expanded as follows

    | 

    |   /* 54.1 */@Attribute[TEST_GENERATED] class TestCase_guardDenialStopsBeforeAnyMutation <: TestClass {

    |  _^

    | | /* 54.2 */    init() {

    | | /* 54.3 */    }

    | | /* 54.4 */    private func classConfiguration(): Configuration {

    | | /* 54.5 */        let configuration = Configuration()

    | | /* 54.6 */        configuration.set(KeyFromTopLevel.fromTopLevel, true)

    | | /* 54.7 */        

    | | /* 54.8 */        return configuration

    | | /* 54.9 */    }

    | | /* 54.10 */    public override func asTestSuite(): TestSuite {

    | | /* 54.11 */        

    | | /* 54.12 */        let suiteConfiguration = classConfiguration()

    | | /* 54.13 */        let suiteBuilder = TestSuite.builder("TestCase_guardDenialStopsBeforeAnyMutation").configure
(suiteConfiguration)

    | | /* 54.14 */        

    | | /* 54.15 */        { => let caseConfig = Configuration()

    | | /* 54.16 */            caseConfig.set(KeyFromTopLevel.fromTopLevel, true)

    | | /* 54.17 */            

    | | /* 54.18 */            let guardDenialStopsBeforeAnyMutationTestFunc = { => guardDenialStopsBeforeAnyMutation()
;() }

    | | /* 54.19 */            suiteBuilder.add(

    | | /* 54.20 */            UnitTestCase.create(

    | | /* 54.21 */            "guardDenialStopsBeforeAnyMutation",

    | | /* 54.22 */            configuration: caseConfig,

    | | /* 54.23 */            body: guardDenialStopsBeforeAnyMutationTestFunc

    | | /* 54.24 */            )

    | | /* 54.25 */            )

    | | /* 54.26 */            

    | | /* 54.27 */        }()

    | | /* 54.28 */        

    | | /* 54.29 */        return suiteBuilder.build()

    | | /* 54.30 */    }

    | | /* 54.31 */    private func inheritedFromClassAnnotatedByTestTemplate < T >(): TestSuite where T <: TestClass {

    | | /* 54.32 */        throw Exception("Unreachable code")

    | | /* 54.33 */    }

    | | /* 54.34 */}

    | | /* 54.35 */func guardDenialStopsBeforeAnyMutation() {

    | | /* 54.36 */    let(log, reg, rt) = newRuntime("guard")

    | | /* 54.37 */    removeIfExists("pipe-guard.txt", recursive: false)

    | | /* 54.38 */    let r = rt.execute("write", "pipe-guard.txt  x", "allowed-once", false)

    | | /* 54.39 */    expectEqual("r.allowed", "false", r.allowed, false, isDelta: false,)

    | | /* 54.40 */    expectEqual("r.why", "\"guard-denied\"", r.why, "guard-denied", isDelta: false,)

    | | /* 54.41 */    

    | | /* 54.42 */    expectEqual("rt.lastDetail.stage", "\"guard-denied\"", rt.lastDetail.stage, "guard-denied", isDe
lta: false,)

    | | /* 54.43 */    expectEqual("rt.lastDetail.argsAfterPre", "\"\"", rt.lastDetail.argsAfterPre, "", isDelta: false
,)

    | | /* 54.44 */    expectEqual("rt.lastDetail.preRewrote", "false", rt.lastDetail.preRewrote, false, isDelta: false
,)

    | | /* 54.45 */    expectEqual("rt.lastDetail.snapshotBefore", "Int64(- 1)", rt.lastDetail.snapshotBefore, Int64(- 
1), isDelta: false,)

    | | /* 54.46 */    expectEqual("exists(Path(\"pipe-guard.txt\"))", "false", exists(Path("pipe-guard.txt")), false, 
isDelta: false,)

    | | /* 54.47 */    expectEqual("lastResult(log)", "\"denied:write:guard\"", lastResult(log), "denied:write:guard", 
isDelta: false,)

    | | /* 54.48 */    removeIfExists(pipePath("guard"), recursive: false)

    | | /* 54.49 */}

    | | /* 54.50 */

    | | /* 54.51 */

    | | /* 54.52 */interface TestPackageExtension_TestCase_guardDenialStopsBeforeAnyMutation {

    | | /* 54.53 */    func registerTestCase_guardDenialStopsBeforeAnyMutation(): Unit

    | | /* 54.54 */}

    | | /* 54.55 */extend TestPackage <: TestPackageExtension_TestCase_guardDenialStopsBeforeAnyMutation {

    | | /* 54.56 */    @Attribute[TEST_REGISTER]

    | | /* 54.57 */    public func registerTestCase_guardDenialStopsBeforeAnyMutation() {

    | | /* 54.58 */        registerSuite({ => TestCase_guardDenialStopsBeforeAnyMutation().asTestSuite() })

    | | /* 54.59 */    }

    | | /* 54.60 */}

    | | /* 54.61 */

    | |___________^

    | 

note[0m: which is expanded as follows

    | 

    | /* 54.36 */    let(log, reg, rt) = newRuntime("guard")

    |                         ^^^ 

    | 



warning[0m: unused variable:'svc'

  ==> D:\Project\sa\saai\sa-code\core\src\goal_scheduler_test.cj:57:21:

   | 

57 |     let (root, log, svc) = activeGoal()

   |                     ^ unused variable

   | 

   # note: this warning can be suppressed by setting the compiler option `-Woff unused`

note[0m: the warning occurs after the macro is expanded

  ==> D:\Project\sa\saai\sa-code\core\src\goal_scheduler_test.cj:55:1:

   | 

55 |   @Test

   |  _^

56 | | func schedulerSumRoundsAcrossMultiple() {

   | | ...

65 | | }

   | |_^

   | 

note[0m: the code after the macro is expanded as follows

    | 

    |   /* 55.1 */@Attribute[TEST_GENERATED] class TestCase_schedulerSumRoundsAcrossMultiple <: TestClass {

    |  _^

    | | /* 55.2 */    init() {

    | | /* 55.3 */    }

    | | /* 55.4 */    private func classConfiguration(): Configuration {

    | | /* 55.5 */        let configuration = Configuration()

    | | /* 55.6 */        configuration.set(KeyFromTopLevel.fromTopLevel, true)

    | | /* 55.7 */        

    | | /* 55.8 */        return configuration

    | | /* 55.9 */    }

    | | /* 55.10 */    public override func asTestSuite(): TestSuite {

    | | /* 55.11 */        

    | | /* 55.12 */        let suiteConfiguration = classConfiguration()

    | | /* 55.13 */        let suiteBuilder = TestSuite.builder("TestCase_schedulerSumRoundsAcrossMultiple").configure(
suiteConfiguration)

    | | /* 55.14 */        

    | | /* 55.15 */        { => let caseConfig = Configuration()

    | | /* 55.16 */            caseConfig.set(KeyFromTopLevel.fromTopLevel, true)

    | | /* 55.17 */            

    | | /* 55.18 */            let schedulerSumRoundsAcrossMultipleTestFunc = { => schedulerSumRoundsAcrossMultiple();(
) }

    | | /* 55.19 */            suiteBuilder.add(

    | | /* 55.20 */            UnitTestCase.create(

    | | /* 55.21 */            "schedulerSumRoundsAcrossMultiple",

    | | /* 55.22 */            configuration: caseConfig,

    | | /* 55.23 */            body: schedulerSumRoundsAcrossMultipleTestFunc

    | | /* 55.24 */            )

    | | /* 55.25 */            )

    | | /* 55.26 */            

    | | /* 55.27 */        }()

    | | /* 55.28 */        

    | | /* 55.29 */        return suiteBuilder.build()

    | | /* 55.30 */    }

    | | /* 55.31 */    private func inheritedFromClassAnnotatedByTestTemplate < T >(): TestSuite where T <: TestClass {

    | | /* 55.32 */        throw Exception("Unreachable code")

    | | /* 55.33 */    }

    | | /* 55.34 */}

    | | /* 55.35 */func schedulerSumRoundsAcrossMultiple() {

    | | /* 55.36 */    let(root, log, svc) = activeGoal()

    | | /* 55.37 */    let fc = FakeClock()

    | | /* 55.38 */    let s = GoalScheduler(log, { => fc.now() })

    | | /* 55.39 */    s.beginRound(); fc.advance(2); s.endRound(true)

    | | /* 55.40 */    s.beginRound(); fc.advance(5); s.endRound(true)

    | | /* 55.41 */    expectEqual("s.roundsDone()", "Int64(2)", s.roundsDone(), Int64(2), isDelta: false,)

    | | /* 55.42 */    expectEqual("s.elapsedSeconds()", "Int64(7)", s.elapsedSeconds(), Int64(7), isDelta: false,)

    | | /* 55.43 */    removeIfExists(root, recursive: true)

    | | /* 55.44 */}

    | | /* 55.45 */

    | | /* 55.46 */

    | | /* 55.47 */interface TestPackageExtension_TestCase_schedulerSumRoundsAcrossMultiple {

    | | /* 55.48 */    func registerTestCase_schedulerSumRoundsAcrossMultiple(): Unit

    | | /* 55.49 */}

    | | /* 55.50 */extend TestPackage <: TestPackageExtension_TestCase_schedulerSumRoundsAcrossMultiple {

    | | /* 55.51 */    @Attribute[TEST_REGISTER]

    | | /* 55.52 */    public func registerTestCase_schedulerSumRoundsAcrossMultiple() {

    | | /* 55.53 */        registerSuite({ => TestCase_schedulerSumRoundsAcrossMultiple().asTestSuite() })

    | | /* 55.54 */    }

    | | /* 55.55 */}

    | | /* 55.56 */

    | |___________^

    | 

note[0m: which is expanded as follows

    | 

    | /* 55.36 */    let(root, log, svc) = activeGoal()

    |                               ^^^ 

    | 



warning[0m: unused function:'lgSlice'

  ==> D:\Project\sa\saai\sa-code\core\src\ledger_test.cj:65:1:

   | 

65 |   func lgSlice(text: String, from: String, to: String): String {

   |  _^

66 | |     let a = text.indexOf(from) ?? Int64(-1)

   | | ...

76 | | }

   | |_^ unused function

   | 

   # note: this warning can be suppressed by setting the compiler option `-Woff unused`



warning[0m: unused variable:'log'

  ==> D:\Project\sa\saai\sa-code\core\src\pipeline_test.cj:77:10:

   | 

77 |     let (log, reg, rt) = newRuntime("snap")

   |          ^ unused variable

   | 

   # note: this warning can be suppressed by setting the compiler option `-Woff unused`

note[0m: the warning occurs after the macro is expanded

  ==> D:\Project\sa\saai\sa-code\core\src\pipeline_test.cj:73:1:

   | 

73 |   @Test

   |  _^

74 | | func snapshotRecordsPriorBytesAndVerifiesLossless() {

   | | ...

86 | | }

   | |_^

   | 

note[0m: the code after the macro is expanded as follows

    | 

    |   /* 73.1 */@Attribute[TEST_GENERATED] class TestCase_snapshotRecordsPriorBytesAndVerifiesLossless <: TestClass {

    |  _^

    | | /* 73.2 */    init() {

    | | /* 73.3 */    }

    | | /* 73.4 */    private func classConfiguration(): Configuration {

    | | /* 73.5 */        let configuration = Configuration()

    | | /* 73.6 */        configuration.set(KeyFromTopLevel.fromTopLevel, true)

    | | /* 73.7 */        

    | | /* 73.8 */        return configuration

    | | /* 73.9 */    }

    | | /* 73.10 */    public override func asTestSuite(): TestSuite {

    | | /* 73.11 */        

    | | /* 73.12 */        let suiteConfiguration = classConfiguration()

    | | /* 73.13 */        let suiteBuilder = TestSuite.builder("TestCase_snapshotRecordsPriorBytesAndVerifiesLossless"
).configure(suiteConfiguration)

    | | /* 73.14 */        

    | | /* 73.15 */        { => let caseConfig = Configuration()

    | | /* 73.16 */            caseConfig.set(KeyFromTopLevel.fromTopLevel, true)

    | | /* 73.17 */            

    | | /* 73.18 */            let snapshotRecordsPriorBytesAndVerifiesLosslessTestFunc = { => snapshotRecordsPriorByte
sAndVerifiesLossless();() }

    | | /* 73.19 */            suiteBuilder.add(

    | | /* 73.20 */            UnitTestCase.create(

    | | /* 73.21 */            "snapshotRecordsPriorBytesAndVerifiesLossless",

    | | /* 73.22 */            configuration: caseConfig,

    | | /* 73.23 */            body: snapshotRecordsPriorBytesAndVerifiesLosslessTestFunc

    | | /* 73.24 */            )

    | | /* 73.25 */            )

    | | /* 73.26 */            

    | | /* 73.27 */        }()

    | | /* 73.28 */        

    | | /* 73.29 */        return suiteBuilder.build()

    | | /* 73.30 */    }

    | | /* 73.31 */    private func inheritedFromClassAnnotatedByTestTemplate < T >(): TestSuite where T <: TestClass {

    | | /* 73.32 */        throw Exception("Unreachable code")

    | | /* 73.33 */    }

    | | /* 73.34 */}

    | | /* 73.35 */func snapshotRecordsPriorBytesAndVerifiesLossless() {

    | | /* 73.36 */    let target = "pipe-snap.txt"

    | | /* 73.37 */    File.writeTo(target, "OLD-CONTENT".toArray())

    | | /* 73.38 */    let(log, reg, rt) = newRuntime("snap")

    | | /* 73.39 */    expectEqual("rt.execute(\"read\", target, \"\", true).allowed", "true", rt.execute("read", targe
t, "", true).allowed, true, isDelta: false,)

    | | /* 73.40 */    let r = rt.execute("write", "${target} new content here", "allowed-once", true)

    | | /* 73.41 */    expectEqual("r.allowed", "true", r.allowed, true, isDelta: false,)

    | | /* 73.42 */    expectEqual("rt.lastDetail.snapshotBefore", "Int64(11)", rt.lastDetail.snapshotBefore, Int64(11)
, isDelta: false,)

    | | /* 73.43 */    expectEqual("rt.lastDetail.verified", "true", rt.lastDetail.verified, true, isDelta: false,)

    | | /* 73.44 */    expectEqual("rt.lastDetail.stage", "\"ran\"", rt.lastDetail.stage, "ran", isDelta: false,)

    | | /* 73.45 */    expectEqual("String.fromUtf8(File.readFrom(target))", "\"new content here\"", String.fromUtf8(Fi
le.readFrom(target)), "new content here", isDelta: false,)

    | | /* 73.46 */    cleanUp("snap", target)

    | | /* 73.47 */}

    | | /* 73.48 */

    | | /* 73.49 */

    | | /* 73.50 */interface TestPackageExtension_TestCase_snapshotRecordsPriorBytesAndVerifiesLossless {

    | | /* 73.51 */    func registerTestCase_snapshotRecordsPriorBytesAndVerifiesLossless(): Unit

    | | /* 73.52 */}

    | | /* 73.53 */extend TestPackage <: TestPackageExtension_TestCase_snapshotRecordsPriorBytesAndVerifiesLossless {

    | | /* 73.54 */    @Attribute[TEST_REGISTER]

    | | /* 73.55 */    public func registerTestCase_snapshotRecordsPriorBytesAndVerifiesLossless() {

    | | /* 73.56 */        registerSuite({ => TestCase_snapshotRecordsPriorBytesAndVerifiesLossless().asTestSuite() })

    | | /* 73.57 */    }

    | | /* 73.58 */}

    | | /* 73.59 */

    | |___________^

    | 

note[0m: which is expanded as follows

    | 

    | /* 73.38 */    let(log, reg, rt) = newRuntime("snap")

    |                    ^^^ 

    | 



warning[0m: unused variable:'reg'

  ==> D:\Project\sa\saai\sa-code\core\src\pipeline_test.cj:77:15:

   | 

77 |     let (log, reg, rt) = newRuntime("snap")

   |               ^ unused variable

   | 

   # note: this warning can be suppressed by setting the compiler option `-Woff unused`

note[0m: the warning occurs after the macro is expanded

  ==> D:\Project\sa\saai\sa-code\core\src\pipeline_test.cj:73:1:

   | 

73 |   @Test

   |  _^

74 | | func snapshotRecordsPriorBytesAndVerifiesLossless() {

   | | ...

86 | | }

   | |_^

   | 

note[0m: which is expanded as follows

    | 

    | /* 73.38 */    let(log, reg, rt) = newRuntime("snap")

    |                         ^^^ 

    | 



warning[0m: unused variable:'log'

  ==> D:\Project\sa\saai\sa-code\core\src\pipeline_test.cj:92:10:

   | 

92 |     let (log, reg, rt) = newRuntime("fail")

   |          ^ unused variable

   | 

   # note: this warning can be suppressed by setting the compiler option `-Woff unused`

note[0m: the warning occurs after the macro is expanded

   ==> D:\Project\sa\saai\sa-code\core\src\pipeline_test.cj:90:1:

    | 

90  |   @Test

    |  _^

91  | | func failureCodesAreDistinctPerStage() {

    | | ...

122 | | }

    | |_^

    | 

note[0m: the code after the macro is expanded as follows

    | 

    |   /* 90.1 */@Attribute[TEST_GENERATED] class TestCase_failureCodesAreDistinctPerStage <: TestClass {

    |  _^

    | | /* 90.2 */    init() {

    | | /* 90.3 */    }

    | | /* 90.4 */    private func classConfiguration(): Configuration {

    | | /* 90.5 */        let configuration = Configuration()

    | | /* 90.6 */        configuration.set(KeyFromTopLevel.fromTopLevel, true)

    | | /* 90.7 */        

    | | /* 90.8 */        return configuration

    | | /* 90.9 */    }

    | | /* 90.10 */    public override func asTestSuite(): TestSuite {

    | | /* 90.11 */        

    | | /* 90.12 */        let suiteConfiguration = classConfiguration()

    | | /* 90.13 */        let suiteBuilder = TestSuite.builder("TestCase_failureCodesAreDistinctPerStage").configure(s
uiteConfiguration)

    | | /* 90.14 */        

    | | /* 90.15 */        { => let caseConfig = Configuration()

    | | /* 90.16 */            caseConfig.set(KeyFromTopLevel.fromTopLevel, true)

    | | /* 90.17 */            

    | | /* 90.18 */            let failureCodesAreDistinctPerStageTestFunc = { => failureCodesAreDistinctPerStage();() 
}

    | | /* 90.19 */            suiteBuilder.add(

    | | /* 90.20 */            UnitTestCase.create(

    | | /* 90.21 */            "failureCodesAreDistinctPerStage",

    | | /* 90.22 */            configuration: caseConfig,

    | | /* 90.23 */            body: failureCodesAreDistinctPerStageTestFunc

    | | /* 90.24 */            )

    | | /* 90.25 */            )

    | | /* 90.26 */            

    | | /* 90.27 */        }()

    | | /* 90.28 */        

    | | /* 90.29 */        return suiteBuilder.build()

    | | /* 90.30 */    }

    | | /* 90.31 */    private func inheritedFromClassAnnotatedByTestTemplate < T >(): TestSuite where T <: TestClass {

    | | /* 90.32 */        throw Exception("Unreachable code")

    | | /* 90.33 */    }

    | | /* 90.34 */}

    | | /* 90.35 */func failureCodesAreDistinctPerStage() {

    | | /* 90.36 */    let(log, reg, rt) = newRuntime("fail")

    | | /* 90.37 */    

    | | /* 90.38 */    

    | | /* 90.39 */    

    | | /* 90.40 */    reg.register(ToolSpec("edit", "还没实现的工具", "path", false))

    | | /* 90.41 */    let badArgs = rt.execute("write", "only-a-path", "allowed-once", true)

    | | /* 90.42 */    expectEqual("badArgs.allowed", "false", badArgs.allowed, false, isDelta: false,)

    | | /* 90.43 */    expectEqual("rt.lastDetail.stage", "\"bad-args\"", rt.lastDetail.stage, "bad-args", isDelta: fal
se,)

    | | /* 90.44 */    let unknownImpl = rt.execute("edit", "x.txt y", "allowed-once", true)

    | | /* 90.45 */    expectEqual("unknownImpl.allowed", "false", unknownImpl.allowed, false, isDelta: false,)

    | | /* 90.46 */    expectEqual("rt.lastDetail.stage", "\"unknown-tool\"", rt.lastDetail.stage, "unknown-tool", isDe
lta: false,)

    | | /* 90.47 */    let ioErr = rt.execute("write", "no-such-dir/pipe-fail.txt y", "allowed-once", true)

    | | /* 90.48 */    expectEqual("ioErr.allowed", "false", ioErr.allowed, false, isDelta: false,)

    | | /* 90.49 */    expectEqual("rt.lastDetail.stage", "\"io-error\"", rt.lastDetail.stage, "io-error", isDelta: fal
se,)

    | | /* 90.50 */    let denied = rt.execute("write", "pipe-fail.txt y", "no-answer", true)

    | | /* 90.51 */    expectEqual("denied.allowed", "false", denied.allowed, false, isDelta: false,)

    | | /* 90.52 */    expectEqual("rt.lastDetail.stage", "\"approval-denied\"", rt.lastDetail.stage, "approval-denied"
, isDelta: false,)

    | | /* 90.53 */    let unreg = rt.execute("rm-rf", "a b", "allowed-once", true)

    | | /* 90.54 */    expectEqual("unreg.allowed", "false", unreg.allowed, false, isDelta: false,)

    | | /* 90.55 */    expectEqual("rt.lastDetail.stage", "\"unregistered\"", rt.lastDetail.stage, "unregistered", isDe
lta: false,)

    | | /* 90.56 */    

    | | /* 90.57 */    let seen = HashSet < String >()

    | | /* 90.58 */    seen.add("bad-args")

    | | /* 90.59 */    seen.add("unknown-tool")

    | | /* 90.60 */    seen.add("io-error")

    | | /* 90.61 */    seen.add("approval-denied")

    | | /* 90.62 */    seen.add("unregistered")

    | | /* 90.63 */    expectEqual("seen.size", "Int64(5)", seen.size, Int64(5), isDelta: false,)

    | | /* 90.64 */    removeIfExists("pipe-fail.txt", recursive: false)

    | | /* 90.65 */    removeIfExists(pipePath("fail"), recursive: false)

    | | /* 90.66 */}

    | | /* 90.67 */

    | | /* 90.68 */

    | | /* 90.69 */interface TestPackageExtension_TestCase_failureCodesAreDistinctPerStage {

    | | /* 90.70 */    func registerTestCase_failureCodesAreDistinctPerStage(): Unit

    | | /* 90.71 */}

    | | /* 90.72 */extend TestPackage <: TestPackageExtension_TestCase_failureCodesAreDistinctPerStage {

    | | /* 90.73 */    @Attribute[TEST_REGISTER]

    | | /* 90.74 */    public func registerTestCase_failureCodesAreDistinctPerStage() {

    | | /* 90.75 */        registerSuite({ => TestCase_failureCodesAreDistinctPerStage().asTestSuite() })

    | | /* 90.76 */    }

    | | /* 90.77 */}

    | | /* 90.78 */

    | |___________^

    | 

note[0m: which is expanded as follows

    | 

    | /* 90.36 */    let(log, reg, rt) = newRuntime("fail")

    |                    ^^^ 

    | 



warning[0m: unused variable:'svc'

  ==> D:\Project\sa\saai\sa-code\core\src\goal_scheduler_test.cj:93:21:

   | 

93 |     let (root, log, svc) = activeGoal()

   |                     ^ unused variable

   | 

   # note: this warning can be suppressed by setting the compiler option `-Woff unused`

note[0m: the warning occurs after the macro is expanded

   ==> D:\Project\sa\saai\sa-code\core\src\goal_scheduler_test.cj:91:1:

    | 

91  |   @Test

    |  _^

92  | | func schedulerEndRoundWithoutBeginThrows() {

    | | ...

107 | | }

    | |_^

    | 

note[0m: the code after the macro is expanded as follows

    | 

    |   /* 91.1 */@Attribute[TEST_GENERATED] class TestCase_schedulerEndRoundWithoutBeginThrows <: TestClass {

    |  _^

    | | /* 91.2 */    init() {

    | | /* 91.3 */    }

    | | /* 91.4 */    private func classConfiguration(): Configuration {

    | | /* 91.5 */        let configuration = Configuration()

    | | /* 91.6 */        configuration.set(KeyFromTopLevel.fromTopLevel, true)

    | | /* 91.7 */        

    | | /* 91.8 */        return configuration

    | | /* 91.9 */    }

    | | /* 91.10 */    public override func asTestSuite(): TestSuite {

    | | /* 91.11 */        

    | | /* 91.12 */        let suiteConfiguration = classConfiguration()

    | | /* 91.13 */        let suiteBuilder = TestSuite.builder("TestCase_schedulerEndRoundWithoutBeginThrows").configu
re(suiteConfiguration)

    | | /* 91.14 */        

    | | /* 91.15 */        { => let caseConfig = Configuration()

    | | /* 91.16 */            caseConfig.set(KeyFromTopLevel.fromTopLevel, true)

    | | /* 91.17 */            

    | | /* 91.18 */            let schedulerEndRoundWithoutBeginThrowsTestFunc = { => schedulerEndRoundWithoutBeginThro
ws();() }

    | | /* 91.19 */            suiteBuilder.add(

    | | /* 91.20 */            UnitTestCase.create(

    | | /* 91.21 */            "schedulerEndRoundWithoutBeginThrows",

    | | /* 91.22 */            configuration: caseConfig,

    | | /* 91.23 */            body: schedulerEndRoundWithoutBeginThrowsTestFunc

    | | /* 91.24 */            )

    | | /* 91.25 */            )

    | | /* 91.26 */            

    | | /* 91.27 */        }()

    | | /* 91.28 */        

    | | /* 91.29 */        return suiteBuilder.build()

    | | /* 91.30 */    }

    | | /* 91.31 */    private func inheritedFromClassAnnotatedByTestTemplate < T >(): TestSuite where T <: TestClass {

    | | /* 91.32 */        throw Exception("Unreachable code")

    | | /* 91.33 */    }

    | | /* 91.34 */}

    | | /* 91.35 */func schedulerEndRoundWithoutBeginThrows() {

    | | /* 91.36 */    let(root, log, svc) = activeGoal()

    | | /* 91.37 */    let fc = FakeClock()

    | | /* 91.38 */    let s = GoalScheduler(log, { => fc.now() })

    | | /* 91.39 */    let before = log.eventCount()

    | | /* 91.40 */    var threw = ""

    | | /* 91.41 */    try {

    | | /* 91.42 */        s.endRound(true)

    | | /* 91.43 */    } catch(e: Exception) {

    | | /* 91.44 */        threw = e.message

    | | /* 91.45 */    }

    | | /* 91.46 */    expectEqual("threw", "\"goal-round-not-started\"", threw, "goal-round-not-started", isDelta: fal
se,)

    | | /* 91.47 */    expectEqual("log.eventCount()", "before", log.eventCount(), before, isDelta: false,)

    | | /* 91.48 */    expectEqual("s.roundsDone()", "Int64(0)", s.roundsDone(), Int64(0), isDelta: false,)

    | | /* 91.49 */    removeIfExists(root, recursive: true)

    | | /* 91.50 */}

    | | /* 91.51 */

    | | /* 91.52 */

    | | /* 91.53 */interface TestPackageExtension_TestCase_schedulerEndRoundWithoutBeginThrows {

    | | /* 91.54 */    func registerTestCase_schedulerEndRoundWithoutBeginThrows(): Unit

    | | /* 91.55 */}

    | | /* 91.56 */extend TestPackage <: TestPackageExtension_TestCase_schedulerEndRoundWithoutBeginThrows {

    | | /* 91.57 */    @Attribute[TEST_REGISTER]

    | | /* 91.58 */    public func registerTestCase_schedulerEndRoundWithoutBeginThrows() {

    | | /* 91.59 */        registerSuite({ => TestCase_schedulerEndRoundWithoutBeginThrows().asTestSuite() })

    | | /* 91.60 */    }

    | | /* 91.61 */}

    | | /* 91.62 */

    | |___________^

    | 

note[0m: which is expanded as follows

    | 

    | /* 91.36 */    let(root, log, svc) = activeGoal()

    |                               ^^^ 

    | 



warning[0m: unused variable:'svc'

   ==> D:\Project\sa\saai\sa-code\core\src\goal_scheduler_test.cj:112:21:

    | 

112 |     let (root, log, svc) = activeGoal()

    |                     ^ unused variable

    | 

    # note: this warning can be suppressed by setting the compiler option `-Woff unused`

note[0m: the warning occurs after the macro is expanded

   ==> D:\Project\sa\saai\sa-code\core\src\goal_scheduler_test.cj:110:1:

    | 

110 |   @Test

    |  _^

111 | | func decideRunsWhenActiveWithinLimits() {

    | | ...

119 | | }

    | |_^

    | 

note[0m: the code after the macro is expanded as follows

    | 

    |   /* 110.1 */@Attribute[TEST_GENERATED] class TestCase_decideRunsWhenActiveWithinLimits <: TestClass {

    |  _^

    | | /* 110.2 */    init() {

    | | /* 110.3 */    }

    | | /* 110.4 */    private func classConfiguration(): Configuration {

    | | /* 110.5 */        let configuration = Configuration()

    | | /* 110.6 */        configuration.set(KeyFromTopLevel.fromTopLevel, true)

    | | /* 110.7 */        

    | | /* 110.8 */        return configuration

    | | /* 110.9 */    }

    | | /* 110.10 */    public override func asTestSuite(): TestSuite {

    | | /* 110.11 */        

    | | /* 110.12 */        let suiteConfiguration = classConfiguration()

    | | /* 110.13 */        let suiteBuilder = TestSuite.builder("TestCase_decideRunsWhenActiveWithinLimits").configure
(suiteConfiguration)

    | | /* 110.14 */        

    | | /* 110.15 */        { => let caseConfig = Configuration()

    | | /* 110.16 */            caseConfig.set(KeyFromTopLevel.fromTopLevel, true)

    | | /* 110.17 */            

    | | /* 110.18 */            let decideRunsWhenActiveWithinLimitsTestFunc = { => decideRunsWhenActiveWithinLimits();
() }

    | | /* 110.19 */            suiteBuilder.add(

    | | /* 110.20 */            UnitTestCase.create(

    | | /* 110.21 */            "decideRunsWhenActiveWithinLimits",

    | | /* 110.22 */            configuration: caseConfig,

    | | /* 110.23 */            body: decideRunsWhenActiveWithinLimitsTestFunc

    | | /* 110.24 */            )

    | | /* 110.25 */            )

    | | /* 110.26 */            

    | | /* 110.27 */        }()

    | | /* 110.28 */        

    | | /* 110.29 */        return suiteBuilder.build()

    | | /* 110.30 */    }

    | | /* 110.31 */    private func inheritedFromClassAnnotatedByTestTemplate < T >(): TestSuite where T <: TestClass 
{

    | | /* 110.32 */        throw Exception("Unreachable code")

    | | /* 110.33 */    }

    | | /* 110.34 */}

    | | /* 110.35 */func decideRunsWhenActiveWithinLimits() {

    | | /* 110.36 */    let(root, log, svc) = activeGoal()

    | | /* 110.37 */    let fc = FakeClock()

    | | /* 110.38 */    let s = GoalScheduler(log, { => fc.now() })

    | | /* 110.39 */    let d = s.decide("active", Int64(5), Int64(100), Int64(3), false)

    | | /* 110.40 */    expectEqual("d.run", "true", d.run, true, isDelta: false,)

    | | /* 110.41 */    expectEqual("d.reason", "\"\"", d.reason, "", isDelta: false,)

    | | /* 110.42 */    removeIfExists(root, recursive: true)

    | | /* 110.43 */}

    | | /* 110.44 */

    | | /* 110.45 */

    | | /* 110.46 */interface TestPackageExtension_TestCase_decideRunsWhenActiveWithinLimits {

    | | /* 110.47 */    func registerTestCase_decideRunsWhenActiveWithinLimits(): Unit

    | | /* 110.48 */}

    | | /* 110.49 */extend TestPackage <: TestPackageExtension_TestCase_decideRunsWhenActiveWithinLimits {

    | | /* 110.50 */    @Attribute[TEST_REGISTER]

    | | /* 110.51 */    public func registerTestCase_decideRunsWhenActiveWithinLimits() {

    | | /* 110.52 */        registerSuite({ => TestCase_decideRunsWhenActiveWithinLimits().asTestSuite() })

    | | /* 110.53 */    }

    | | /* 110.54 */}

    | | /* 110.55 */

    | |____________^

    | 

note[0m: which is expanded as follows

    | 

    | /* 110.36 */    let(root, log, svc) = activeGoal()

    |                                ^^^ 

    | 



warning[0m: unused variable:'svc'

   ==> D:\Project\sa\saai\sa-code\core\src\goal_scheduler_test.cj:124:21:

    | 

124 |     let (root, log, svc) = activeGoal()

    |                     ^ unused variable

    | 

    # note: this warning can be suppressed by setting the compiler option `-Woff unused`

note[0m: the warning occurs after the macro is expanded

   ==> D:\Project\sa\saai\sa-code\core\src\goal_scheduler_test.cj:122:1:

    | 

122 |   @Test

    |  _^

123 | | func decideStopsWhenPaused() {

    | | ...

131 | | }

    | |_^

    | 

note[0m: the code after the macro is expanded as follows

    | 

    |   /* 122.1 */@Attribute[TEST_GENERATED] class TestCase_decideStopsWhenPaused <: TestClass {

    |  _^

    | | /* 122.2 */    init() {

    | | /* 122.3 */    }

    | | /* 122.4 */    private func classConfiguration(): Configuration {

    | | /* 122.5 */        let configuration = Configuration()

    | | /* 122.6 */        configuration.set(KeyFromTopLevel.fromTopLevel, true)

    | | /* 122.7 */        

    | | /* 122.8 */        return configuration

    | | /* 122.9 */    }

    | | /* 122.10 */    public override func asTestSuite(): TestSuite {

    | | /* 122.11 */        

    | | /* 122.12 */        let suiteConfiguration = classConfiguration()

    | | /* 122.13 */        let suiteBuilder = TestSuite.builder("TestCase_decideStopsWhenPaused").configure(suiteConfi
guration)

    | | /* 122.14 */        

    | | /* 122.15 */        { => let caseConfig = Configuration()

    | | /* 122.16 */            caseConfig.set(KeyFromTopLevel.fromTopLevel, true)

    | | /* 122.17 */            

    | | /* 122.18 */            let decideStopsWhenPausedTestFunc = { => decideStopsWhenPaused();() }

    | | /* 122.19 */            suiteBuilder.add(

    | | /* 122.20 */            UnitTestCase.create(

    | | /* 122.21 */            "decideStopsWhenPaused",

    | | /* 122.22 */            configuration: caseConfig,

    | | /* 122.23 */            body: decideStopsWhenPausedTestFunc

    | | /* 122.24 */            )

    | | /* 122.25 */            )

    | | /* 122.26 */            

    | | /* 122.27 */        }()

    | | /* 122.28 */        

    | | /* 122.29 */        return suiteBuilder.build()

    | | /* 122.30 */    }

    | | /* 122.31 */    private func inheritedFromClassAnnotatedByTestTemplate < T >(): TestSuite where T <: TestClass 
{

    | | /* 122.32 */        throw Exception("Unreachable code")

    | | /* 122.33 */    }

    | | /* 122.34 */}

    | | /* 122.35 */func decideStopsWhenPaused() {

    | | /* 122.36 */    let(root, log, svc) = activeGoal()

    | | /* 122.37 */    let fc = FakeClock()

    | | /* 122.38 */    let s = GoalScheduler(log, { => fc.now() })

    | | /* 122.39 */    let d = s.decide("paused", Int64(5), Int64(100), Int64(3), false)

    | | /* 122.40 */    expectEqual("d.run", "false", d.run, false, isDelta: false,)

    | | /* 122.41 */    expectEqual("d.reason", "\"paused\"", d.reason, "paused", isDelta: false,)

    | | /* 122.42 */    removeIfExists(root, recursive: true)

    | | /* 122.43 */}

    | | /* 122.44 */

    | | /* 122.45 */

    | | /* 122.46 */interface TestPackageExtension_TestCase_decideStopsWhenPaused {

    | | /* 122.47 */    func registerTestCase_decideStopsWhenPaused(): Unit

    | | /* 122.48 */}

    | | /* 122.49 */extend TestPackage <: TestPackageExtension_TestCase_decideStopsWhenPaused {

    | | /* 122.50 */    @Attribute[TEST_REGISTER]

    | | /* 122.51 */    public func registerTestCase_decideStopsWhenPaused() {

    | | /* 122.52 */        registerSuite({ => TestCase_decideStopsWhenPaused().asTestSuite() })

    | | /* 122.53 */    }

    | | /* 122.54 */}

    | | /* 122.55 */

    | |____________^

    | 

note[0m: which is expanded as follows

    | 

    | /* 122.36 */    let(root, log, svc) = activeGoal()

    |                                ^^^ 

    | 



warning[0m: unused variable:'svc'

   ==> D:\Project\sa\saai\sa-code\core\src\goal_scheduler_test.cj:136:21:

    | 

136 |     let (root, log, svc) = activeGoal()

    |                     ^ unused variable

    | 

    # note: this warning can be suppressed by setting the compiler option `-Woff unused`

note[0m: the warning occurs after the macro is expanded

   ==> D:\Project\sa\saai\sa-code\core\src\goal_scheduler_test.cj:134:1:

    | 

134 |   @Test

    |  _^

135 | | func decideStopsWhenNoGoal() {

    | | ...

143 | | }

    | |_^

    | 

note[0m: the code after the macro is expanded as follows

    | 

    |   /* 134.1 */@Attribute[TEST_GENERATED] class TestCase_decideStopsWhenNoGoal <: TestClass {

    |  _^

    | | /* 134.2 */    init() {

    | | /* 134.3 */    }

    | | /* 134.4 */    private func classConfiguration(): Configuration {

    | | /* 134.5 */        let configuration = Configuration()

    | | /* 134.6 */        configuration.set(KeyFromTopLevel.fromTopLevel, true)

    | | /* 134.7 */        

    | | /* 134.8 */        return configuration

    | | /* 134.9 */    }

    | | /* 134.10 */    public override func asTestSuite(): TestSuite {

    | | /* 134.11 */        

    | | /* 134.12 */        let suiteConfiguration = classConfiguration()

    | | /* 134.13 */        let suiteBuilder = TestSuite.builder("TestCase_decideStopsWhenNoGoal").configure(suiteConfi
guration)

    | | /* 134.14 */        

    | | /* 134.15 */        { => let caseConfig = Configuration()

    | | /* 134.16 */            caseConfig.set(KeyFromTopLevel.fromTopLevel, true)

    | | /* 134.17 */            

    | | /* 134.18 */            let decideStopsWhenNoGoalTestFunc = { => decideStopsWhenNoGoal();() }

    | | /* 134.19 */            suiteBuilder.add(

    | | /* 134.20 */            UnitTestCase.create(

    | | /* 134.21 */            "decideStopsWhenNoGoal",

    | | /* 134.22 */            configuration: caseConfig,

    | | /* 134.23 */            body: decideStopsWhenNoGoalTestFunc

    | | /* 134.24 */            )

    | | /* 134.25 */            )

    | | /* 134.26 */            

    | | /* 134.27 */        }()

    | | /* 134.28 */        

    | | /* 134.29 */        return suiteBuilder.build()

    | | /* 134.30 */    }

    | | /* 134.31 */    private func inheritedFromClassAnnotatedByTestTemplate < T >(): TestSuite where T <: TestClass 
{

    | | /* 134.32 */        throw Exception("Unreachable code")

    | | /* 134.33 */    }

    | | /* 134.34 */}

    | | /* 134.35 */func decideStopsWhenNoGoal() {

    | | /* 134.36 */    let(root, log, svc) = activeGoal()

    | | /* 134.37 */    let fc = FakeClock()

    | | /* 134.38 */    let s = GoalScheduler(log, { => fc.now() })

    | | /* 134.39 */    expectEqual("s.decide(\"none\", Int64(5), Int64(100), Int64(3), false).reason", "\"no-goal\"", 
s.decide("none", Int64(5), Int64(100), Int64(3), false).reason, "no-goal", isDelta: false,)

    | | /* 134.40 */    expectEqual("s.decide(\"blocked\", Int64(5), Int64(100), Int64(3), false).reason", "\"blocked\"
", s.decide("blocked", Int64(5), Int64(100), Int64(3), false).reason, "blocked", isDelta: false,)

    | | /* 134.41 */    expectEqual("s.decide(\"complete\", Int64(5), Int64(100), Int64(3), false).reason", "\"complete
\"", s.decide("complete", Int64(5), Int64(100), Int64(3), false).reason, "complete", isDelta: false,)

    | | /* 134.42 */    removeIfExists(root, recursive: true)

    | | /* 134.43 */}

    | | /* 134.44 */

    | | /* 134.45 */

    | | /* 134.46 */interface TestPackageExtension_TestCase_decideStopsWhenNoGoal {

    | | /* 134.47 */    func registerTestCase_decideStopsWhenNoGoal(): Unit

    | | /* 134.48 */}

    | | /* 134.49 */extend TestPackage <: TestPackageExtension_TestCase_decideStopsWhenNoGoal {

    | | /* 134.50 */    @Attribute[TEST_REGISTER]

    | | /* 134.51 */    public func registerTestCase_decideStopsWhenNoGoal() {

    | | /* 134.52 */        registerSuite({ => TestCase_decideStopsWhenNoGoal().asTestSuite() })

    | | /* 134.53 */    }

    | | /* 134.54 */}

    | | /* 134.55 */

    | |____________^

    | 

note[0m: which is expanded as follows

    | 

    | /* 134.36 */    let(root, log, svc) = activeGoal()

    |                                ^^^ 

    | 



warning[0m: unused expression

    | 

    | /* 52.44 */            None < Exception >

    |                        ^^^^^^^^^^^^^^^^^^ unused expression

    | 

    # note: this warning can be suppressed by setting the compiler option `-Woff unused`

note[0m: the code after the macro is expanded as follows

    | 

    |   /* 52.1 */@Attribute[TEST_GENERATED] class TestCase_enhanceRejectsBlankDraft <: TestClass {

    |  _^

    | | /* 52.2 */    init() {

    | | /* 52.3 */    }

    | | /* 52.4 */    private func classConfiguration(): Configuration {

    | | /* 52.5 */        let configuration = Configuration()

    | | /* 52.6 */        configuration.set(KeyFromTopLevel.fromTopLevel, true)

    | | /* 52.7 */        

    | | /* 52.8 */        return configuration

    | | /* 52.9 */    }

    | | /* 52.10 */    public override func asTestSuite(): TestSuite {

    | | /* 52.11 */        

    | | /* 52.12 */        let suiteConfiguration = classConfiguration()

    | | /* 52.13 */        let suiteBuilder = TestSuite.builder("TestCase_enhanceRejectsBlankDraft").configure(suiteCon
figuration)

    | | /* 52.14 */        

    | | /* 52.15 */        { => let caseConfig = Configuration()

    | | /* 52.16 */            caseConfig.set(KeyFromTopLevel.fromTopLevel, true)

    | | /* 52.17 */            

    | | /* 52.18 */            let enhanceRejectsBlankDraftTestFunc = { => enhanceRejectsBlankDraft();() }

    | | /* 52.19 */            suiteBuilder.add(

    | | /* 52.20 */            UnitTestCase.create(

    | | /* 52.21 */            "enhanceRejectsBlankDraft",

    | | /* 52.22 */            configuration: caseConfig,

    | | /* 52.23 */            body: enhanceRejectsBlankDraftTestFunc

    | | /* 52.24 */            )

    | | /* 52.25 */            )

    | | /* 52.26 */            

    | | /* 52.27 */        }()

    | | /* 52.28 */        

    | | /* 52.29 */        return suiteBuilder.build()

    | | /* 52.30 */    }

    | | /* 52.31 */    private func inheritedFromClassAnnotatedByTestTemplate < T >(): TestSuite where T <: TestClass {

    | | /* 52.32 */        throw Exception("Unreachable code")

    | | /* 52.33 */    }

    | | /* 52.34 */}

    | | /* 52.35 */func enhanceRejectsBlankDraft() {

    | | /* 52.36 */    

    | | /* 52.37 */    try {

    | | /* 52.38 */        try {

    | | /* 52.39 */            assertEqual("true", "true", true, true)

    | | /* 52.40 */            

    | | /* 52.41 */            enhanceRequestJson("m", "")

    | | /* 52.42 */            

    | | /* 52.43 */            failExpect("@ExpectThrows: Expected 'Exception' was not caught.")

    | | /* 52.44 */            None < Exception >

    | | /* 52.45 */        } catch(e: Exception) {

    | | /* 52.46 */            

    | | /* 52.47 */            if(e is AssertException) {

    | | /* 52.48 */                throw e

    | | /* 52.49 */            }

    | | /* 52.50 */            

    | | /* 52.51 */            if(e is AssertIntermediateException) {

    | | /* 52.52 */                throw e

    | | /* 52.53 */            }

    | | /* 52.54 */            

    | | /* 52.55 */            if(e is UnittestTimeoutException) {

    | | /* 52.56 */                throw e

    | | /* 52.57 */            }

    | | /* 52.58 */            

    | | /* 52.59 */            e

    | | /* 52.60 */        }

    | | /* 52.61 */    } catch(e: Exception) {

    | | /* 52.62 */        

    | | /* 52.63 */        

    | | /* 52.64 */        if(e is AssertException || e is AssertIntermediateException || e is UnittestTimeoutException
) {

    | | /* 52.65 */            throw e

    | | /* 52.66 */        }

    | | /* 52.67 */        

    | | /* 52.68 */        expectCaughtUnexpectedE("@ExpectThrows(Exception)", "Exception", e.toString())

    | | /* 52.69 */        None < Exception >

    | | /* 52.70 */    }

    | | /* 52.71 */    

    | | /* 52.72 */    

    | | /* 52.73 */    try {

    | | /* 52.74 */        try {

    | | /* 52.75 */            assertEqual("true", "true", true, true)

    | | /* 52.76 */            

    | | /* 52.77 */            enhanceRequestJson("m", "   \n\t ")

    | | /* 52.78 */            

    | | /* 52.79 */            failExpect("@ExpectThrows: Expected 'Exception' was not caught.")

    | | /* 52.80 */            None < Exception >

    | | /* 52.81 */        } catch(e: Exception) {

    | | /* 52.82 */            

    | | /* 52.83 */            if(e is AssertException) {

    | | /* 52.84 */                throw e

    | | /* 52.85 */            }

    | | /* 52.86 */            

    | | /* 52.87 */            if(e is AssertIntermediateException) {

    | | /* 52.88 */                throw e

    | | /* 52.89 */            }

    | | /* 52.90 */            

    | | /* 52.91 */            if(e is UnittestTimeoutException) {

    | | /* 52.92 */                throw e

    | | /* 52.93 */            }

    | | /* 52.94 */            

    | | /* 52.95 */            e

    | | /* 52.96 */        }

    | | /* 52.97 */    } catch(e: Exception) {

    | | /* 52.98 */        

    | | /* 52.99 */        

    | | /* 52.100 */        if(e is AssertException || e is AssertIntermediateException || e is UnittestTimeoutExceptio
n) {

    | | /* 52.101 */            throw e

    | | /* 52.102 */        }

    | | /* 52.103 */        

    | | /* 52.104 */        expectCaughtUnexpectedE("@ExpectThrows(Exception)", "Exception", e.toString())

    | | /* 52.105 */        None < Exception >

    | | /* 52.106 */    }

    | | /* 52.107 */    

    | | /* 52.108 */    var why = ""

    | | /* 52.109 */    try { enhanceRequestJson("m", "  ") } catch(e: Exception) { why = e.message }

    | | /* 52.110 */    expectEqual("why", "\"enhance-empty-draft\"", why, "enhance-empty-draft", isDelta: false,)

    | | /* 52.111 */}

    | | /* 52.112 */

    | | /* 52.113 */

    | | /* 52.114 */interface TestPackageExtension_TestCase_enhanceRejectsBlankDraft {

    | | /* 52.115 */    func registerTestCase_enhanceRejectsBlankDraft(): Unit

    | | /* 52.116 */}

    | | /* 52.117 */extend TestPackage <: TestPackageExtension_TestCase_enhanceRejectsBlankDraft {

    | | /* 52.118 */    @Attribute[TEST_REGISTER]

    | | /* 52.119 */    public func registerTestCase_enhanceRejectsBlankDraft() {

    | | /* 52.120 */        registerSuite({ => TestCase_enhanceRejectsBlankDraft().asTestSuite() })

    | | /* 52.121 */    }

    | | /* 52.122 */}

    | | /* 52.123 */

    | |____________^

    | 

note[0m: the warning occurs after the macro is expanded

  ==> D:\Project\sa\saai\sa-code\core\src\prompt_enhance_test.cj:52:1:

   | 

52 |   @Test

   |  _^

53 | | func enhanceRejectsBlankDraft() {

   | | ...

59 | | }

   | |_^

   | 



warning[0m: unused variable:'svc'

   ==> D:\Project\sa\saai\sa-code\core\src\goal_scheduler_test.cj:148:21:

    | 

148 |     let (root, log, svc) = activeGoal()

    |                     ^ unused variable

    | 

    # note: this warning can be suppressed by setting the compiler option `-Woff unused`

note[0m: the warning occurs after the macro is expanded

   ==> D:\Project\sa\saai\sa-code\core\src\goal_scheduler_test.cj:146:1:

    | 

146 |   @Test

    |  _^

147 | | func decideStopsOnRoundLimit() {

    | | ...

157 | | }

    | |_^

    | 

note[0m: the code after the macro is expanded as follows

    | 

    |   /* 146.1 */@Attribute[TEST_GENERATED] class TestCase_decideStopsOnRoundLimit <: TestClass {

    |  _^

    | | /* 146.2 */    init() {

    | | /* 146.3 */    }

    | | /* 146.4 */    private func classConfiguration(): Configuration {

    | | /* 146.5 */        let configuration = Configuration()

    | | /* 146.6 */        configuration.set(KeyFromTopLevel.fromTopLevel, true)

    | | /* 146.7 */        

    | | /* 146.8 */        return configuration

    | | /* 146.9 */    }

    | | /* 146.10 */    public override func asTestSuite(): TestSuite {

    | | /* 146.11 */        

    | | /* 146.12 */        let suiteConfiguration = classConfiguration()

    | | /* 146.13 */        let suiteBuilder = TestSuite.builder("TestCase_decideStopsOnRoundLimit").configure(suiteCon
figuration)

    | | /* 146.14 */        

    | | /* 146.15 */        { => let caseConfig = Configuration()

    | | /* 146.16 */            caseConfig.set(KeyFromTopLevel.fromTopLevel, true)

    | | /* 146.17 */            

    | | /* 146.18 */            let decideStopsOnRoundLimitTestFunc = { => decideStopsOnRoundLimit();() }

    | | /* 146.19 */            suiteBuilder.add(

    | | /* 146.20 */            UnitTestCase.create(

    | | /* 146.21 */            "decideStopsOnRoundLimit",

    | | /* 146.22 */            configuration: caseConfig,

    | | /* 146.23 */            body: decideStopsOnRoundLimitTestFunc

    | | /* 146.24 */            )

    | | /* 146.25 */            )

    | | /* 146.26 */            

    | | /* 146.27 */        }()

    | | /* 146.28 */        

    | | /* 146.29 */        return suiteBuilder.build()

    | | /* 146.30 */    }

    | | /* 146.31 */    private func inheritedFromClassAnnotatedByTestTemplate < T >(): TestSuite where T <: TestClass 
{

    | | /* 146.32 */        throw Exception("Unreachable code")

    | | /* 146.33 */    }

    | | /* 146.34 */}

    | | /* 146.35 */func decideStopsOnRoundLimit() {

    | | /* 146.36 */    let(root, log, svc) = activeGoal()

    | | /* 146.37 */    let fc = FakeClock()

    | | /* 146.38 */    let s = GoalScheduler(log, { => fc.now() })

    | | /* 146.39 */    s.beginRound(); fc.advance(1); s.endRound(true)

    | | /* 146.40 */    s.beginRound(); fc.advance(1); s.endRound(true)

    | | /* 146.41 */    expectEqual("s.decide(\"active\", Int64(2), Int64(1000), Int64(3), false).reason", "\"round-lim
it\"", s.decide("active", Int64(2), Int64(1000), Int64(3), false).reason, "round-limit", isDelta: false,)

    | | /* 146.42 */    

    | | /* 146.43 */    expectEqual("s.decide(\"active\", Int64(3), Int64(1000), Int64(3), false).run", "true", s.decid
e("active", Int64(3), Int64(1000), Int64(3), false).run, true, isDelta: false,)

    | | /* 146.44 */    removeIfExists(root, recursive: true)

    | | /* 146.45 */}

    | | /* 146.46 */

    | | /* 146.47 */

    | | /* 146.48 */interface TestPackageExtension_TestCase_decideStopsOnRoundLimit {

    | | /* 146.49 */    func registerTestCase_decideStopsOnRoundLimit(): Unit

    | | /* 146.50 */}

    | | /* 146.51 */extend TestPackage <: TestPackageExtension_TestCase_decideStopsOnRoundLimit {

    | | /* 146.52 */    @Attribute[TEST_REGISTER]

    | | /* 146.53 */    public func registerTestCase_decideStopsOnRoundLimit() {

    | | /* 146.54 */        registerSuite({ => TestCase_decideStopsOnRoundLimit().asTestSuite() })

    | | /* 146.55 */    }

    | | /* 146.56 */}

    | | /* 146.57 */

    | |____________^

    | 

note[0m: which is expanded as follows

    | 

    | /* 146.36 */    let(root, log, svc) = activeGoal()

    |                                ^^^ 

    | 



warning[0m: unused expression

    | 

    | /* 61.48 */                None < Exception >

    |                            ^^^^^^^^^^^^^^^^^^ unused expression

    | 

    # note: this warning can be suppressed by setting the compiler option `-Woff unused`

note[0m: the code after the macro is expanded as follows

    | 

    |   /* 61.1 */@Attribute[TEST_GENERATED] class TestCase_sseReadErrorsAreNotEofOrCancellation <: TestClass {

    |  _^

    | | /* 61.2 */    init() {

    | | /* 61.3 */    }

    | | /* 61.4 */    private func classConfiguration(): Configuration {

    | | /* 61.5 */        let configuration = Configuration()

    | | /* 61.6 */        configuration.set(KeyFromTopLevel.fromTopLevel, true)

    | | /* 61.7 */        

    | | /* 61.8 */        return configuration

    | | /* 61.9 */    }

    | | /* 61.10 */    public override func asTestSuite(): TestSuite {

    | | /* 61.11 */        

    | | /* 61.12 */        let suiteConfiguration = classConfiguration()

    | | /* 61.13 */        let suiteBuilder = TestSuite.builder("TestCase_sseReadErrorsAreNotEofOrCancellation").config
ure(suiteConfiguration)

    | | /* 61.14 */        

    | | /* 61.15 */        { => let caseConfig = Configuration()

    | | /* 61.16 */            caseConfig.set(KeyFromTopLevel.fromTopLevel, true)

    | | /* 61.17 */            

    | | /* 61.18 */            let sseReadErrorsAreNotEofOrCancellationTestFunc = { => sseReadErrorsAreNotEofOrCancella
tion();() }

    | | /* 61.19 */            suiteBuilder.add(

    | | /* 61.20 */            UnitTestCase.create(

    | | /* 61.21 */            "sseReadErrorsAreNotEofOrCancellation",

    | | /* 61.22 */            configuration: caseConfig,

    | | /* 61.23 */            body: sseReadErrorsAreNotEofOrCancellationTestFunc

    | | /* 61.24 */            )

    | | /* 61.25 */            )

    | | /* 61.26 */            

    | | /* 61.27 */        }()

    | | /* 61.28 */        

    | | /* 61.29 */        return suiteBuilder.build()

    | | /* 61.30 */    }

    | | /* 61.31 */    private func inheritedFromClassAnnotatedByTestTemplate < T >(): TestSuite where T <: TestClass {

    | | /* 61.32 */        throw Exception("Unreachable code")

    | | /* 61.33 */    }

    | | /* 61.34 */}

    | | /* 61.35 */func sseReadErrorsAreNotEofOrCancellation() {

    | | /* 61.36 */    for(mode in["timeout", "core-timeout", "error"]) {

    | | /* 61.37 */        let t = TurnToken()

    | | /* 61.38 */        let s = SseProbeStream("", mode: mode)

    | | /* 61.39 */        let p = RealSseProvider(s, t)

    | | /* 61.40 */        

    | | /* 61.41 */        try {

    | | /* 61.42 */            try {

    | | /* 61.43 */                assertEqual("true", "true", true, true)

    | | /* 61.44 */                

    | | /* 61.45 */                p.next()

    | | /* 61.46 */                

    | | /* 61.47 */                failExpect("@ExpectThrows: Expected 'Exception' was not caught.")

    | | /* 61.48 */                None < Exception >

    | | /* 61.49 */            } catch(e: Exception) {

    | | /* 61.50 */                

    | | /* 61.51 */                if(e is AssertException) {

    | | /* 61.52 */                    throw e

    | | /* 61.53 */                }

    | | /* 61.54 */                

    | | /* 61.55 */                if(e is AssertIntermediateException) {

    | | /* 61.56 */                    throw e

    | | /* 61.57 */                }

    | | /* 61.58 */                

    | | /* 61.59 */                if(e is UnittestTimeoutException) {

    | | /* 61.60 */                    throw e

    | | /* 61.61 */                }

    | | /* 61.62 */                

    | | /* 61.63 */                e

    | | /* 61.64 */            }

    | | /* 61.65 */        } catch(e: Exception) {

    | | /* 61.66 */            

    | | /* 61.67 */            

    | | /* 61.68 */            if(e is AssertException || e is AssertIntermediateException || e is UnittestTimeoutExcep
tion) {

    | | /* 61.69 */                throw e

    | | /* 61.70 */            }

    | | /* 61.71 */            

    | | /* 61.72 */            expectCaughtUnexpectedE("@ExpectThrows(Exception)", "Exception", e.toString())

    | | /* 61.73 */            None < Exception >

    | | /* 61.74 */        }

    | | /* 61.75 */        

    | | /* 61.76 */        expectEqual("p.errorCode", "if(mode == \"error\") {\r\n    \"read-error\"\r\n}\r\nelse {\r\n
    \"timeout\"\r\n}\r\n", p.errorCode, if(mode == "error") { "read-error" } else { "timeout" }, isDelta: false,)

    | | /* 61.77 */        expectEqual("p.termination", "\"error\"", p.termination, "error", isDelta: false,)

    | | /* 61.78 */        expectEqual("t.cancelled()", "false", t.cancelled(), false, isDelta: false,)

    | | /* 61.79 */        expectEqual("s.closes", "Int64(1)", s.closes, Int64(1), isDelta: false,)

    | | /* 61.80 */        p.close()

    | | /* 61.81 */    }

    | | /* 61.82 */}

    | | /* 61.83 */

    | | /* 61.84 */

    | | /* 61.85 */interface TestPackageExtension_TestCase_sseReadErrorsAreNotEofOrCancellation {

    | | /* 61.86 */    func registerTestCase_sseReadErrorsAreNotEofOrCancellation(): Unit

    | | /* 61.87 */}

    | | /* 61.88 */extend TestPackage <: TestPackageExtension_TestCase_sseReadErrorsAreNotEofOrCancellation {

    | | /* 61.89 */    @Attribute[TEST_REGISTER]

    | | /* 61.90 */    public func registerTestCase_sseReadErrorsAreNotEofOrCancellation() {

    | | /* 61.91 */        registerSuite({ => TestCase_sseReadErrorsAreNotEofOrCancellation().asTestSuite() })

    | | /* 61.92 */    }

    | | /* 61.93 */}

    | | /* 61.94 */

    | |___________^

    | 

note[0m: the warning occurs after the macro is expanded

  ==> D:\Project\sa\saai\sa-code\core\src\sse_test.cj:61:1:

   | 

61 |   @Test

   |  _^

62 | | func sseReadErrorsAreNotEofOrCancellation() {

   | | ...

74 | | }

   | |_^

   | 



warning[0m: unused variable:'svc'

   ==> D:\Project\sa\saai\sa-code\core\src\goal_scheduler_test.cj:162:21:

    | 

162 |     let (root, log, svc) = activeGoal()

    |                     ^ unused variable

    | 

    # note: this warning can be suppressed by setting the compiler option `-Woff unused`

note[0m: the warning occurs after the macro is expanded

   ==> D:\Project\sa\saai\sa-code\core\src\goal_scheduler_test.cj:160:1:

    | 

160 |   @Test

    |  _^

161 | | func decideStopsOnElapsedLimit() {

    | | ...

168 | | }

    | |_^

    | 

note[0m: the code after the macro is expanded as follows

    | 

    |   /* 160.1 */@Attribute[TEST_GENERATED] class TestCase_decideStopsOnElapsedLimit <: TestClass {

    |  _^

    | | /* 160.2 */    init() {

    | | /* 160.3 */    }

    | | /* 160.4 */    private func classConfiguration(): Configuration {

    | | /* 160.5 */        let configuration = Configuration()

    | | /* 160.6 */        configuration.set(KeyFromTopLevel.fromTopLevel, true)

    | | /* 160.7 */        

    | | /* 160.8 */        return configuration

    | | /* 160.9 */    }

    | | /* 160.10 */    public override func asTestSuite(): TestSuite {

    | | /* 160.11 */        

    | | /* 160.12 */        let suiteConfiguration = classConfiguration()

    | | /* 160.13 */        let suiteBuilder = TestSuite.builder("TestCase_decideStopsOnElapsedLimit").configure(suiteC
onfiguration)

    | | /* 160.14 */        

    | | /* 160.15 */        { => let caseConfig = Configuration()

    | | /* 160.16 */            caseConfig.set(KeyFromTopLevel.fromTopLevel, true)

    | | /* 160.17 */            

    | | /* 160.18 */            let decideStopsOnElapsedLimitTestFunc = { => decideStopsOnElapsedLimit();() }

    | | /* 160.19 */            suiteBuilder.add(

    | | /* 160.20 */            UnitTestCase.create(

    | | /* 160.21 */            "decideStopsOnElapsedLimit",

    | | /* 160.22 */            configuration: caseConfig,

    | | /* 160.23 */            body: decideStopsOnElapsedLimitTestFunc

    | | /* 160.24 */            )

    | | /* 160.25 */            )

    | | /* 160.26 */            

    | | /* 160.27 */        }()

    | | /* 160.28 */        

    | | /* 160.29 */        return suiteBuilder.build()

    | | /* 160.30 */    }

    | | /* 160.31 */    private func inheritedFromClassAnnotatedByTestTemplate < T >(): TestSuite where T <: TestClass 
{

    | | /* 160.32 */        throw Exception("Unreachable code")

    | | /* 160.33 */    }

    | | /* 160.34 */}

    | | /* 160.35 */func decideStopsOnElapsedLimit() {

    | | /* 160.36 */    let(root, log, svc) = activeGoal()

    | | /* 160.37 */    let fc = FakeClock()

    | | /* 160.38 */    let s = GoalScheduler(log, { => fc.now() })

    | | /* 160.39 */    s.beginRound(); fc.advance(50); s.endRound(true)

    | | /* 160.40 */    expectEqual("s.decide(\"active\", Int64(100), Int64(50), Int64(3), false).reason", "\"elapsed-l
imit\"", s.decide("active", Int64(100), Int64(50), Int64(3), false).reason, "elapsed-limit", isDelta: false,)

    | | /* 160.41 */    removeIfExists(root, recursive: true)

    | | /* 160.42 */}

    | | /* 160.43 */

    | | /* 160.44 */

    | | /* 160.45 */interface TestPackageExtension_TestCase_decideStopsOnElapsedLimit {

    | | /* 160.46 */    func registerTestCase_decideStopsOnElapsedLimit(): Unit

    | | /* 160.47 */}

    | | /* 160.48 */extend TestPackage <: TestPackageExtension_TestCase_decideStopsOnElapsedLimit {

    | | /* 160.49 */    @Attribute[TEST_REGISTER]

    | | /* 160.50 */    public func registerTestCase_decideStopsOnElapsedLimit() {

    | | /* 160.51 */        registerSuite({ => TestCase_decideStopsOnElapsedLimit().asTestSuite() })

    | | /* 160.52 */    }

    | | /* 160.53 */}

    | | /* 160.54 */

    | |____________^

    | 

note[0m: which is expanded as follows

    | 

    | /* 160.36 */    let(root, log, svc) = activeGoal()

    |                                ^^^ 

    | 



warning[0m: unused expression

    | 

    | /* 52.69 */        None < Exception >

    |                    ^^^^^^^^^^^^^^^^^^ unused expression

    | 

    # note: this warning can be suppressed by setting the compiler option `-Woff unused`

note[0m: the warning occurs after the macro is expanded

  ==> D:\Project\sa\saai\sa-code\core\src\prompt_enhance_test.cj:52:1:

   | 

52 |   @Test

   |  _^

53 | | func enhanceRejectsBlankDraft() {

   | | ...

59 | | }

   | |_^

   | 



warning[0m: unused variable:'svc'

   ==> D:\Project\sa\saai\sa-code\core\src\goal_scheduler_test.cj:173:21:

    | 

173 |     let (root, log, svc) = activeGoal()

    |                     ^ unused variable

    | 

    # note: this warning can be suppressed by setting the compiler option `-Woff unused`

note[0m: the warning occurs after the macro is expanded

   ==> D:\Project\sa\saai\sa-code\core\src\goal_scheduler_test.cj:171:1:

    | 

171 |   @Test

    |  _^

172 | | func decideStopsOnBudget() {

    | | ...

178 | | }

    | |_^

    | 

note[0m: the code after the macro is expanded as follows

    | 

    |   /* 171.1 */@Attribute[TEST_GENERATED] class TestCase_decideStopsOnBudget <: TestClass {

    |  _^

    | | /* 171.2 */    init() {

    | | /* 171.3 */    }

    | | /* 171.4 */    private func classConfiguration(): Configuration {

    | | /* 171.5 */        let configuration = Configuration()

    | | /* 171.6 */        configuration.set(KeyFromTopLevel.fromTopLevel, true)

    | | /* 171.7 */        

    | | /* 171.8 */        return configuration

    | | /* 171.9 */    }

    | | /* 171.10 */    public override func asTestSuite(): TestSuite {

    | | /* 171.11 */        

    | | /* 171.12 */        let suiteConfiguration = classConfiguration()

    | | /* 171.13 */        let suiteBuilder = TestSuite.builder("TestCase_decideStopsOnBudget").configure(suiteConfigu
ration)

    | | /* 171.14 */        

    | | /* 171.15 */        { => let caseConfig = Configuration()

    | | /* 171.16 */            caseConfig.set(KeyFromTopLevel.fromTopLevel, true)

    | | /* 171.17 */            

    | | /* 171.18 */            let decideStopsOnBudgetTestFunc = { => decideStopsOnBudget();() }

    | | /* 171.19 */            suiteBuilder.add(

    | | /* 171.20 */            UnitTestCase.create(

    | | /* 171.21 */            "decideStopsOnBudget",

    | | /* 171.22 */            configuration: caseConfig,

    | | /* 171.23 */            body: decideStopsOnBudgetTestFunc

    | | /* 171.24 */            )

    | | /* 171.25 */            )

    | | /* 171.26 */            

    | | /* 171.27 */        }()

    | | /* 171.28 */        

    | | /* 171.29 */        return suiteBuilder.build()

    | | /* 171.30 */    }

    | | /* 171.31 */    private func inheritedFromClassAnnotatedByTestTemplate < T >(): TestSuite where T <: TestClass 
{

    | | /* 171.32 */        throw Exception("Unreachable code")

    | | /* 171.33 */    }

    | | /* 171.34 */}

    | | /* 171.35 */func decideStopsOnBudget() {

    | | /* 171.36 */    let(root, log, svc) = activeGoal()

    | | /* 171.37 */    let fc = FakeClock()

    | | /* 171.38 */    let s = GoalScheduler(log, { => fc.now() })

    | | /* 171.39 */    expectEqual("s.decide(\"active\", Int64(100), Int64(1000), Int64(3), true).reason", "\"budget\"
", s.decide("active", Int64(100), Int64(1000), Int64(3), true).reason, "budget", isDelta: false,)

    | | /* 171.40 */    removeIfExists(root, recursive: true)

    | | /* 171.41 */}

    | | /* 171.42 */

    | | /* 171.43 */

    | | /* 171.44 */interface TestPackageExtension_TestCase_decideStopsOnBudget {

    | | /* 171.45 */    func registerTestCase_decideStopsOnBudget(): Unit

    | | /* 171.46 */}

    | | /* 171.47 */extend TestPackage <: TestPackageExtension_TestCase_decideStopsOnBudget {

    | | /* 171.48 */    @Attribute[TEST_REGISTER]

    | | /* 171.49 */    public func registerTestCase_decideStopsOnBudget() {

    | | /* 171.50 */        registerSuite({ => TestCase_decideStopsOnBudget().asTestSuite() })

    | | /* 171.51 */    }

    | | /* 171.52 */}

    | | /* 171.53 */

    | |____________^

    | 

note[0m: which is expanded as follows

    | 

    | /* 171.36 */    let(root, log, svc) = activeGoal()

    |                                ^^^ 

    | 



warning[0m: unused expression

    | 

    | /* 52.80 */            None < Exception >

    |                        ^^^^^^^^^^^^^^^^^^ unused expression

    | 

    # note: this warning can be suppressed by setting the compiler option `-Woff unused`

note[0m: the warning occurs after the macro is expanded

  ==> D:\Project\sa\saai\sa-code\core\src\prompt_enhance_test.cj:52:1:

   | 

52 |   @Test

   |  _^

53 | | func enhanceRejectsBlankDraft() {

   | | ...

59 | | }

   | |_^

   | 



warning[0m: unused expression

    | 

    | /* 61.73 */            None < Exception >

    |                        ^^^^^^^^^^^^^^^^^^ unused expression

    | 

    # note: this warning can be suppressed by setting the compiler option `-Woff unused`

note[0m: the warning occurs after the macro is expanded

  ==> D:\Project\sa\saai\sa-code\core\src\sse_test.cj:61:1:

   | 

61 |   @Test

   |  _^

62 | | func sseReadErrorsAreNotEofOrCancellation() {

   | | ...

74 | | }

   | |_^

   | 



warning[0m: unused variable:'svc'

   ==> D:\Project\sa\saai\sa-code\core\src\goal_scheduler_test.cj:183:21:

    | 

183 |     let (root, log, svc) = activeGoal()

    |                     ^ unused variable

    | 

    # note: this warning can be suppressed by setting the compiler option `-Woff unused`

note[0m: the warning occurs after the macro is expanded

   ==> D:\Project\sa\saai\sa-code\core\src\goal_scheduler_test.cj:181:1:

    | 

181 |   @Test

    |  _^

182 | | func decideDetectsNoProgressStreak() {

    | | ...

195 | | }

    | |_^

    | 

note[0m: the code after the macro is expanded as follows

    | 

    |   /* 181.1 */@Attribute[TEST_GENERATED] class TestCase_decideDetectsNoProgressStreak <: TestClass {

    |  _^

    | | /* 181.2 */    init() {

    | | /* 181.3 */    }

    | | /* 181.4 */    private func classConfiguration(): Configuration {

    | | /* 181.5 */        let configuration = Configuration()

    | | /* 181.6 */        configuration.set(KeyFromTopLevel.fromTopLevel, true)

    | | /* 181.7 */        

    | | /* 181.8 */        return configuration

    | | /* 181.9 */    }

    | | /* 181.10 */    public override func asTestSuite(): TestSuite {

    | | /* 181.11 */        

    | | /* 181.12 */        let suiteConfiguration = classConfiguration()

    | | /* 181.13 */        let suiteBuilder = TestSuite.builder("TestCase_decideDetectsNoProgressStreak").configure(su
iteConfiguration)

    | | /* 181.14 */        

    | | /* 181.15 */        { => let caseConfig = Configuration()

    | | /* 181.16 */            caseConfig.set(KeyFromTopLevel.fromTopLevel, true)

    | | /* 181.17 */            

    | | /* 181.18 */            let decideDetectsNoProgressStreakTestFunc = { => decideDetectsNoProgressStreak();() }

    | | /* 181.19 */            suiteBuilder.add(

    | | /* 181.20 */            UnitTestCase.create(

    | | /* 181.21 */            "decideDetectsNoProgressStreak",

    | | /* 181.22 */            configuration: caseConfig,

    | | /* 181.23 */            body: decideDetectsNoProgressStreakTestFunc

    | | /* 181.24 */            )

    | | /* 181.25 */            )

    | | /* 181.26 */            

    | | /* 181.27 */        }()

    | | /* 181.28 */        

    | | /* 181.29 */        return suiteBuilder.build()

    | | /* 181.30 */    }

    | | /* 181.31 */    private func inheritedFromClassAnnotatedByTestTemplate < T >(): TestSuite where T <: TestClass 
{

    | | /* 181.32 */        throw Exception("Unreachable code")

    | | /* 181.33 */    }

    | | /* 181.34 */}

    | | /* 181.35 */func decideDetectsNoProgressStreak() {

    | | /* 181.36 */    let(root, log, svc) = activeGoal()

    | | /* 181.37 */    let fc = FakeClock()

    | | /* 181.38 */    let s = GoalScheduler(log, { => fc.now() })

    | | /* 181.39 */    s.beginRound(); fc.advance(1); s.endRound(false)

    | | /* 181.40 */    s.beginRound(); fc.advance(1); s.endRound(false)

    | | /* 181.41 */    expectEqual("s.noProgressStreak()", "Int64(2)", s.noProgressStreak(), Int64(2), isDelta: false,
)

    | | /* 181.42 */    expectEqual("s.decide(\"active\", Int64(100), Int64(1000), Int64(2), false).reason", "\"no-prog
ress\"", s.decide("active", Int64(100), Int64(1000), Int64(2), false).reason, "no-progress", isDelta: false,)

    | | /* 181.43 */    

    | | /* 181.44 */    s.beginRound(); fc.advance(1); s.endRound(true)

    | | /* 181.45 */    expectEqual("s.noProgressStreak()", "Int64(0)", s.noProgressStreak(), Int64(0), isDelta: false,
)

    | | /* 181.46 */    expectEqual("s.decide(\"active\", Int64(100), Int64(1000), Int64(2), false).run", "true", s.dec
ide("active", Int64(100), Int64(1000), Int64(2), false).run, true, isDelta: false,)

    | | /* 181.47 */    removeIfExists(root, recursive: true)

    | | /* 181.48 */}

    | | /* 181.49 */

    | | /* 181.50 */

    | | /* 181.51 */interface TestPackageExtension_TestCase_decideDetectsNoProgressStreak {

    | | /* 181.52 */    func registerTestCase_decideDetectsNoProgressStreak(): Unit

    | | /* 181.53 */}

    | | /* 181.54 */extend TestPackage <: TestPackageExtension_TestCase_decideDetectsNoProgressStreak {

    | | /* 181.55 */    @Attribute[TEST_REGISTER]

    | | /* 181.56 */    public func registerTestCase_decideDetectsNoProgressStreak() {

    | | /* 181.57 */        registerSuite({ => TestCase_decideDetectsNoProgressStreak().asTestSuite() })

    | | /* 181.58 */    }

    | | /* 181.59 */}

    | | /* 181.60 */

    | |____________^

    | 

note[0m: which is expanded as follows

    | 

    | /* 181.36 */    let(root, log, svc) = activeGoal()

    |                                ^^^ 

    | 



warning[0m: unused expression

    | 

    | /* 52.105 */        None < Exception >

    |                     ^^^^^^^^^^^^^^^^^^ unused expression

    | 

    # note: this warning can be suppressed by setting the compiler option `-Woff unused`

note[0m: the warning occurs after the macro is expanded

  ==> D:\Project\sa\saai\sa-code\core\src\prompt_enhance_test.cj:52:1:

   | 

52 |   @Test

   |  _^

53 | | func enhanceRejectsBlankDraft() {

   | | ...

59 | | }

   | |_^

   | 



warning[0m: unused expression

    | 

    | /* 87.46 */            None < Exception >

    |                        ^^^^^^^^^^^^^^^^^^ unused expression

    | 

    # note: this warning can be suppressed by setting the compiler option `-Woff unused`

note[0m: the code after the macro is expanded as follows

    | 

    |   /* 87.1 */@Attribute[TEST_GENERATED] class TestCase_sseRejectsUnboundedLineAndDamagedUtf8 <: TestClass {

    |  _^

    | | /* 87.2 */    init() {

    | | /* 87.3 */    }

    | | /* 87.4 */    private func classConfiguration(): Configuration {

    | | /* 87.5 */        let configuration = Configuration()

    | | /* 87.6 */        configuration.set(KeyFromTopLevel.fromTopLevel, true)

    | | /* 87.7 */        

    | | /* 87.8 */        return configuration

    | | /* 87.9 */    }

    | | /* 87.10 */    public override func asTestSuite(): TestSuite {

    | | /* 87.11 */        

    | | /* 87.12 */        let suiteConfiguration = classConfiguration()

    | | /* 87.13 */        let suiteBuilder = TestSuite.builder("TestCase_sseRejectsUnboundedLineAndDamagedUtf8").confi
gure(suiteConfiguration)

    | | /* 87.14 */        

    | | /* 87.15 */        { => let caseConfig = Configuration()

    | | /* 87.16 */            caseConfig.set(KeyFromTopLevel.fromTopLevel, true)

    | | /* 87.17 */            

    | | /* 87.18 */            let sseRejectsUnboundedLineAndDamagedUtf8TestFunc = { => sseRejectsUnboundedLineAndDamag
edUtf8();() }

    | | /* 87.19 */            suiteBuilder.add(

    | | /* 87.20 */            UnitTestCase.create(

    | | /* 87.21 */            "sseRejectsUnboundedLineAndDamagedUtf8",

    | | /* 87.22 */            configuration: caseConfig,

    | | /* 87.23 */            body: sseRejectsUnboundedLineAndDamagedUtf8TestFunc

    | | /* 87.24 */            )

    | | /* 87.25 */            )

    | | /* 87.26 */            

    | | /* 87.27 */        }()

    | | /* 87.28 */        

    | | /* 87.29 */        return suiteBuilder.build()

    | | /* 87.30 */    }

    | | /* 87.31 */    private func inheritedFromClassAnnotatedByTestTemplate < T >(): TestSuite where T <: TestClass {

    | | /* 87.32 */        throw Exception("Unreachable code")

    | | /* 87.33 */    }

    | | /* 87.34 */}

    | | /* 87.35 */func sseRejectsUnboundedLineAndDamagedUtf8() {

    | | /* 87.36 */    let s = SseProbeStream(String.fromUtf8(Array < UInt8 >(262145, repeat: 97)))

    | | /* 87.37 */    let p = RealSseProvider(s, TurnToken())

    | | /* 87.38 */    

    | | /* 87.39 */    try {

    | | /* 87.40 */        try {

    | | /* 87.41 */            assertEqual("true", "true", true, true)

    | | /* 87.42 */            

    | | /* 87.43 */            p.next()

    | | /* 87.44 */            

    | | /* 87.45 */            failExpect("@ExpectThrows: Expected 'Exception' was not caught.")

    | | /* 87.46 */            None < Exception >

    | | /* 87.47 */        } catch(e: Exception) {

    | | /* 87.48 */            

    | | /* 87.49 */            if(e is AssertException) {

    | | /* 87.50 */                throw e

    | | /* 87.51 */            }

    | | /* 87.52 */            

    | | /* 87.53 */            if(e is AssertIntermediateException) {

    | | /* 87.54 */                throw e

    | | /* 87.55 */            }

    | | /* 87.56 */            

    | | /* 87.57 */            if(e is UnittestTimeoutException) {

    | | /* 87.58 */                throw e

    | | /* 87.59 */            }

    | | /* 87.60 */            

    | | /* 87.61 */            e

    | | /* 87.62 */        }

    | | /* 87.63 */    } catch(e: Exception) {

    | | /* 87.64 */        

    | | /* 87.65 */        

    | | /* 87.66 */        if(e is AssertException || e is AssertIntermediateException || e is UnittestTimeoutException
) {

    | | /* 87.67 */            throw e

    | | /* 87.68 */        }

    | | /* 87.69 */        

    | | /* 87.70 */        expectCaughtUnexpectedE("@ExpectThrows(Exception)", "Exception", e.toString())

    | | /* 87.71 */        None < Exception >

    | | /* 87.72 */    }

    | | /* 87.73 */    

    | | /* 87.74 */    expectEqual("p.errorCode", "\"line-limit\"", p.errorCode, "line-limit", isDelta: false,)

    | | /* 87.75 */    expectEqual("s.closes", "Int64(1)", s.closes, Int64(1), isDelta: false,)

    | | /* 87.76 */    let b = ByteBuffer()

    | | /* 87.77 */    b.write([UInt8(255), UInt8(10)])

    | | /* 87.78 */    let bad = RealSseProvider(b, TurnToken())

    | | /* 87.79 */    

    | | /* 87.80 */    try {

    | | /* 87.81 */        try {

    | | /* 87.82 */            assertEqual("true", "true", true, true)

    | | /* 87.83 */            

    | | /* 87.84 */            bad.next()

    | | /* 87.85 */            

    | | /* 87.86 */            failExpect("@ExpectThrows: Expected 'Exception' was not caught.")

    | | /* 87.87 */            None < Exception >

    | | /* 87.88 */        } catch(e: Exception) {

    | | /* 87.89 */            

    | | /* 87.90 */            if(e is AssertException) {

    | | /* 87.91 */                throw e

    | | /* 87.92 */            }

    | | /* 87.93 */            

    | | /* 87.94 */            if(e is AssertIntermediateException) {

    | | /* 87.95 */                throw e

    | | /* 87.96 */            }

    | | /* 87.97 */            

    | | /* 87.98 */            if(e is UnittestTimeoutException) {

    | | /* 87.99 */                throw e

    | | /* 87.100 */            }

    | | /* 87.101 */            

    | | /* 87.102 */            e

    | | /* 87.103 */        }

    | | /* 87.104 */    } catch(e: Exception) {

    | | /* 87.105 */        

    | | /* 87.106 */        

    | | /* 87.107 */        if(e is AssertException || e is AssertIntermediateException || e is UnittestTimeoutExceptio
n) {

    | | /* 87.108 */            throw e

    | | /* 87.109 */        }

    | | /* 87.110 */        

    | | /* 87.111 */        expectCaughtUnexpectedE("@ExpectThrows(Exception)", "Exception", e.toString())

    | | /* 87.112 */        None < Exception >

    | | /* 87.113 */    }

    | | /* 87.114 */    

    | | /* 87.115 */    expectEqual("bad.errorCode", "\"protocol-error\"", bad.errorCode, "protocol-error", isDelta: fa
lse,)

    | | /* 87.116 */}

    | | /* 87.117 */

    | | /* 87.118 */

    | | /* 87.119 */interface TestPackageExtension_TestCase_sseRejectsUnboundedLineAndDamagedUtf8 {

    | | /* 87.120 */    func registerTestCase_sseRejectsUnboundedLineAndDamagedUtf8(): Unit

    | | /* 87.121 */}

    | | /* 87.122 */extend TestPackage <: TestPackageExtension_TestCase_sseRejectsUnboundedLineAndDamagedUtf8 {

    | | /* 87.123 */    @Attribute[TEST_REGISTER]

    | | /* 87.124 */    public func registerTestCase_sseRejectsUnboundedLineAndDamagedUtf8() {

    | | /* 87.125 */        registerSuite({ => TestCase_sseRejectsUnboundedLineAndDamagedUtf8().asTestSuite() })

    | | /* 87.126 */    }

    | | /* 87.127 */}

    | | /* 87.128 */

    | |____________^

    | 

note[0m: the warning occurs after the macro is expanded

  ==> D:\Project\sa\saai\sa-code\core\src\sse_test.cj:87:1:

   | 

87 |   @Test

   |  _^

88 | | func sseRejectsUnboundedLineAndDamagedUtf8() {

   | | ...

99 | | }

   | |_^

   | 



warning[0m: unused expression

    | 

    | /* 87.71 */        None < Exception >

    |                    ^^^^^^^^^^^^^^^^^^ unused expression

    | 

    # note: this warning can be suppressed by setting the compiler option `-Woff unused`

note[0m: the warning occurs after the macro is expanded

  ==> D:\Project\sa\saai\sa-code\core\src\sse_test.cj:87:1:

   | 

87 |   @Test

   |  _^

88 | | func sseRejectsUnboundedLineAndDamagedUtf8() {

   | | ...

99 | | }

   | |_^

   | 



warning[0m: unused expression

    | 

    | /* 98.59 */            None < Exception >

    |                        ^^^^^^^^^^^^^^^^^^ unused expression

    | 

    # note: this warning can be suppressed by setting the compiler option `-Woff unused`

note[0m: the code after the macro is expanded as follows

    | 

    |   /* 98.1 */@Attribute[TEST_GENERATED] class TestCase_modelToolsKeepFirstIdentityAcrossExplicitEmptySseIds <: Tes
tClass {

    |  _^

    | | /* 98.2 */    init() {

    | | /* 98.3 */    }

    | | /* 98.4 */    private func classConfiguration(): Configuration {

    | | /* 98.5 */        let configuration = Configuration()

    | | /* 98.6 */        configuration.set(KeyFromTopLevel.fromTopLevel, true)

    | | /* 98.7 */        

    | | /* 98.8 */        return configuration

    | | /* 98.9 */    }

    | | /* 98.10 */    public override func asTestSuite(): TestSuite {

    | | /* 98.11 */        

    | | /* 98.12 */        let suiteConfiguration = classConfiguration()

    | | /* 98.13 */        let suiteBuilder = TestSuite.builder("TestCase_modelToolsKeepFirstIdentityAcrossExplicitEmpt
ySseIds").configure(suiteConfiguration)

    | | /* 98.14 */        

    | | /* 98.15 */        { => let caseConfig = Configuration()

    | | /* 98.16 */            caseConfig.set(KeyFromTopLevel.fromTopLevel, true)

    | | /* 98.17 */            

    | | /* 98.18 */            let modelToolsKeepFirstIdentityAcrossExplicitEmptySseIdsTestFunc = { => modelToolsKeepFi
rstIdentityAcrossExplicitEmptySseIds();() }

    | | /* 98.19 */            suiteBuilder.add(

    | | /* 98.20 */            UnitTestCase.create(

    | | /* 98.21 */            "modelToolsKeepFirstIdentityAcrossExplicitEmptySseIds",

    | | /* 98.22 */            configuration: caseConfig,

    | | /* 98.23 */            body: modelToolsKeepFirstIdentityAcrossExplicitEmptySseIdsTestFunc

    | | /* 98.24 */            )

    | | /* 98.25 */            )

    | | /* 98.26 */            

    | | /* 98.27 */        }()

    | | /* 98.28 */        

    | | /* 98.29 */        return suiteBuilder.build()

    | | /* 98.30 */    }

    | | /* 98.31 */    private func inheritedFromClassAnnotatedByTestTemplate < T >(): TestSuite where T <: TestClass {

    | | /* 98.32 */        throw Exception("Unreachable code")

    | | /* 98.33 */    }

    | | /* 98.34 */}

    | | /* 98.35 */func modelToolsKeepFirstIdentityAcrossExplicitEmptySseIds() {

    | | /* 98.36 */    let buf = ByteBuffer()

    | | /* 98.37 */    appendSse(buf, "data: {\"choices\":[{\"index\":0,\"delta\":{\"tool_calls\":[{\"index\":0,\"id\":
\"first-id\",\"function\":{\"name\":\"todo_write\",\"arguments\":\"{\"}}]},\"finish_reason\":null}]}\n\n")

    | | /* 98.38 */    appendSse(buf, "data: {\"choices\":[{\"index\":0,\"delta\":{\"tool_calls\":[{\"index\":0,\"id\":
\"\",\"function\":{\"name\":\"\",\"arguments\":\"\\\"todos\\\":[] }\"}}]},\"finish_reason\":null}]}\n\n")

    | | /* 98.39 */    appendSse(buf, "data: {\"choices\":[{\"index\":0,\"delta\":{},\"finish_reason\":\"tool_calls\"}]
}\n\n")

    | | /* 98.40 */    appendSse(buf, "data: [DONE]\n\n")

    | | /* 98.41 */    let provider = RealSseProvider(buf, TurnToken())

    | | /* 98.42 */    let calls = ModelToolCalls()

    | | /* 98.43 */    try {

    | | /* 98.44 */        while(let Some(chunk) <- provider.next()) { if(chunk.kind == "tool-call-delta") { calls.push
(chunk) } }

    | | /* 98.45 */    } finally { provider.close() }

    | | /* 98.46 */    expectEqual("calls.complete()[0].id", "\"first-id\"", calls.complete()[0].id, "first-id", isDelt
a: false,)

    | | /* 98.47 */    expectEqual("calls.complete()[0].name", "\"todo_write\"", calls.complete()[0].name, "todo_write"
, isDelta: false,)

    | | /* 98.48 */    expectEqual("calls.complete()[0].args", "\"{\\\"todos\\\":[] }\"", calls.complete()[0].args, "{\
"todos\":[] }", isDelta: false,)

    | | /* 98.49 */    let missing = ModelToolCalls()

    | | /* 98.50 */    missing.push(Chunk("tool-call-delta", "{}", "", toolIndex: Some(0), toolId: Some(""), toolName: 
Some("todo_write")))

    | | /* 98.51 */    

    | | /* 98.52 */    try {

    | | /* 98.53 */        try {

    | | /* 98.54 */            assertEqual("true", "true", true, true)

    | | /* 98.55 */            

    | | /* 98.56 */            missing.complete()

    | | /* 98.57 */            

    | | /* 98.58 */            failExpect("@ExpectThrows: Expected 'Exception' was not caught.")

    | | /* 98.59 */            None < Exception >

    | | /* 98.60 */        } catch(e: Exception) {

    | | /* 98.61 */            

    | | /* 98.62 */            if(e is AssertException) {

    | | /* 98.63 */                throw e

    | | /* 98.64 */            }

    | | /* 98.65 */            

    | | /* 98.66 */            if(e is AssertIntermediateException) {

    | | /* 98.67 */                throw e

    | | /* 98.68 */            }

    | | /* 98.69 */            

    | | /* 98.70 */            if(e is UnittestTimeoutException) {

    | | /* 98.71 */                throw e

    | | /* 98.72 */            }

    | | /* 98.73 */            

    | | /* 98.74 */            e

    | | /* 98.75 */        }

    | | /* 98.76 */    } catch(e: Exception) {

    | | /* 98.77 */        

    | | /* 98.78 */        

    | | /* 98.79 */        if(e is AssertException || e is AssertIntermediateException || e is UnittestTimeoutException
) {

    | | /* 98.80 */            throw e

    | | /* 98.81 */        }

    | | /* 98.82 */        

    | | /* 98.83 */        expectCaughtUnexpectedE("@ExpectThrows(Exception)", "Exception", e.toString())

    | | /* 98.84 */        None < Exception >

    | | /* 98.85 */    }

    | | /* 98.86 */    

    | | /* 98.87 */    

    | | /* 98.88 */    try {

    | | /* 98.89 */        try {

    | | /* 98.90 */            assertEqual("true", "true", true, true)

    | | /* 98.91 */            

    | | /* 98.92 */            calls.push(Chunk("tool-call-delta", "", "", toolIndex: Some(0), toolId: Some("other-id")
))

    | | /* 98.93 */            

    | | /* 98.94 */            failExpect("@ExpectThrows: Expected 'Exception' was not caught.")

    | | /* 98.95 */            None < Exception >

    | | /* 98.96 */        } catch(e: Exception) {

    | | /* 98.97 */            

    | | /* 98.98 */            if(e is AssertException) {

    | | /* 98.99 */                throw e

    | | /* 98.100 */            }

    | | /* 98.101 */            

    | | /* 98.102 */            if(e is AssertIntermediateException) {

    | | /* 98.103 */                throw e

    | | /* 98.104 */            }

    | | /* 98.105 */            

    | | /* 98.106 */            if(e is UnittestTimeoutException) {

    | | /* 98.107 */                throw e

    | | /* 98.108 */            }

    | | /* 98.109 */            

    | | /* 98.110 */            e

    | | /* 98.111 */        }

    | | /* 98.112 */    } catch(e: Exception) {

    | | /* 98.113 */        

    | | /* 98.114 */        

    | | /* 98.115 */        if(e is AssertException || e is AssertIntermediateException || e is UnittestTimeoutExceptio
n) {

    | | /* 98.116 */            throw e

    | | /* 98.117 */        }

    | | /* 98.118 */        

    | | /* 98.119 */        expectCaughtUnexpectedE("@ExpectThrows(Exception)", "Exception", e.toString())

    | | /* 98.120 */        None < Exception >

    | | /* 98.121 */    }

    | | /* 98.122 */    

    | | /* 98.123 */}

    | | /* 98.124 */

    | | /* 98.125 */

    | | /* 98.126 */interface TestPackageExtension_TestCase_modelToolsKeepFirstIdentityAcrossExplicitEmptySseIds {

    | | /* 98.127 */    func registerTestCase_modelToolsKeepFirstIdentityAcrossExplicitEmptySseIds(): Unit

    | | /* 98.128 */}

    | | /* 98.129 */extend TestPackage <: TestPackageExtension_TestCase_modelToolsKeepFirstIdentityAcrossExplicitEmptyS
seIds {

    | | /* 98.130 */    @Attribute[TEST_REGISTER]

    | | /* 98.131 */    public func registerTestCase_modelToolsKeepFirstIdentityAcrossExplicitEmptySseIds() {

    | | /* 98.132 */        registerSuite({ => TestCase_modelToolsKeepFirstIdentityAcrossExplicitEmptySseIds().asTestSu
ite() })

    | | /* 98.133 */    }

    | | /* 98.134 */}

    | | /* 98.135 */

    | |____________^

    | 

note[0m: the warning occurs after the macro is expanded

   ==> D:\Project\sa\saai\sa-code\core\src\model_tool_runtime_test.cj:98:1:

    | 

98  |   @Test

    |  _^

99  | | func modelToolsKeepFirstIdentityAcrossExplicitEmptySseIds() {

    | | ...

117 | | }

    | |_^

    | 



warning[0m: unused expression

    | 

    | /* 87.87 */            None < Exception >

    |                        ^^^^^^^^^^^^^^^^^^ unused expression

    | 

    # note: this warning can be suppressed by setting the compiler option `-Woff unused`

note[0m: the warning occurs after the macro is expanded

  ==> D:\Project\sa\saai\sa-code\core\src\sse_test.cj:87:1:

   | 

87 |   @Test

   |  _^

88 | | func sseRejectsUnboundedLineAndDamagedUtf8() {

   | | ...

99 | | }

   | |_^

   | 



warning[0m: unused expression

    | 

    | /* 98.84 */        None < Exception >

    |                    ^^^^^^^^^^^^^^^^^^ unused expression

    | 

    # note: this warning can be suppressed by setting the compiler option `-Woff unused`

note[0m: the warning occurs after the macro is expanded

   ==> D:\Project\sa\saai\sa-code\core\src\model_tool_runtime_test.cj:98:1:

    | 

98  |   @Test

    |  _^

99  | | func modelToolsKeepFirstIdentityAcrossExplicitEmptySseIds() {

    | | ...

117 | | }

    | |_^

    | 



warning[0m: unused expression

    | 

    | /* 87.112 */        None < Exception >

    |                     ^^^^^^^^^^^^^^^^^^ unused expression

    | 

    # note: this warning can be suppressed by setting the compiler option `-Woff unused`

note[0m: the warning occurs after the macro is expanded

  ==> D:\Project\sa\saai\sa-code\core\src\sse_test.cj:87:1:

   | 

87 |   @Test

   |  _^

88 | | func sseRejectsUnboundedLineAndDamagedUtf8() {

   | | ...

99 | | }

   | |_^

   | 



warning[0m: unused expression

    | 

    | /* 124.48 */            None < Exception >

    |                         ^^^^^^^^^^^^^^^^^^ unused expression

    | 

    # note: this warning can be suppressed by setting the compiler option `-Woff unused`

note[0m: the code after the macro is expanded as follows

    | 

    |   /* 124.1 */@Attribute[TEST_GENERATED] class TestCase_sseEventAndQueueLimitsFailClosed <: TestClass {

    |  _^

    | | /* 124.2 */    init() {

    | | /* 124.3 */    }

    | | /* 124.4 */    private func classConfiguration(): Configuration {

    | | /* 124.5 */        let configuration = Configuration()

    | | /* 124.6 */        configuration.set(KeyFromTopLevel.fromTopLevel, true)

    | | /* 124.7 */        

    | | /* 124.8 */        return configuration

    | | /* 124.9 */    }

    | | /* 124.10 */    public override func asTestSuite(): TestSuite {

    | | /* 124.11 */        

    | | /* 124.12 */        let suiteConfiguration = classConfiguration()

    | | /* 124.13 */        let suiteBuilder = TestSuite.builder("TestCase_sseEventAndQueueLimitsFailClosed").configure
(suiteConfiguration)

    | | /* 124.14 */        

    | | /* 124.15 */        { => let caseConfig = Configuration()

    | | /* 124.16 */            caseConfig.set(KeyFromTopLevel.fromTopLevel, true)

    | | /* 124.17 */            

    | | /* 124.18 */            let sseEventAndQueueLimitsFailClosedTestFunc = { => sseEventAndQueueLimitsFailClosed();
() }

    | | /* 124.19 */            suiteBuilder.add(

    | | /* 124.20 */            UnitTestCase.create(

    | | /* 124.21 */            "sseEventAndQueueLimitsFailClosed",

    | | /* 124.22 */            configuration: caseConfig,

    | | /* 124.23 */            body: sseEventAndQueueLimitsFailClosedTestFunc

    | | /* 124.24 */            )

    | | /* 124.25 */            )

    | | /* 124.26 */            

    | | /* 124.27 */        }()

    | | /* 124.28 */        

    | | /* 124.29 */        return suiteBuilder.build()

    | | /* 124.30 */    }

    | | /* 124.31 */    private func inheritedFromClassAnnotatedByTestTemplate < T >(): TestSuite where T <: TestClass 
{

    | | /* 124.32 */        throw Exception("Unreachable code")

    | | /* 124.33 */    }

    | | /* 124.34 */}

    | | /* 124.35 */func sseEventAndQueueLimitsFailClosed() {

    | | /* 124.36 */    let b = ByteBuffer()

    | | /* 124.37 */    let part = String.fromUtf8(Array < UInt8 >(200000, repeat: 32))

    | | /* 124.38 */    for(_ in 0 .. 6) { appendSse(b, "data: ${part}\n") }

    | | /* 124.39 */    let p = RealSseProvider(b, TurnToken())

    | | /* 124.40 */    

    | | /* 124.41 */    try {

    | | /* 124.42 */        try {

    | | /* 124.43 */            assertEqual("true", "true", true, true)

    | | /* 124.44 */            

    | | /* 124.45 */            p.next()

    | | /* 124.46 */            

    | | /* 124.47 */            failExpect("@ExpectThrows: Expected 'Exception' was not caught.")

    | | /* 124.48 */            None < Exception >

    | | /* 124.49 */        } catch(e: Exception) {

    | | /* 124.50 */            

    | | /* 124.51 */            if(e is AssertException) {

    | | /* 124.52 */                throw e

    | | /* 124.53 */            }

    | | /* 124.54 */            

    | | /* 124.55 */            if(e is AssertIntermediateException) {

    | | /* 124.56 */                throw e

    | | /* 124.57 */            }

    | | /* 124.58 */            

    | | /* 124.59 */            if(e is UnittestTimeoutException) {

    | | /* 124.60 */                throw e

    | | /* 124.61 */            }

    | | /* 124.62 */            

    | | /* 124.63 */            e

    | | /* 124.64 */        }

    | | /* 124.65 */    } catch(e: Exception) {

    | | /* 124.66 */        

    | | /* 124.67 */        

    | | /* 124.68 */        if(e is AssertException || e is AssertIntermediateException || e is UnittestTimeoutExceptio
n) {

    | | /* 124.69 */            throw e

    | | /* 124.70 */        }

    | | /* 124.71 */        

    | | /* 124.72 */        expectCaughtUnexpectedE("@ExpectThrows(Exception)", "Exception", e.toString())

    | | /* 124.73 */        None < Exception >

    | | /* 124.74 */    }

    | | /* 124.75 */    

    | | /* 124.76 */    expectEqual("p.errorCode", "\"event-limit\"", p.errorCode, "event-limit", isDelta: false,)

    | | /* 124.77 */    var tools = ""

    | | /* 124.78 */    for(i in 0 .. 1025) {

    | | /* 124.79 */        if(i > 0) { tools += "," }

    | | /* 124.80 */        tools += "{\"index\":${i},\"function\":{\"arguments\":\"x\"}}"

    | | /* 124.81 */    }

    | | /* 124.82 */    let q = ByteBuffer()

    | | /* 124.83 */    appendSse(q, "data: {\"choices\":[{\"index\":0,\"delta\":{\"content\":\"not delivered\",\"tool_
calls\":[${tools}]}}]}\n\n")

    | | /* 124.84 */    let many = RealSseProvider(q, TurnToken())

    | | /* 124.85 */    

    | | /* 124.86 */    try {

    | | /* 124.87 */        try {

    | | /* 124.88 */            assertEqual("true", "true", true, true)

    | | /* 124.89 */            

    | | /* 124.90 */            many.next()

    | | /* 124.91 */            

    | | /* 124.92 */            failExpect("@ExpectThrows: Expected 'Exception' was not caught.")

    | | /* 124.93 */            None < Exception >

    | | /* 124.94 */        } catch(e: Exception) {

    | | /* 124.95 */            

    | | /* 124.96 */            if(e is AssertException) {

    | | /* 124.97 */                throw e

    | | /* 124.98 */            }

    | | /* 124.99 */            

    | | /* 124.100 */            if(e is AssertIntermediateException) {

    | | /* 124.101 */                throw e

    | | /* 124.102 */            }

    | | /* 124.103 */            

    | | /* 124.104 */            if(e is UnittestTimeoutException) {

    | | /* 124.105 */                throw e

    | | /* 124.106 */            }

    | | /* 124.107 */            

    | | /* 124.108 */            e

    | | /* 124.109 */        }

    | | /* 124.110 */    } catch(e: Exception) {

    | | /* 124.111 */        

    | | /* 124.112 */        

    | | /* 124.113 */        if(e is AssertException || e is AssertIntermediateException || e is UnittestTimeoutExcepti
on) {

    | | /* 124.114 */            throw e

    | | /* 124.115 */        }

    | | /* 124.116 */        

    | | /* 124.117 */        expectCaughtUnexpectedE("@ExpectThrows(Exception)", "Exception", e.toString())

    | | /* 124.118 */        None < Exception >

    | | /* 124.119 */    }

    | | /* 124.120 */    

    | | /* 124.121 */    expectEqual("many.errorCode", "\"event-limit\"", many.errorCode, "event-limit", isDelta: false
,)

    | | /* 124.122 */}

    | | /* 124.123 */

    | | /* 124.124 */

    | | /* 124.125 */interface TestPackageExtension_TestCase_sseEventAndQueueLimitsFailClosed {

    | | /* 124.126 */    func registerTestCase_sseEventAndQueueLimitsFailClosed(): Unit

    | | /* 124.127 */}

    | | /* 124.128 */extend TestPackage <: TestPackageExtension_TestCase_sseEventAndQueueLimitsFailClosed {

    | | /* 124.129 */    @Attribute[TEST_REGISTER]

    | | /* 124.130 */    public func registerTestCase_sseEventAndQueueLimitsFailClosed() {

    | | /* 124.131 */        registerSuite({ => TestCase_sseEventAndQueueLimitsFailClosed().asTestSuite() })

    | | /* 124.132 */    }

    | | /* 124.133 */}

    | | /* 124.134 */

    | |_____________^

    | 

note[0m: the warning occurs after the macro is expanded

   ==> D:\Project\sa\saai\sa-code\core\src\sse_test.cj:124:1:

    | 

124 |   @Test

    |  _^

125 | | func sseEventAndQueueLimitsFailClosed() {

    | | ...

142 | | }

    | |_^

    | 



warning[0m: unused expression

    | 

    | /* 124.73 */        None < Exception >

    |                     ^^^^^^^^^^^^^^^^^^ unused expression

    | 

    # note: this warning can be suppressed by setting the compiler option `-Woff unused`

note[0m: the warning occurs after the macro is expanded

   ==> D:\Project\sa\saai\sa-code\core\src\sse_test.cj:124:1:

    | 

124 |   @Test

    |  _^

125 | | func sseEventAndQueueLimitsFailClosed() {

    | | ...

142 | | }

    | |_^

    | 



warning[0m: unused expression

    | 

    | /* 124.93 */            None < Exception >

    |                         ^^^^^^^^^^^^^^^^^^ unused expression

    | 

    # note: this warning can be suppressed by setting the compiler option `-Woff unused`

note[0m: the warning occurs after the macro is expanded

   ==> D:\Project\sa\saai\sa-code\core\src\sse_test.cj:124:1:

    | 

124 |   @Test

    |  _^

125 | | func sseEventAndQueueLimitsFailClosed() {

    | | ...

142 | | }

    | |_^

    | 



warning[0m: unused expression

    | 

    | /* 124.118 */        None < Exception >

    |                      ^^^^^^^^^^^^^^^^^^ unused expression

    | 

    # note: this warning can be suppressed by setting the compiler option `-Woff unused`

note[0m: the warning occurs after the macro is expanded

   ==> D:\Project\sa\saai\sa-code\core\src\sse_test.cj:124:1:

    | 

124 |   @Test

    |  _^

125 | | func sseEventAndQueueLimitsFailClosed() {

    | | ...

142 | | }

    | |_^

    | 



warning[0m: unused expression

    | 

    | /* 144.51 */                None < Exception >

    |                             ^^^^^^^^^^^^^^^^^^ unused expression

    | 

    # note: this warning can be suppressed by setting the compiler option `-Woff unused`

note[0m: the code after the macro is expanded as follows

    | 

    |   /* 144.1 */@Attribute[TEST_GENERATED] class TestCase_sseInvalidProtocolAndUsageFailClosed <: TestClass {

    |  _^

    | | /* 144.2 */    init() {

    | | /* 144.3 */    }

    | | /* 144.4 */    private func classConfiguration(): Configuration {

    | | /* 144.5 */        let configuration = Configuration()

    | | /* 144.6 */        configuration.set(KeyFromTopLevel.fromTopLevel, true)

    | | /* 144.7 */        

    | | /* 144.8 */        return configuration

    | | /* 144.9 */    }

    | | /* 144.10 */    public override func asTestSuite(): TestSuite {

    | | /* 144.11 */        

    | | /* 144.12 */        let suiteConfiguration = classConfiguration()

    | | /* 144.13 */        let suiteBuilder = TestSuite.builder("TestCase_sseInvalidProtocolAndUsageFailClosed").confi
gure(suiteConfiguration)

    | | /* 144.14 */        

    | | /* 144.15 */        { => let caseConfig = Configuration()

    | | /* 144.16 */            caseConfig.set(KeyFromTopLevel.fromTopLevel, true)

    | | /* 144.17 */            

    | | /* 144.18 */            let sseInvalidProtocolAndUsageFailClosedTestFunc = { => sseInvalidProtocolAndUsageFailC
losed();() }

    | | /* 144.19 */            suiteBuilder.add(

    | | /* 144.20 */            UnitTestCase.create(

    | | /* 144.21 */            "sseInvalidProtocolAndUsageFailClosed",

    | | /* 144.22 */            configuration: caseConfig,

    | | /* 144.23 */            body: sseInvalidProtocolAndUsageFailClosedTestFunc

    | | /* 144.24 */            )

    | | /* 144.25 */            )

    | | /* 144.26 */            

    | | /* 144.27 */        }()

    | | /* 144.28 */        

    | | /* 144.29 */        return suiteBuilder.build()

    | | /* 144.30 */    }

    | | /* 144.31 */    private func inheritedFromClassAnnotatedByTestTemplate < T >(): TestSuite where T <: TestClass 
{

    | | /* 144.32 */        throw Exception("Unreachable code")

    | | /* 144.33 */    }

    | | /* 144.34 */}

    | | /* 144.35 */func sseInvalidProtocolAndUsageFailClosed() {

    | | /* 144.36 */    for(json in["{}", "{\"choices\":{}}", "{\"usage\":{\"total_tokens\":-1}}",

    | | /* 144.37 */    "{\"usage\":{\"prompt_tokens\":9223372036854775807,\"completion_tokens\":1}}",

    | | /* 144.38 */    "{\"choices\":[{\"index\":0,\"delta\":{\"content\":42}}]}",

    | | /* 144.39 */    "{\"choices\":[{\"index\":0,\"delta\":{\"tool_calls\":[{\"function\":{\"name\":\"read\"}}]}}]}"
]) {

    | | /* 144.40 */        let b = ByteBuffer()

    | | /* 144.41 */        appendSse(b, "data: ${json}\n\n")

    | | /* 144.42 */        let p = RealSseProvider(b, TurnToken())

    | | /* 144.43 */        

    | | /* 144.44 */        try {

    | | /* 144.45 */            try {

    | | /* 144.46 */                assertEqual("true", "true", true, true)

    | | /* 144.47 */                

    | | /* 144.48 */                p.next()

    | | /* 144.49 */                

    | | /* 144.50 */                failExpect("@ExpectThrows: Expected 'Exception' was not caught.")

    | | /* 144.51 */                None < Exception >

    | | /* 144.52 */            } catch(e: Exception) {

    | | /* 144.53 */                

    | | /* 144.54 */                if(e is AssertException) {

    | | /* 144.55 */                    throw e

    | | /* 144.56 */                }

    | | /* 144.57 */                

    | | /* 144.58 */                if(e is AssertIntermediateException) {

    | | /* 144.59 */                    throw e

    | | /* 144.60 */                }

    | | /* 144.61 */                

    | | /* 144.62 */                if(e is UnittestTimeoutException) {

    | | /* 144.63 */                    throw e

    | | /* 144.64 */                }

    | | /* 144.65 */                

    | | /* 144.66 */                e

    | | /* 144.67 */            }

    | | /* 144.68 */        } catch(e: Exception) {

    | | /* 144.69 */            

    | | /* 144.70 */            

    | | /* 144.71 */            if(e is AssertException || e is AssertIntermediateException || e is UnittestTimeoutExce
ption) {

    | | /* 144.72 */                throw e

    | | /* 144.73 */            }

    | | /* 144.74 */            

    | | /* 144.75 */            expectCaughtUnexpectedE("@ExpectThrows(Exception)", "Exception", e.toString())

    | | /* 144.76 */            None < Exception >

    | | /* 144.77 */        }

    | | /* 144.78 */        

    | | /* 144.79 */        expectEqual("p.errorCode", "\"protocol-error\"", p.errorCode, "protocol-error", isDelta: fa
lse,)

    | | /* 144.80 */    }

    | | /* 144.81 */    let b = ByteBuffer()

    | | /* 144.82 */    appendSse(b, "data: [DONE]\n\n")

    | | /* 144.83 */    let p = RealSseProvider(b, TurnToken())

    | | /* 144.84 */    

    | | /* 144.85 */    try {

    | | /* 144.86 */        try {

    | | /* 144.87 */            assertEqual("true", "true", true, true)

    | | /* 144.88 */            

    | | /* 144.89 */            p.next()

    | | /* 144.90 */            

    | | /* 144.91 */            failExpect("@ExpectThrows: Expected 'Exception' was not caught.")

    | | /* 144.92 */            None < Exception >

    | | /* 144.93 */        } catch(e: Exception) {

    | | /* 144.94 */            

    | | /* 144.95 */            if(e is AssertException) {

    | | /* 144.96 */                throw e

    | | /* 144.97 */            }

    | | /* 144.98 */            

    | | /* 144.99 */            if(e is AssertIntermediateException) {

    | | /* 144.100 */                throw e

    | | /* 144.101 */            }

    | | /* 144.102 */            

    | | /* 144.103 */            if(e is UnittestTimeoutException) {

    | | /* 144.104 */                throw e

    | | /* 144.105 */            }

    | | /* 144.106 */            

    | | /* 144.107 */            e

    | | /* 144.108 */        }

    | | /* 144.109 */    } catch(e: Exception) {

    | | /* 144.110 */        

    | | /* 144.111 */        

    | | /* 144.112 */        if(e is AssertException || e is AssertIntermediateException || e is UnittestTimeoutExcepti
on) {

    | | /* 144.113 */            throw e

    | | /* 144.114 */        }

    | | /* 144.115 */        

    | | /* 144.116 */        expectCaughtUnexpectedE("@ExpectThrows(Exception)", "Exception", e.toString())

    | | /* 144.117 */        None < Exception >

    | | /* 144.118 */    }

    | | /* 144.119 */    

    | | /* 144.120 */    expectEqual("p.doneReceived", "true", p.doneReceived, true, isDelta: false,)

    | | /* 144.121 */    expectEqual("p.errorCode", "\"protocol-error\"", p.errorCode, "protocol-error", isDelta: false
,)

    | | /* 144.122 */}

    | | /* 144.123 */

    | | /* 144.124 */

    | | /* 144.125 */interface TestPackageExtension_TestCase_sseInvalidProtocolAndUsageFailClosed {

    | | /* 144.126 */    func registerTestCase_sseInvalidProtocolAndUsageFailClosed(): Unit

    | | /* 144.127 */}

    | | /* 144.128 */extend TestPackage <: TestPackageExtension_TestCase_sseInvalidProtocolAndUsageFailClosed {

    | | /* 144.129 */    @Attribute[TEST_REGISTER]

    | | /* 144.130 */    public func registerTestCase_sseInvalidProtocolAndUsageFailClosed() {

    | | /* 144.131 */        registerSuite({ => TestCase_sseInvalidProtocolAndUsageFailClosed().asTestSuite() })

    | | /* 144.132 */    }

    | | /* 144.133 */}

    | | /* 144.134 */

    | |_____________^

    | 

note[0m: the warning occurs after the macro is expanded

   ==> D:\Project\sa\saai\sa-code\core\src\sse_test.cj:144:1:

    | 

144 |   @Test

    |  _^

145 | | func sseInvalidProtocolAndUsageFailClosed() {

    | | ...

162 | | }

    | |_^

    | 



warning[0m: unused expression

    | 

    | /* 144.76 */            None < Exception >

    |                         ^^^^^^^^^^^^^^^^^^ unused expression

    | 

    # note: this warning can be suppressed by setting the compiler option `-Woff unused`

note[0m: the warning occurs after the macro is expanded

   ==> D:\Project\sa\saai\sa-code\core\src\sse_test.cj:144:1:

    | 

144 |   @Test

    |  _^

145 | | func sseInvalidProtocolAndUsageFailClosed() {

    | | ...

162 | | }

    | |_^

    | 



warning[0m: unused expression

    | 

    | /* 144.92 */            None < Exception >

    |                         ^^^^^^^^^^^^^^^^^^ unused expression

    | 

    # note: this warning can be suppressed by setting the compiler option `-Woff unused`

note[0m: the warning occurs after the macro is expanded

   ==> D:\Project\sa\saai\sa-code\core\src\sse_test.cj:144:1:

    | 

144 |   @Test

    |  _^

145 | | func sseInvalidProtocolAndUsageFailClosed() {

    | | ...

162 | | }

    | |_^

    | 



warning[0m: unused expression

    | 

    | /* 144.117 */        None < Exception >

    |                      ^^^^^^^^^^^^^^^^^^ unused expression

    | 

    # note: this warning can be suppressed by setting the compiler option `-Woff unused`

note[0m: the warning occurs after the macro is expanded

   ==> D:\Project\sa\saai\sa-code\core\src\sse_test.cj:144:1:

    | 

144 |   @Test

    |  _^

145 | | func sseInvalidProtocolAndUsageFailClosed() {

    | | ...

162 | | }

    | |_^

    | 



warning[0m: unused expression

     | 

     | /* 266.51 */            None < Exception >

     |                         ^^^^^^^^^^^^^^^^^^ unused expression

     | 

     # note: this warning can be suppressed by setting the compiler option `-Woff unused`

note[0m: the code after the macro is expanded as follows

     | 

     |   /* 266.1 */@Attribute[TEST_GENERATED] class TestCase_sseMalformedLineFails <: TestClass {

     |  _^

     | | /* 266.2 */    init() {

     | | /* 266.3 */    }

     | | /* 266.4 */    private func classConfiguration(): Configuration {

     | | /* 266.5 */        let configuration = Configuration()

     | | /* 266.6 */        configuration.set(KeyFromTopLevel.fromTopLevel, true)

     | | /* 266.7 */        

     | | /* 266.8 */        return configuration

     | | /* 266.9 */    }

     | | /* 266.10 */    public override func asTestSuite(): TestSuite {

     | | /* 266.11 */        

     | | /* 266.12 */        let suiteConfiguration = classConfiguration()

     | | /* 266.13 */        let suiteBuilder = TestSuite.builder("TestCase_sseMalformedLineFails").configure(suiteConf
iguration)

     | | /* 266.14 */        

     | | /* 266.15 */        { => let caseConfig = Configuration()

     | | /* 266.16 */            caseConfig.set(KeyFromTopLevel.fromTopLevel, true)

     | | /* 266.17 */            

     | | /* 266.18 */            let sseMalformedLineFailsTestFunc = { => sseMalformedLineFails();() }

     | | /* 266.19 */            suiteBuilder.add(

     | | /* 266.20 */            UnitTestCase.create(

     | | /* 266.21 */            "sseMalformedLineFails",

     | | /* 266.22 */            configuration: caseConfig,

     | | /* 266.23 */            body: sseMalformedLineFailsTestFunc

     | | /* 266.24 */            )

     | | /* 266.25 */            )

     | | /* 266.26 */            

     | | /* 266.27 */        }()

     | | /* 266.28 */        

     | | /* 266.29 */        return suiteBuilder.build()

     | | /* 266.30 */    }

     | | /* 266.31 */    private func inheritedFromClassAnnotatedByTestTemplate < T >(): TestSuite where T <: TestClass
 {

     | | /* 266.32 */        throw Exception("Unreachable code")

     | | /* 266.33 */    }

     | | /* 266.34 */}

     | | /* 266.35 */func sseMalformedLineFails() {

     | | /* 266.36 */    let token = TurnToken()

     | | /* 266.37 */    let buf = ByteBuffer()

     | | /* 266.38 */    appendSse(buf, ": SSE comment\n\n")

     | | /* 266.39 */    appendSse(buf, "data: {bad json}\n\n")

     | | /* 266.40 */    appendSse(buf, "data: {\"choices\":[{\"delta\":{\"content\":\"ok\"},\"finish_reason\":null}]}\
n\n")

     | | /* 266.41 */    appendSse(buf, "data: [DONE]\n\n")

     | | /* 266.42 */    let p = RealSseProvider(buf, token)

     | | /* 266.43 */    

     | | /* 266.44 */    try {

     | | /* 266.45 */        try {

     | | /* 266.46 */            assertEqual("true", "true", true, true)

     | | /* 266.47 */            

     | | /* 266.48 */            p.next()

     | | /* 266.49 */            

     | | /* 266.50 */            failExpect("@ExpectThrows: Expected 'Exception' was not caught.")

     | | /* 266.51 */            None < Exception >

     | | /* 266.52 */        } catch(e: Exception) {

     | | /* 266.53 */            

     | | /* 266.54 */            if(e is AssertException) {

     | | /* 266.55 */                throw e

     | | /* 266.56 */            }

     | | /* 266.57 */            

     | | /* 266.58 */            if(e is AssertIntermediateException) {

     | | /* 266.59 */                throw e

     | | /* 266.60 */            }

     | | /* 266.61 */            

     | | /* 266.62 */            if(e is UnittestTimeoutException) {

     | | /* 266.63 */                throw e

     | | /* 266.64 */            }

     | | /* 266.65 */            

     | | /* 266.66 */            e

     | | /* 266.67 */        }

     | | /* 266.68 */    } catch(e: Exception) {

     | | /* 266.69 */        

     | | /* 266.70 */        

     | | /* 266.71 */        if(e is AssertException || e is AssertIntermediateException || e is UnittestTimeoutExcepti
on) {

     | | /* 266.72 */            throw e

     | | /* 266.73 */        }

     | | /* 266.74 */        

     | | /* 266.75 */        expectCaughtUnexpectedE("@ExpectThrows(Exception)", "Exception", e.toString())

     | | /* 266.76 */        None < Exception >

     | | /* 266.77 */    }

     | | /* 266.78 */    

     | | /* 266.79 */    p.close()

     | | /* 266.80 */}

     | | /* 266.81 */

     | | /* 266.82 */

     | | /* 266.83 */interface TestPackageExtension_TestCase_sseMalformedLineFails {

     | | /* 266.84 */    func registerTestCase_sseMalformedLineFails(): Unit

     | | /* 266.85 */}

     | | /* 266.86 */extend TestPackage <: TestPackageExtension_TestCase_sseMalformedLineFails {

     | | /* 266.87 */    @Attribute[TEST_REGISTER]

     | | /* 266.88 */    public func registerTestCase_sseMalformedLineFails() {

     | | /* 266.89 */        registerSuite({ => TestCase_sseMalformedLineFails().asTestSuite() })

     | | /* 266.90 */    }

     | | /* 266.91 */}

     | | /* 266.92 */

     | |____________^

     | 

note[0m: the warning occurs after the macro is expanded

   ==> D:\Project\sa\saai\sa-code\core\src\sse_test.cj:266:1:

    | 

266 |   @Test

    |  _^

267 | | func sseMalformedLineFails() {

    | | ...

277 | | }

    | |_^

    | 



warning[0m: unused expression

     | 

     | /* 266.76 */        None < Exception >

     |                     ^^^^^^^^^^^^^^^^^^ unused expression

     | 

     # note: this warning can be suppressed by setting the compiler option `-Woff unused`

note[0m: the warning occurs after the macro is expanded

   ==> D:\Project\sa\saai\sa-code\core\src\sse_test.cj:266:1:

    | 

266 |   @Test

    |  _^

267 | | func sseMalformedLineFails() {

    | | ...

277 | | }

    | |_^

    | 



131 warnings generated, 131 warnings printed.

ld.lld: error: failed to write the output file: Permission denied

error: ""D:\\Program Files\\HuaWei\\Cangjie\\third_party\\llvm\\bin\\ld.lld.exe" "-o" "D:\\Project\\sa\\saai\\sa-code\\
core\\target\\release\\unittest_bin\\core.exe" "--nxcompat" "--dynamicbase" "--high-entropy-va" "-m" "i386pep" "-Bdynam
ic" "D:\\Program Files\\HuaWei\\Cangjie\\third_party\\mingw\\lib\\crt2.o" "D:\\Program Files\\HuaWei\\Cangjie\\third_pa
rty\\mingw\\lib\\crtbegin.o" "-LD:\\Program Files\\HuaWei\\Cangjie\\third_party\\mingw\\lib\\" "-LD:\\Project\\sa\\saai
\\sa-code\\core\\target\\release\\core" "-LC:\\Users\\jingg\\stdx-work\\stdx-1.1.3.1\\windows_x86_64_cjnative\\dynamic\
\stdx" "-LD:\\Program Files\\HuaWei\\Cangjie\\lib\\windows_x86_64_cjnative" "-LD:\\Program Files\\HuaWei\\Cangjie\\runt
ime\\lib\\windows_x86_64_cjnative" "-L/lib" "-L/x86_64-w64-mingw32/lib" "-LD:\\Program Files\\HuaWei\\Cangjie\\third_pa
rty\\mingw\\lib\\" "D:\\Program Files\\HuaWei\\Cangjie\\lib\\windows_x86_64_cjnative\\section.o" "D:\\Program Files\\Hu
aWei\\Cangjie\\lib\\windows_x86_64_cjnative\\cjstart.o" "C:\\Users\\jingg\\AppData\\Local\\Temp\\cangjie-tmp-DLX1QCPCS2
7K-51c0f879\\core$test.o" "-lcore" "-lstdx.encoding.json" "-lstdx.serialization.serialization" "-lstdx.net.tls" "-lstdx
.net.http" "-lstdx.net.tls.common" "-lstdx.logger" "-lstdx.log" "-lstdx.encoding.url" "-lstdx.encoding.json.stream" "-l
stdx.crypto.x509" "-lstdx.crypto.keys" "-lstdx.encoding.hex" "-lstdx.crypto.crypto" "-lstdx.crypto.digest" "-lstdx.cryp
to.common" "-lstdx.encoding.base64" "--start-group" "-l:libcangjie-std-binary.a" "-l:libcangjie-std-collection.a" "-l:l
ibcangjie-std-collection.concurrent.a" "-l:libcangjie-std-console.a" "-l:libcangjie-std-convert.a" "-l:libcangjie-std-c
ore.a" "-l:libcangjie-std-crypto.cipher.a" "-l:libcangjie-std-crypto.digest.a" "-l:libcangjie-std-env.a" "-l:libcangjie
-std-fs.a" "-l:libcangjie-std-interop.a" "-l:libcangjie-std-io.a" "-l:libcangjie-std-math.a" "-l:libcangjie-std-math.nu
meric.a" "-l:libcangjie-std-net.a" "-l:libcangjie-std-overflow.a" "-l:libcangjie-std-process.a" "-l:libcangjie-std-rand
om.a" "-l:libcangjie-std-regex.a" "-l:libcangjie-std-runtime.a" "-l:libcangjie-std-sort.a" "-l:libcangjie-std-sync.a" "
-l:libcangjie-std-time.a" "-l:libcangjie-std-unicode.a" "-l:libcangjie-std-unittest.a" "-l:libcangjie-std-unittest.comm
on.a" "-l:libcangjie-std-unittest.diff.a" "-l:libcangjie-std-unittest.mock.a" "-l:libcangjie-std-unittest.mock.internal
.a" "-l:libcangjie-std-unittest.prop_test.a" "-l:libws2_32.a" "--end-group" "-l:libcangjie-runtime.dll" "-lclang_rt-bui
ltins" "-lboundscheck" "-lm" "-lmsvcrt" "-lmingw32" "-lmoldname" "-lmingwex" "-lmingw32" "-lmsvcrt" "-lpthread" "-ladva
pi32" "-lshell32" "-luser32" "-lkernel32" "-lmingw32" "-lmoldname" "-lmingwex" "-lmsvcrt" "D:\\Program Files\\HuaWei\\C
angjie\\third_party\\mingw\\lib\\crtend.o" ": command failed with exit code 1 (use -V to see invocation)

Error: cjpm test failed
